✖ budgets: increasing capacity preserves nodes/fractions/priority; decreasing retires globally oldest with deterministic ties (6624.245857ms)
✖ budgets: zero emissions preserves history; zero retention trims all, refuses safely and recovers without debt (2.050131ms)
✖ budgets: actual upper-budget admissions exceed both retired immutable ceilings (12.650987ms)
✖ budgets: runtime synchronization preserves governor identity, trim precedes render, injection is isolated (1.27565ms)
✖ budgets: canonical lifecycle, preset replacement and default reset never restore stale policy (2.897203ms)
✖ integrated: 200 lifecycle/policy churn cycles preserve survivors, release replaced owners and retain bounded scheduling work (6.238557ms)
✖ integrated: unordered transfer, TTL edits, oldest trim and empty-tail spacing preserve ownership (0.679058ms)
✖ unordered supported timestamps use safe fallback; transfer/eviction/reset preserve or restore ordering flag (0.800812ms)
✖ failing tests:
✖ budgets: increasing capacity preserves nodes/fractions/priority; decreasing retires globally oldest with deterministic ties (6624.245857ms)
  AssertionError [ERR_ASSERTION]: Expected values to be strictly deep-equal:
✖ budgets: zero emissions preserves history; zero retention trims all, refuses safely and recovers without debt (2.050131ms)
  AssertionError [ERR_ASSERTION]: Expected values to be strictly equal:
✖ budgets: actual upper-budget admissions exceed both retired immutable ceilings (12.650987ms)
  AssertionError [ERR_ASSERTION]: Expected values to be strictly equal:
✖ budgets: runtime synchronization preserves governor identity, trim precedes render, injection is isolated (1.27565ms)
  AssertionError [ERR_ASSERTION]: Expected values to be strictly equal:
✖ budgets: canonical lifecycle, preset replacement and default reset never restore stale policy (2.897203ms)
  AssertionError [ERR_ASSERTION]: Expected values to be strictly equal:
✖ integrated: 200 lifecycle/policy churn cycles preserve survivors, release replaced owners and retain bounded scheduling work (6.238557ms)
  AssertionError [ERR_ASSERTION]: The expression evaluated to a falsy value:
✖ integrated: unordered transfer, TTL edits, oldest trim and empty-tail spacing preserve ownership (0.679058ms)
  AssertionError [ERR_ASSERTION]: Expected values to be strictly deep-equal:
✖ unordered supported timestamps use safe fallback; transfer/eviction/reset preserve or restore ordering flag (0.800812ms)
  AssertionError [ERR_ASSERTION]: Expected values to be strictly equal:

      at TestContext.<anonymous> (file:///tmp/auralprint-final-mutations-ur2mw_3b/tests/rc15-timing-performance.test.js:119:155)
      at Test.runInAsyncScope (node:async_hooks:227:14)
      at Test.run (node:internal/test_runner/test:1382:25)
      at Test.processPendingSubtests (node:internal/test_runner/test:960:18)
      at Test.postRun (node:internal/test_runner/test:1522:19)
      at Test.run (node:internal/test_runner/test:1447:12)
      at async Test.processPendingSubtests (node:internal/test_runner/test:960:7) {
    generatedMessage: true,
    code: 'ERR_ASSERTION',
    actual: false,
    expected: true,
    operator: 'strictEqual',
    diff: 'simple'
  }
