✖ integrated: unordered transfer, TTL edits, oldest trim and empty-tail spacing preserve ownership (1.407128ms)
✖ unordered supported timestamps use safe fallback; transfer/eviction/reset preserve or restore ordering flag (0.668712ms)
✖ failing tests:
✖ integrated: unordered transfer, TTL edits, oldest trim and empty-tail spacing preserve ownership (1.407128ms)
  AssertionError [ERR_ASSERTION]: Expected values to be strictly deep-equal:
✖ unordered supported timestamps use safe fallback; transfer/eviction/reset preserve or restore ordering flag (0.668712ms)
  AssertionError [ERR_ASSERTION]: Expected values to be strictly equal:

      at TestContext.<anonymous> (file:///tmp/auralprint-final-mutations-ur2mw_3b/tests/rc15-timing-performance.test.js:117:119)
      at Test.runInAsyncScope (node:async_hooks:227:14)
      at Test.run (node:internal/test_runner/test:1382:25)
      at Test.processPendingSubtests (node:internal/test_runner/test:960:18)
      at Test.postRun (node:internal/test_runner/test:1522:19)
      at Test.run (node:internal/test_runner/test:1447:12)
      at async Test.processPendingSubtests (node:internal/test_runner/test:960:7) {
    generatedMessage: true,
    code: 'ERR_ASSERTION',
    actual: 1,
    expected: 4,
    operator: 'strictEqual',
    diff: 'simple'
  }
