✖ budgets: one integer normalization contract for sanitation, resolution and active governor (6.41233ms)
✖ budgets: schema 10 zero/upper limits round trip, historical missing defaults and Orb spacing survive (1.039132ms)
✖ budgets: actual upper-budget admissions exceed both retired immutable ceilings (3.872138ms)
✖ RC-15 phase 2: default budgets are independent and frozen; governor state is absent from presets (0.767271ms)
✖ motion policy is ephemeral; schema-10 budgets/spacing persist with no new timing field (0.563072ms)
✖ budget numeric editing commits change only, refuses invalid/empty, preserves focus and listener identity (0.899741ms)
✖ failing tests:
✖ budgets: one integer normalization contract for sanitation, resolution and active governor (6.41233ms)
  AssertionError [ERR_ASSERTION]: Expected values to be strictly equal:
✖ budgets: schema 10 zero/upper limits round trip, historical missing defaults and Orb spacing survive (1.039132ms)
  AssertionError [ERR_ASSERTION]: Expected values to be strictly deep-equal:
✖ budgets: actual upper-budget admissions exceed both retired immutable ceilings (3.872138ms)
  AssertionError [ERR_ASSERTION]: Expected values to be strictly equal:
✖ RC-15 phase 2: default budgets are independent and frozen; governor state is absent from presets (0.767271ms)
  AssertionError [ERR_ASSERTION]: Expected values to be strictly deep-equal:
✖ motion policy is ephemeral; schema-10 budgets/spacing persist with no new timing field (0.563072ms)
  AssertionError [ERR_ASSERTION]: Expected values to be strictly deep-equal:
✖ budget numeric editing commits change only, refuses invalid/empty, preserves focus and listener identity (0.899741ms)
  AssertionError [ERR_ASSERTION]: Expected values to be strictly equal:

      at TestContext.<anonymous> (file:///tmp/auralprint-final-mutations-ur2mw_3b/tests/scene-panel.test.js:171:35)
      at Test.runInAsyncScope (node:async_hooks:227:14)
      at Test.run (node:internal/test_runner/test:1382:25)
      at Test.processPendingSubtests (node:internal/test_runner/test:960:18)
      at Test.postRun (node:internal/test_runner/test:1522:19)
      at Test.run (node:internal/test_runner/test:1447:12)
      at async Test.processPendingSubtests (node:internal/test_runner/test:960:7) {
    generatedMessage: true,
    code: 'ERR_ASSERTION',
    actual: 4,
    expected: 3,
    operator: 'strictEqual',
    diff: 'simple'
  }
