✖ budgets: runtime synchronization preserves governor identity, trim precedes render, injection is isolated (1.969409ms)
✖ budgets: canonical lifecycle, preset replacement and default reset never restore stale policy (2.381713ms)
✖ integrated: 200 lifecycle/policy churn cycles preserve survivors, release replaced owners and retain bounded scheduling work (5.081717ms)
✖ failing tests:
✖ budgets: runtime synchronization preserves governor identity, trim precedes render, injection is isolated (1.969409ms)
  AssertionError [ERR_ASSERTION]: Expected values to be strictly equal:
✖ budgets: canonical lifecycle, preset replacement and default reset never restore stale policy (2.381713ms)
  AssertionError [ERR_ASSERTION]: Expected values to be strictly deep-equal:
✖ integrated: 200 lifecycle/policy churn cycles preserve survivors, release replaced owners and retain bounded scheduling work (5.081717ms)
  AssertionError [ERR_ASSERTION]: The expression evaluated to a falsy value:

      at TestContext.<anonymous> (file:///tmp/auralprint-final-mutations-ur2mw_3b/tests/rc15-integrated-review.test.js:44:168)
      at Test.runInAsyncScope (node:async_hooks:227:14)
      at Test.run (node:internal/test_runner/test:1382:25)
      at Test.processPendingSubtests (node:internal/test_runner/test:960:18)
      at Test.postRun (node:internal/test_runner/test:1522:19)
      at Test.run (node:internal/test_runner/test:1447:12)
      at async Test.processPendingSubtests (node:internal/test_runner/test:960:7) {
    generatedMessage: true,
    code: 'ERR_ASSERTION',
    actual: false,
    expected: true,
    operator: '==',
    diff: 'simple'
  }
