✖ budgets: one integer normalization contract for sanitation, resolution and active governor (3.432673ms)
✖ budgets: schema 10 zero/upper limits round trip, historical missing defaults and Orb spacing survive (1.237702ms)
✖ RC-15 phase 2: default budgets are independent and frozen; governor state is absent from presets (1.59976ms)
✖ motion policy is ephemeral; schema-10 budgets/spacing persist with no new timing field (0.538915ms)
✖ failing tests:
✖ budgets: one integer normalization contract for sanitation, resolution and active governor (3.432673ms)
  AssertionError [ERR_ASSERTION]: Expected values to be strictly deep-equal:
✖ budgets: schema 10 zero/upper limits round trip, historical missing defaults and Orb spacing survive (1.237702ms)
  AssertionError [ERR_ASSERTION]: Expected values to be strictly deep-equal:
✖ RC-15 phase 2: default budgets are independent and frozen; governor state is absent from presets (1.59976ms)
  AssertionError [ERR_ASSERTION]: Expected values to be strictly deep-equal:
✖ motion policy is ephemeral; schema-10 budgets/spacing persist with no new timing field (0.538915ms)
  AssertionError [ERR_ASSERTION]: Expected values to be strictly deep-equal:

      at TestContext.<anonymous> (file:///tmp/auralprint-final-mutations-ur2mw_3b/tests/rc15-timing-performance.test.js:138:145)
      at Test.runInAsyncScope (node:async_hooks:227:14)
      at Test.run (node:internal/test_runner/test:1382:25)
      at Test.processPendingSubtests (node:internal/test_runner/test:960:18)
      at Test.postRun (node:internal/test_runner/test:1522:19)
      at Test.run (node:internal/test_runner/test:1447:12)
      at async Test.processPendingSubtests (node:internal/test_runner/test:960:7) {
    generatedMessage: true,
    code: 'ERR_ASSERTION',
    actual: [Object],
    expected: [Object],
    operator: 'deepStrictEqual',
    diff: 'simple'
  }
