✖ RC-10: rendered Orb lock uses current-frame first Orb after variable deltas and reconciliation (6.2989ms)
ℹ tests 1
ℹ suites 0
ℹ pass 0
ℹ fail 1
ℹ cancelled 0
ℹ skipped 0
ℹ todo 0
ℹ duration_ms 17.703829

✖ failing tests:

test at tests/ring-phase-lock.test.js:10:1
✖ RC-10: rendered Orb lock uses current-frame first Orb after variable deltas and reconciliation (6.2989ms)
  AssertionError [ERR_ASSERTION]: Expected values to be strictly deep-equal:
  + actual - expected

    [
      'clear',
  +   'B',
  +   'A',
      'ring',
  -   'A',
  -   'B'
    ]

      at TestContext.<anonymous> (file:///workspace/Auralprint1/tests/ring-phase-lock.test.js:40:14)
      at Test.runInAsyncScope (node:async_hooks:227:14)
      at Test.run (node:internal/test_runner/test:1382:25)
      at Test.start (node:internal/test_runner/test:1242:17)
      at startSubtestAfterBootstrap (node:internal/test_runner/harness:387:17) {
    generatedMessage: true,
    code: 'ERR_ASSERTION',
    actual: [Array],
    expected: [Array],
    operator: 'deepStrictEqual',
    diff: 'simple'
  }
