TAP version 13
# Subtest: AnalysisFrame represents not-ready analysis without exposing Web Audio objects
ok 1 - AnalysisFrame represents not-ready analysis without exposing Web Audio objects
  ---
  duration_ms: 1.377979
  type: 'test'
  ...
# Subtest: AnalysisFrame exposes ready channel and spectrum data as producer-owned references
ok 2 - AnalysisFrame exposes ready channel and spectrum data as producer-owned references
  ---
  duration_ms: 0.361796
  type: 'test'
  ...
# Subtest: orb routing uses one channel for waveform, full energy, and targeted spectrum
ok 3 - orb routing uses one channel for waveform, full energy, and targeted spectrum
  ---
  duration_ms: 0.321685
  type: 'test'
  ...
# Subtest: a later AnalysisFrame update follows BandBank replacement arrays
ok 4 - a later AnalysisFrame update follows BandBank replacement arrays
  ---
  duration_ms: 0.643721
  type: 'test'
  ...
# Subtest: BandBank rebuild owns distinct reusable L/R/C arrays and replaces all on definition changes
ok 5 - BandBank rebuild owns distinct reusable L/R/C arrays and replaces all on definition changes
  ---
  duration_ms: 1.004045
  type: 'test'
  ...
# Subtest: channel-neutral BandBank computation writes only its target and global dominant is set from C
ok 6 - channel-neutral BandBank computation writes only its target and global dominant is set from C
  ---
  duration_ms: 0.489869
  type: 'test'
  ...
# Subtest: BandBank derives Nyquist-bounded floor geometry without rewriting configuration
ok 7 - BandBank derives Nyquist-bounded floor geometry without rewriting configuration
  ---
  duration_ms: 0.848229
  type: 'test'
  ...
# Subtest: zero-width bands do not consume an energized final FFT bin
ok 8 - zero-width bands do not consume an energized final FFT bin
  ---
  duration_ms: 0.248625
  type: 'test'
  ...
# Subtest: ordinary and ceiling-only Nyquist clamps retain expected effective limits
ok 9 - ordinary and ceiling-only Nyquist clamps retain expected effective limits
  ---
  duration_ms: 0.284008
  type: 'test'
  ...
# Subtest: a configured floor exactly at Nyquist leaves every higher band empty
ok 10 - a configured floor exactly at Nyquist leaves every higher band empty
  ---
  duration_ms: 0.25208
  type: 'test'
  ...
# Subtest: exact targeting preserves sparse selections and explicitly treats empty input as full spectrum
ok 11 - exact targeting preserves sparse selections and explicitly treats empty input as full spectrum
  ---
  duration_ms: 1.46565
  type: 'test'
  ...
# Subtest: range selection validates both bounds without silently clamping or reversing intent
ok 12 - range selection validates both bounds without silently clamping or reversing intent
  ---
  duration_ms: 0.209997
  type: 'test'
  ...
# Subtest: search finds configured names, repeated names, indices, and empty results without changing selection
ok 13 - search finds configured names, repeated names, indices, and empty results without changing selection
  ---
  duration_ms: 0.482268
  type: 'test'
  ...
# Subtest: generated IDs retain ordinary and sparse max-suffix allocation
ok 14 - generated IDs retain ordinary and sparse max-suffix allocation
  ---
  duration_ms: 1.102493
  type: 'test'
  ...
# Subtest: opaque string identities remain unchanged and allow Add and Duplicate
ok 15 - opaque string identities remain unchanged and allow Add and Duplicate
  ---
  duration_ms: 1.446241
  type: 'test'
  ...
# Subtest: collection identity repair reserves later explicit identities
ok 16 - collection identity repair reserves later explicit identities
  ---
  duration_ms: 0.341665
  type: 'test'
  ...
# Subtest: Orb collection normalization allows zero/one/N, preserves order, and repairs IDs deterministically
ok 17 - Orb collection normalization allows zero/one/N, preserves order, and repairs IDs deterministically
  ---
  duration_ms: 0.396468
  type: 'test'
  ...
# Subtest: collection create, duplicate, find, and remove preserve stable identity and deep ownership
ok 18 - collection create, duplicate, find, and remove preserve stable identity and deep ownership
  ---
  duration_ms: 0.379813
  type: 'test'
  ...
# Subtest: ID-aware Orb reconciliation preserves survivors and freshens additions across zero/one/N
ok 19 - ID-aware Orb reconciliation preserves survivors and freshens additions across zero/one/N
  ---
  duration_ms: 1.386401
  type: 'test'
  ...
# Subtest: runtime collection APIs mutate preferences and reconcile Orbs and adapters by stable ID
ok 20 - runtime collection APIs mutate preferences and reconcile Orbs and adapters by stable ID
  ---
  duration_ms: 1.207932
  type: 'test'
  ...
# Subtest: designed phase sync does not teleport live phase until Reset Visuals
ok 21 - designed phase sync does not teleport live phase until Reset Visuals
  ---
  duration_ms: 0.530931
  type: 'test'
  ...
# Subtest: ten differently targeted Orbs reset and advance in same-phase groups
ok 22 - ten differently targeted Orbs reset and advance in same-phase groups
  ---
  duration_ms: 1.370787
  type: 'test'
  ...
# Subtest: dynamic editor supports zero, one, and N Orbs and disables bulk at zero
ok 23 - dynamic editor supports zero, one, and N Orbs and disables bulk at zero
  ---
  duration_ms: 8.621363
  type: 'test'
  ...
# Subtest: editor reconciliation retains roots by ID, reorders nodes, and replaces only structural changes
ok 24 - editor reconciliation retains roots by ID, reorders nodes, and replaces only structural changes
  ---
  duration_ms: 4.204762
  type: 'test'
  ...
# Subtest: generated controls commit by persistent ID after reorder and focusOrb is ID based
ok 25 - generated controls commit by persistent ID after reorder and focusOrb is ID based
  ---
  duration_ms: 2.787374
  type: 'test'
  ...
# Subtest: bulk helper keeps mixed and zero semantics
ok 26 - bulk helper keeps mixed and zero semantics
  ---
  duration_ms: 0.198539
  type: 'test'
  ...
# Subtest: minimum placement distance controls bind by ID, report pixels and mixed state, and retain focus/listeners
ok 27 - minimum placement distance controls bind by ID, report pixels and mixed state, and retain focus/listeners
  ---
  duration_ms: 1.899675
  type: 'test'
  ...
# Subtest: RC-11: mixed Bulk select represents no concrete value and applies every concrete choice once
ok 28 - RC-11: mixed Bulk select represents no concrete value and applies every concrete choice once
  ---
  duration_ms: 4.060954
  type: 'test'
  ...
# Subtest: refresh synchronizes invalidated content without moving stable roots or disturbing focus
ok 29 - refresh synchronizes invalidated content without moving stable roots or disturbing focus
  ---
  duration_ms: 3.666471
  type: 'test'
  ...
# Subtest: programmatic select synchronization keeps generated readouts aligned with selected options
ok 30 - programmatic select synchronization keeps generated readouts aligned with selected options
  ---
  duration_ms: 1.022663
  type: 'test'
  ...
# Subtest: every schema-10 Orb setting has a generated writable control
ok 31 - every schema-10 Orb setting has a generated writable control
  ---
  duration_ms: 0.809661
  type: 'test'
  ...
# Subtest: phase is presented accessibly in degrees and commits radians by stable ID
ok 32 - phase is presented accessibly in degrees and commits radians by stable ID
  ---
  duration_ms: 4.237681
  type: 'test'
  ...
# Subtest: nested controls remain independent and canonical normalization refreshes their values
ok 33 - nested controls remain independent and canonical normalization refreshes their values
  ---
  duration_ms: 1.53163
  type: 'test'
  ...
# Subtest: ten arbitrary-ID Orb cards retain independent phase and nested values
ok 34 - ten arbitrary-ID Orb cards retain independent phase and nested values
  ---
  duration_ms: 3.638308
  type: 'test'
  ...
# Subtest: RC-15 phase 1: individual editor has no overlap controls and stale Bulk controls have no listener
ok 35 - RC-15 phase 1: individual editor has no overlap controls and stale Bulk controls have no listener
  ---
  duration_ms: 1.958724
  type: 'test'
  ...
# Subtest: RC-01: timeout-protected allocation/import gate and direct huge-ID regressions
    # Subtest: exact allocation after ORB9007199254740990
    ok 1 - exact allocation after ORB9007199254740990
      ---
      duration_ms: 1.545131
      type: 'test'
      ...
    # Subtest: exact allocation after ORB9007199254740991
    ok 2 - exact allocation after ORB9007199254740991
      ---
      duration_ms: 0.171979
      type: 'test'
      ...
    # Subtest: exact allocation after ORB9007199254740992
    ok 3 - exact allocation after ORB9007199254740992
      ---
      duration_ms: 0.263808
      type: 'test'
      ...
    # Subtest: exact allocation after ORB9007199254740993
    ok 4 - exact allocation after ORB9007199254740993
      ---
      duration_ms: 0.199941
      type: 'test'
      ...
    # Subtest: exact allocation after ORB9999999999999999999999999999999999999999
    ok 5 - exact allocation after ORB9999999999999999999999999999999999999999
      ---
      duration_ms: 0.129516
      type: 'test'
      ...
    # Subtest: exact allocation after a 400-digit suffix
    ok 6 - exact allocation after a 400-digit suffix
      ---
      duration_ms: 0.129996
      type: 'test'
      ...
    # Subtest: duplicate huge identities repair deterministically without changing order or stealing explicit IDs
    ok 7 - duplicate huge identities repair deterministically without changing order or stealing explicit IDs
      ---
      duration_ms: 1.082633
      type: 'test'
      ...
    # Subtest: audited schema-10 payload decodes, sanitizes and re-encodes with string identities
    ok 8 - audited schema-10 payload decodes, sanitizes and re-encodes with string identities
      ---
      duration_ms: 0.962302
      type: 'test'
      ...
    # Subtest: Add after a single huge-ID import preserves the source and creates a distinct ID
    ok 9 - Add after a single huge-ID import preserves the source and creates a distinct ID
      ---
      duration_ms: 0.639134
      type: 'test'
      ...
    # Subtest: Duplicate after a single huge-ID import preserves the source and creates a distinct ID
    ok 10 - Duplicate after a single huge-ID import preserves the source and creates a distinct ID
      ---
      duration_ms: 0.365402
      type: 'test'
      ...
    # Subtest: real URL decode/sanitize/apply accepts huge IDs and supports runtime Add and Duplicate
    ok 11 - real URL decode/sanitize/apply accepts huge IDs and supports runtime Add and Duplicate
      ---
      duration_ms: 3.38119
      type: 'test'
      ...
    1..11
ok 36 - RC-01: timeout-protected allocation/import gate and direct huge-ID regressions
  ---
  duration_ms: 50.486616
  type: 'test'
  ...
# Subtest: RC-09: URL import reserves later explicit identity before missing-ID fallback and sharing
ok 37 - RC-09: URL import reserves later explicit identity before missing-ID fallback and sharing
  ---
  duration_ms: 2.857129
  type: 'test'
  ...
# Subtest: RC-09: collection owns missing/duplicate repair while valid opaque identities retain configuration
ok 38 - RC-09: collection owns missing/duplicate repair while valid opaque identities retain configuration
  ---
  duration_ms: 5.1382
  type: 'test'
  ...
# Subtest: budgets: one integer normalization contract for sanitation, resolution and active governor
ok 39 - budgets: one integer normalization contract for sanitation, resolution and active governor
  ---
  duration_ms: 6.432362
  type: 'test'
  ...
# Subtest: budgets: schema 10 zero/upper limits round trip, historical missing defaults and Orb spacing survive
ok 40 - budgets: schema 10 zero/upper limits round trip, historical missing defaults and Orb spacing survive
  ---
  duration_ms: 1.973076
  type: 'test'
  ...
# Subtest: budgets: increasing capacity preserves nodes/fractions/priority; decreasing retires globally oldest with deterministic ties
ok 41 - budgets: increasing capacity preserves nodes/fractions/priority; decreasing retires globally oldest with deterministic ties
  ---
  duration_ms: 3.622073
  type: 'test'
  ...
# Subtest: budgets: zero emissions preserves history; zero retention trims all, refuses safely and recovers without debt
ok 42 - budgets: zero emissions preserves history; zero retention trims all, refuses safely and recovers without debt
  ---
  duration_ms: 0.621908
  type: 'test'
  ...
# Subtest: budgets: actual upper-budget admissions exceed both retired immutable ceilings
ok 43 - budgets: actual upper-budget admissions exceed both retired immutable ceilings
  ---
  duration_ms: 21.323391
  type: 'test'
  ...
# Subtest: budgets: fairness survives changing/zero budgets, fractions and spacing remain separate eligibility
ok 44 - budgets: fairness survives changing/zero budgets, fractions and spacing remain separate eligibility
  ---
  duration_ms: 0.485692
  type: 'test'
  ...
# Subtest: budgets: runtime synchronization preserves governor identity, trim precedes render, injection is isolated
ok 45 - budgets: runtime synchronization preserves governor identity, trim precedes render, injection is isolated
  ---
  duration_ms: 1.381063
  type: 'test'
  ...
# Subtest: budgets: canonical lifecycle, preset replacement and default reset never restore stale policy
ok 46 - budgets: canonical lifecycle, preset replacement and default reset never restore stale policy
  ---
  duration_ms: 1.654876
  type: 'test'
  ...
# Subtest: budgets: full 1,048,576 retention boundary is usable, evicts one oldest and trims safely to zero
ok 47 - budgets: full 1,048,576 retention boundary is usable, evicts one oldest and trims safely to zero # SKIP
  ---
  duration_ms: 0.15244
  type: 'test'
  ...
# Subtest: budgets: both zero settings leave Orb motion and free Spectral Ring active, pause still refuses emission
ok 48 - budgets: both zero settings leave Orb motion and free Spectral Ring active, pause still refuses emission
  ---
  duration_ms: 0.382887
  type: 'test'
  ...
# Subtest: integrated: eligible low-rate demand survives sustained competition, reorder and live policy changes without debt
ok 49 - integrated: eligible low-rate demand survives sustained competition, reorder and live policy changes without debt
  ---
  duration_ms: 170.016577
  type: 'test'
  ...
# Subtest: integrated synthetic 16-Orb history: 120 FPS covers TTL rotation; Trace suffix remains independent
ok 50 - integrated synthetic 16-Orb history: 120 FPS covers TTL rotation; Trace suffix remains independent
  ---
  duration_ms: 94.46653
  type: 'test'
  ...
# Subtest: integrated synthetic 16-Orb history: 60 FPS covers TTL rotation; Trace suffix remains independent
ok 51 - integrated synthetic 16-Orb history: 60 FPS covers TTL rotation; Trace suffix remains independent
  ---
  duration_ms: 37.48991
  type: 'test'
  ...
# Subtest: integrated synthetic 16-Orb history: 10 FPS covers TTL rotation; Trace suffix remains independent
ok 52 - integrated synthetic 16-Orb history: 10 FPS covers TTL rotation; Trace suffix remains independent
  ---
  duration_ms: 2.926293
  type: 'test'
  ...
# Subtest: integrated synthetic 16-Orb history: 5 FPS covers TTL rotation; Trace suffix remains independent
ok 53 - integrated synthetic 16-Orb history: 5 FPS covers TTL rotation; Trace suffix remains independent
  ---
  duration_ms: 1.483077
  type: 'test'
  ...
# Subtest: integrated: 200 lifecycle/policy churn cycles preserve survivors, release replaced owners and retain bounded scheduling work
ok 54 - integrated: 200 lifecycle/policy churn cycles preserve survivors, release replaced owners and retain bounded scheduling work
  ---
  duration_ms: 78.945019
  type: 'test'
  ...
# Subtest: integrated: unordered transfer, TTL edits, oldest trim and empty-tail spacing preserve ownership
ok 55 - integrated: unordered transfer, TTL edits, oldest trim and empty-tail spacing preserve ownership
  ---
  duration_ms: 0.471211
  type: 'test'
  ...
# Subtest: integrated: long-running phase modulo stays finite; track reset keeps phase and visual reset restores design
ok 56 - integrated: long-running phase modulo stays finite; track reset keeps phase and visual reset restores design
  ---
  duration_ms: 2.152637
  type: 'test'
  ...
# Subtest: RC-15 phase 1: emitted particles at identical and nearby coordinates coexist until real-time TTL with spacing disabled
ok 57 - RC-15 phase 1: emitted particles at identical and nearby coordinates coexist until real-time TTL with spacing disabled
  ---
  duration_ms: 2.233979
  type: 'test'
  ...
# Subtest: RC-15 phase 1: trail reset clears retained particles and fractional emission state
ok 58 - RC-15 phase 1: trail reset clears retained particles and fractional emission state
  ---
  duration_ms: 0.221313
  type: 'test'
  ...
# Subtest: RC-15 phase 1: development schema-10 overlap input decodes, strips, and preserves all remaining fields
ok 59 - RC-15 phase 1: development schema-10 overlap input decodes, strips, and preserves all remaining fields
  ---
  duration_ms: 2.149222
  type: 'test'
  ...
# Subtest: RC-15 phase 1: timing ceiling is frozen CONFIG authority across codec and preference resolution
ok 60 - RC-15 phase 1: timing ceiling is frozen CONFIG authority across codec and preference resolution
  ---
  duration_ms: 1.98917
  type: 'test'
  ...
# Subtest: RC-15 phase 1: effective simulation delta rejects invalid elapsed time and independently caps manipulated settings
ok 61 - RC-15 phase 1: effective simulation delta rejects invalid elapsed time and independently caps manipulated settings
  ---
  duration_ms: 0.255445
  type: 'test'
  ...
# Subtest: RC-15 phase 1: production animation boundary discards stall time with no later catch-up and keeps real clocks
ok 62 - RC-15 phase 1: production animation boundary discards stall time with no later catch-up and keeps real clocks
  ---
  duration_ms: 2.149141
  type: 'test'
  ...
# Subtest: RC-15 phase 1: per-Orb burst guard is independent of imported timing and bounded by CONFIG rate limits
ok 63 - RC-15 phase 1: per-Orb burst guard is independent of imported timing and bounded by CONFIG rate limits
  ---
  duration_ms: 0.743963
  type: 'test'
  ...
# Subtest: RC-15 phase 2: default budgets are independent and frozen; governor state is absent from presets
ok 64 - RC-15 phase 2: default budgets are independent and frozen; governor state is absent from presets
  ---
  duration_ms: 2.986635
  type: 'test'
  ...
# Subtest: RC-15 phase 2: exact aggregate frame limit with 0 accepted Orbs
ok 65 - RC-15 phase 2: exact aggregate frame limit with 0 accepted Orbs
  ---
  duration_ms: 0.960829
  type: 'test'
  ...
# Subtest: RC-15 phase 2: exact aggregate frame limit with 1 accepted Orbs
ok 66 - RC-15 phase 2: exact aggregate frame limit with 1 accepted Orbs
  ---
  duration_ms: 1.496276
  type: 'test'
  ...
# Subtest: RC-15 phase 2: exact aggregate frame limit with 2 accepted Orbs
ok 67 - RC-15 phase 2: exact aggregate frame limit with 2 accepted Orbs
  ---
  duration_ms: 0.726495
  type: 'test'
  ...
# Subtest: RC-15 phase 2: exact aggregate frame limit with 256 accepted Orbs
ok 68 - RC-15 phase 2: exact aggregate frame limit with 256 accepted Orbs
  ---
  duration_ms: 12.724973
  type: 'test'
  ...
# Subtest: RC-15 phase 2: exact aggregate frame limit with 4096 accepted Orbs
ok 69 - RC-15 phase 2: exact aggregate frame limit with 4096 accepted Orbs
  ---
  duration_ms: 112.889006
  type: 'test'
  ...
# Subtest: RC-15 phase 2: normal 60/120 Hz scenes preserve exact fractional frequency, positions and color
ok 70 - RC-15 phase 2: normal 60/120 Hz scenes preserve exact fractional frequency, positions and color
  ---
  duration_ms: 34.738915
  type: 'test'
  ...
# Subtest: RC-15 phase 2: high, nonfinite and corrupt demand cannot create debt or unbounded loops
ok 71 - RC-15 phase 2: high, nonfinite and corrupt demand cannot create debt or unbounded loops
  ---
  duration_ms: 16.523091
  type: 'test'
  ...
# Subtest: RC-15 phase 2: one-particle quanta and persistent service priority prevent later-Orb starvation with a tiny budget
ok 72 - RC-15 phase 2: one-particle quanta and persistent service priority prevent later-Orb starvation with a tiny budget
  ---
  duration_ms: 1.009943
  type: 'test'
  ...
# Subtest: RC-15 phase 2: fairness skips zero demand, serves unequal rates, wraps and survives reorder/removal/add
ok 73 - RC-15 phase 2: fairness skips zero demand, serves unequal rates, wraps and survives reorder/removal/add
  ---
  duration_ms: 1.269785
  type: 'test'
  ...
# Subtest: RC-15 phase 2: denied whole demand is discarded while fractional remainder stays smooth
ok 74 - RC-15 phase 2: denied whole demand is discarded while fractional remainder stays smooth
  ---
  duration_ms: 1.525601
  type: 'test'
  ...
# Subtest: RC-15 phase 2: pause, stall resume and zero delta do not create a compensating burst or disturb Ring phase
ok 75 - RC-15 phase 2: pause, stall resume and zero delta do not create a compensating burst or disturb Ring phase
  ---
  duration_ms: 5.566606
  type: 'test'
  ...
# Subtest: RC-15 phase 2: exact retention boundaries and same-timestamp oldest ordering retire before insertion
ok 76 - RC-15 phase 2: exact retention boundaries and same-timestamp oldest ordering retire before insertion
  ---
  duration_ms: 0.861569
  type: 'test'
  ...
# Subtest: RC-15 phase 2: oldest means birth timestamp across trails, with independent TTL expiry and replacement
ok 77 - RC-15 phase 2: oldest means birth timestamp across trails, with independent TTL expiry and replacement
  ---
  duration_ms: 0.938615
  type: 'test'
  ...
# Subtest: RC-15 phase 2: actual 16,384-particle cap holds during sustained aggregate overload
ok 78 - RC-15 phase 2: actual 16,384-particle cap holds during sustained aggregate overload
  ---
  duration_ms: 18.894898
  type: 'test'
  ...
# Subtest: RC-15 phase 2: retired particles disappear from actual particle drawing and chronological trace suffix
ok 79 - RC-15 phase 2: retired particles disappear from actual particle drawing and chronological trace suffix
  ---
  duration_ms: 1.098086
  type: 'test'
  ...
# Subtest: RC-15 phase 2: lifecycle removal/reset/disposal releases heap nodes, cursor and scene ownership
ok 80 - RC-15 phase 2: lifecycle removal/reset/disposal releases heap nodes, cursor and scene ownership
  ---
  duration_ms: 0.761619
  type: 'test'
  ...
# Subtest: RC-15 phase 2: canonical Add/Duplicate/Remove, track reset and repeated preset replacement account exactly
ok 81 - RC-15 phase 2: canonical Add/Duplicate/Remove, track reset and repeated preset replacement account exactly
  ---
  duration_ms: 2.465589
  type: 'test'
  ...
# Subtest: RC-15 phase 2: admission itself enforces the shared frame ceiling across direct trail emission paths
ok 82 - RC-15 phase 2: admission itself enforces the shared frame ceiling across direct trail emission paths
  ---
  duration_ms: 0.381435
  type: 'test'
  ...
# Subtest: RC-15 phase 2: heap retirement agrees with an independent oldest model through churn
ok 83 - RC-15 phase 2: heap retirement agrees with an independent oldest model through churn
  ---
  duration_ms: 9.877658
  type: 'test'
  ...
# Subtest: RC-15 phase 2: full adapter rebuild preserves surviving Orb history and clears replaced owners
ok 84 - RC-15 phase 2: full adapter rebuild preserves surviving Orb history and clears replaced owners
  ---
  duration_ms: 0.427805
  type: 'test'
  ...
# Subtest: RC-15 phase 2: periodic low-rate demand cannot starve through cursor/clock alignment
ok 85 - RC-15 phase 2: periodic low-rate demand cannot starve through cursor/clock alignment
  ---
  duration_ms: 0.731894
  type: 'test'
  ...
# Subtest: RC-15 phase 3: immutable admission policy accepts zero and exactly 4096; rejects 4097 before element access
ok 86 - RC-15 phase 3: immutable admission policy accepts zero and exactly 4096; rejects 4097 before element access
  ---
  duration_ms: 31.170272
  type: 'test'
  ...
# Subtest: RC-15 phase 3: admission rejection includes both schema-9 forms, respecting top-level precedence
ok 87 - RC-15 phase 3: admission rejection includes both schema-9 forms, respecting top-level precedence
  ---
  duration_ms: 0.805875
  type: 'test'
  ...
# Subtest: RC-15 phase 3: oversized import/replacement/resolution preserves prior preferences and runtime references
ok 88 - RC-15 phase 3: oversized import/replacement/resolution preserves prior preferences and runtime references
  ---
  duration_ms: 2.376785
  type: 'test'
  ...
# Subtest: RC-15 phase 3: Add/Duplicate refuse at cap before reading identities; no persistent or runtime change
ok 89 - RC-15 phase 3: Add/Duplicate refuse at cap before reading identities; no persistent or runtime change
  ---
  duration_ms: 78.891879
  type: 'test'
  ...
# Subtest: RC-15 phase 3: duplicate-heavy repair is linear in identity reads and preserves late IDs/huge suffixes
ok 90 - RC-15 phase 3: duplicate-heavy repair is linear in identity reads and preserves late IDs/huge suffixes
  ---
  duration_ms: 72.882796
  type: 'test'
  ...
# Subtest: RC-15 phase 3: runtime admission fails before disposal, construction, synchronization or history loss
ok 91 - RC-15 phase 3: runtime admission fails before disposal, construction, synchronization or history loss
  ---
  duration_ms: 1.07409
  type: 'test'
  ...
# Subtest: RC-15 phase 3: normal rendering preserves coordinates, size/age/fade, chronological suffix and trace colors without arrays
ok 92 - RC-15 phase 3: normal rendering preserves coordinates, size/age/fade, chronological suffix and trace colors without arrays
  ---
  duration_ms: 1.826965
  type: 'test'
  ...
# Subtest: RC-15 phase 3: aggregate arcs/trace traversal bounded with 0 Orbs at maximum traces
ok 93 - RC-15 phase 3: aggregate arcs/trace traversal bounded with 0 Orbs at maximum traces
  ---
  duration_ms: 2.680143
  type: 'test'
  ...
# Subtest: RC-15 phase 3: aggregate arcs/trace traversal bounded with 2 Orbs at maximum traces
ok 94 - RC-15 phase 3: aggregate arcs/trace traversal bounded with 2 Orbs at maximum traces
  ---
  duration_ms: 25.427902
  type: 'test'
  ...
# Subtest: RC-15 phase 3: aggregate arcs/trace traversal bounded with 64 Orbs at maximum traces
ok 95 - RC-15 phase 3: aggregate arcs/trace traversal bounded with 64 Orbs at maximum traces
  ---
  duration_ms: 23.098178
  type: 'test'
  ...
# Subtest: RC-15 phase 3: aggregate arcs/trace traversal bounded with 256 Orbs at maximum traces
ok 96 - RC-15 phase 3: aggregate arcs/trace traversal bounded with 256 Orbs at maximum traces
  ---
  duration_ms: 18.751342
  type: 'test'
  ...
# Subtest: RC-15 phase 3: aggregate arcs/trace traversal bounded with 1024 Orbs at maximum traces
ok 97 - RC-15 phase 3: aggregate arcs/trace traversal bounded with 1024 Orbs at maximum traces
  ---
  duration_ms: 34.854088
  type: 'test'
  ...
# Subtest: RC-15 phase 3: aggregate arcs/trace traversal bounded with 4096 Orbs at maximum traces
ok 98 - RC-15 phase 3: aggregate arcs/trace traversal bounded with 4096 Orbs at maximum traces
  ---
  duration_ms: 79.259177
  type: 'test'
  ...
# Subtest: RC-15 phase 3: zero-particle ceiling scene still updates all Orbs and current Ring phase with finite work
ok 99 - RC-15 phase 3: zero-particle ceiling scene still updates all Orbs and current Ring phase with finite work
  ---
  duration_ms: 58.066945
  type: 'test'
  ...
# Subtest: RC-15 phase 3: saturated churn/reorder/reset/replacement leaves no stale heap, trail or allocation ownership
ok 100 - RC-15 phase 3: saturated churn/reorder/reset/replacement leaves no stale heap, trail or allocation ownership
  ---
  duration_ms: 104.052337
  type: 'test'
  ...
# Subtest: RC-15 phase 3: governed preset round-trip keeps schema 10 and omits live state/obsolete overlap
ok 101 - RC-15 phase 3: governed preset round-trip keeps schema 10 and omits live state/obsolete overlap
  ---
  duration_ms: 1.103975
  type: 'test'
  ...
# Subtest: RC-15 phase 3: replaceable Orb lifecycle adapters share governance without depending on extra adapter metadata
ok 102 - RC-15 phase 3: replaceable Orb lifecycle adapters share governance without depending on extra adapter metadata
  ---
  duration_ms: 3.966943
  type: 'test'
  ...
# Subtest: spacing default: first emission, repeated position, below/exact/above threshold, and incremental motion
ok 103 - spacing default: first emission, repeated position, below/exact/above threshold, and incremental motion
  ---
  duration_ms: 2.003792
  type: 'test'
  ...
# Subtest: spacing uses squared two-dimensional distance and only the most recent retained position
ok 104 - spacing uses squared two-dimensional distance and only the most recent retained position
  ---
  duration_ms: 0.397269
  type: 'test'
  ...
# Subtest: CSS spacing and production Orb DPR wiring at DPR 1
ok 105 - CSS spacing and production Orb DPR wiring at DPR 1
  ---
  duration_ms: 0.584662
  type: 'test'
  ...
# Subtest: CSS spacing and production Orb DPR wiring at DPR 2
ok 106 - CSS spacing and production Orb DPR wiring at DPR 2
  ---
  duration_ms: 0.202074
  type: 'test'
  ...
# Subtest: stationary trail becomes eligible after TTL expiry, eviction, or explicit reset without a coordinate cache
ok 107 - stationary trail becomes eligible after TTL expiry, eviction, or explicit reset without a coordinate cache
  ---
  duration_ms: 0.413955
  type: 'test'
  ...
# Subtest: independent Orbs at identical locations admit independently and suppress before shared allocation
ok 108 - independent Orbs at identical locations admit independently and suppress before shared allocation
  ---
  duration_ms: 0.796881
  type: 'test'
  ...
# Subtest: many high-rate stationary Orbs cannot consume fairness slots or starve moving eligible Orbs
ok 109 - many high-rate stationary Orbs cannot consume fairness slots or starve moving eligible Orbs
  ---
  duration_ms: 1.718692
  type: 'test'
  ...
# Subtest: rate below frame rate remains authoritative even after large movement; fractions survive spatial rejection
ok 110 - rate below frame rate remains authoritative even after large movement; fractions survive spatial rejection
  ---
  duration_ms: 2.854755
  type: 'test'
  ...
# Subtest: zero fully bypasses comparisons, preserves duplicate rate demand, and obeys both global ceilings
ok 111 - zero fully bypasses comparisons, preserves duplicate rate demand, and obeys both global ceilings
  ---
  duration_ms: 1.719523
  type: 'test'
  ...
# Subtest: nonzero default still enforces the canonical aggregate ceilings with 1024 useful moving candidates
ok 112 - nonzero default still enforces the canonical aggregate ceilings with 1024 useful moving candidates
  ---
  duration_ms: 81.846001
  type: 'test'
  ...
# Subtest: running spacing changes preserve particles and fractions, and paused runtime emits nothing
ok 113 - running spacing changes preserve particles and fractions, and paused runtime emits nothing
  ---
  duration_ms: 0.986879
  type: 'test'
  ...
# Subtest: schema 10 spacing round trip, absent and invalid values, and obsolete overlap remains unrelated
ok 114 - schema 10 spacing round trip, absent and invalid values, and obsolete overlap remains unrelated
  ---
  duration_ms: 3.555262
  type: 'test'
  ...
# Subtest: canonical creation, duplication, ID reconciliation, preset apply, track/visual reset, rebuild and disposal
ok 115 - canonical creation, duplication, ID reconciliation, preset apply, track/visual reset, rebuild and disposal
  ---
  duration_ms: 1.938343
  type: 'test'
  ...
# Subtest: production callback: 120 FPS chirality -1 integrates one second of motion and independent emission delta
ok 116 - production callback: 120 FPS chirality -1 integrates one second of motion and independent emission delta
  ---
  duration_ms: 7.162192
  type: 'test'
  ...
# Subtest: production callback: 120 FPS chirality 1 integrates one second of motion and independent emission delta
ok 117 - production callback: 120 FPS chirality 1 integrates one second of motion and independent emission delta
  ---
  duration_ms: 3.04989
  type: 'test'
  ...
# Subtest: production callback: 60 FPS chirality -1 integrates one second of motion and independent emission delta
ok 118 - production callback: 60 FPS chirality -1 integrates one second of motion and independent emission delta
  ---
  duration_ms: 1.601866
  type: 'test'
  ...
# Subtest: production callback: 60 FPS chirality 1 integrates one second of motion and independent emission delta
ok 119 - production callback: 60 FPS chirality 1 integrates one second of motion and independent emission delta
  ---
  duration_ms: 1.684962
  type: 'test'
  ...
# Subtest: production callback: 30 FPS chirality -1 integrates one second of motion and independent emission delta
ok 120 - production callback: 30 FPS chirality -1 integrates one second of motion and independent emission delta
  ---
  duration_ms: 1.796129
  type: 'test'
  ...
# Subtest: production callback: 30 FPS chirality 1 integrates one second of motion and independent emission delta
ok 121 - production callback: 30 FPS chirality 1 integrates one second of motion and independent emission delta
  ---
  duration_ms: 1.138177
  type: 'test'
  ...
# Subtest: production callback: 10 FPS chirality -1 integrates one second of motion and independent emission delta
ok 122 - production callback: 10 FPS chirality -1 integrates one second of motion and independent emission delta
  ---
  duration_ms: 0.824693
  type: 'test'
  ...
# Subtest: production callback: 10 FPS chirality 1 integrates one second of motion and independent emission delta
ok 123 - production callback: 10 FPS chirality 1 integrates one second of motion and independent emission delta
  ---
  duration_ms: 0.844264
  type: 'test'
  ...
# Subtest: production callback: 5 FPS chirality -1 integrates one second of motion and independent emission delta
ok 124 - production callback: 5 FPS chirality -1 integrates one second of motion and independent emission delta
  ---
  duration_ms: 0.831104
  type: 'test'
  ...
# Subtest: production callback: 5 FPS chirality 1 integrates one second of motion and independent emission delta
ok 125 - production callback: 5 FPS chirality 1 integrates one second of motion and independent emission delta
  ---
  duration_ms: 0.872867
  type: 'test'
  ...
# Subtest: motion threshold: frozen CONFIG .5, exact boundary, just above, invalid/negative/zero intervals
ok 126 - motion threshold: frozen CONFIG .5, exact boundary, just above, invalid/negative/zero intervals
  ---
  duration_ms: 0.80205
  type: 'test'
  ...
# Subtest: production callback: 120-second stall ages/expires history, retains fractions, no catch-up, recovers
ok 127 - production callback: 120-second stall ages/expires history, retains fractions, no catch-up, recovers
  ---
  duration_ms: 0.69614
  type: 'test'
  ...
# Subtest: production callback: hidden/rebased foreground never integrates missed work; invalid timestamps recover
ok 128 - production callback: hidden/rebased foreground never integrates missed work; invalid timestamps recover
  ---
  duration_ms: 0.939638
  type: 'test'
  ...
# Subtest: Orb lock reads current phase; free Ring/Orb pause freeze while lifetime expires without debt
ok 129 - Orb lock reads current phase; free Ring/Orb pause freeze while lifetime expires without debt
  ---
  duration_ms: 1.334492
  type: 'test'
  ...
# Subtest: slow 5 FPS history spans real TTL motion, fade uses real particle age
ok 130 - slow 5 FPS history spans real TTL motion, fade uses real particle age
  ---
  duration_ms: 1.236014
  type: 'test'
  ...
# Subtest: slow 10 FPS history spans real TTL motion, fade uses real particle age
ok 131 - slow 10 FPS history spans real TTL motion, fade uses real particle age
  ---
  duration_ms: 1.211377
  type: 'test'
  ...
# Subtest: ordered expiry [] at 1: 0 retirements/0 age inspections
ok 132 - ordered expiry [] at 1: 0 retirements/0 age inspections
  ---
  duration_ms: 0.225971
  type: 'test'
  ...
# Subtest: ordered expiry [0] at 0.9: 0 retirements/1 age inspections
ok 133 - ordered expiry [0] at 0.9: 0 retirements/1 age inspections
  ---
  duration_ms: 0.166511
  type: 'test'
  ...
# Subtest: ordered expiry [0] at 1: 1 retirements/1 age inspections
ok 134 - ordered expiry [0] at 1: 1 retirements/1 age inspections
  ---
  duration_ms: 0.091108
  type: 'test'
  ...
# Subtest: ordered expiry [0,0.5,1] at 0.9: 0 retirements/1 age inspections
ok 135 - ordered expiry [0,0.5,1] at 0.9: 0 retirements/1 age inspections
  ---
  duration_ms: 0.055003
  type: 'test'
  ...
# Subtest: ordered expiry [0,0.5,1] at 1: 1 retirements/2 age inspections
ok 136 - ordered expiry [0,0.5,1] at 1: 1 retirements/2 age inspections
  ---
  duration_ms: 0.045568
  type: 'test'
  ...
# Subtest: ordered expiry [0,0.5,1] at 1.5: 2 retirements/3 age inspections
ok 137 - ordered expiry [0,0.5,1] at 1.5: 2 retirements/3 age inspections
  ---
  duration_ms: 0.047752
  type: 'test'
  ...
# Subtest: ordered expiry [0,0.5,1] at 2: 3 retirements/3 age inspections
ok 138 - ordered expiry [0,0.5,1] at 2: 3 retirements/3 age inspections
  ---
  duration_ms: 0.054643
  type: 'test'
  ...
# Subtest: ordered expiry [0,0,0,1] at 1: 3 retirements/4 age inspections
ok 139 - ordered expiry [0,0,0,1] at 1: 3 retirements/4 age inspections
  ---
  duration_ms: 0.050696
  type: 'test'
  ...
# Subtest: 100,000 unexpired ordered particles require one age inspection, including live TTL changes
ok 140 - 100,000 unexpired ordered particles require one age inspection, including live TTL changes
  ---
  duration_ms: 47.205198
  type: 'test'
  ...
# Subtest: unordered supported timestamps use safe fallback; transfer/eviction/reset preserve or restore ordering flag
ok 141 - unordered supported timestamps use safe fallback; transfer/eviction/reset preserve or restore ordering flag
  ---
  duration_ms: 0.480846
  type: 'test'
  ...
# Subtest: different Orb TTLs retire independently, last-tail spacing resumes on empty trail without coordinate cache
ok 142 - different Orb TTLs retire independently, last-tail spacing resumes on empty trail without coordinate cache
  ---
  duration_ms: 0.256697
  type: 'test'
  ...
# Subtest: direct Orb and frame callers retain default delta convention; explicit motion wraps independently
ok 143 - direct Orb and frame callers retain default delta convention; explicit motion wraps independently
  ---
  duration_ms: 0.316868
  type: 'test'
  ...
# Subtest: motion policy is ephemeral; schema-10 budgets/spacing persist with no new timing field
ok 144 - motion policy is ephemeral; schema-10 budgets/spacing persist with no new timing field
  ---
  duration_ms: 1.251657
  type: 'test'
  ...
# Subtest: smaller selected emission delta never slows independent motion
ok 145 - smaller selected emission delta never slows independent motion
  ---
  duration_ms: 0.907759
  type: 'test'
  ...
# Subtest: RC-16: zero
ok 146 - RC-16: zero
  ---
  duration_ms: 1.490949
  type: 'test'
  ...
# Subtest: RC-16: highest
ok 147 - RC-16: highest
  ---
  duration_ms: 0.098228
  type: 'test'
  ...
# Subtest: RC-16: interior
ok 148 - RC-16: interior
  ---
  duration_ms: 0.097027
  type: 'test'
  ...
# Subtest: RC-16: invalid type/value 0
ok 149 - RC-16: invalid type/value 0
  ---
  duration_ms: 0.085129
  type: 'test'
  ...
# Subtest: RC-16: invalid type/value 1
ok 150 - RC-16: invalid type/value 1
  ---
  duration_ms: 0.144067
  type: 'test'
  ...
# Subtest: RC-16: invalid type/value 2
ok 151 - RC-16: invalid type/value 2
  ---
  duration_ms: 0.101333
  type: 'test'
  ...
# Subtest: RC-16: invalid type/value 3
ok 152 - RC-16: invalid type/value 3
  ---
  duration_ms: 0.077847
  type: 'test'
  ...
# Subtest: RC-16: invalid type/value 4
ok 153 - RC-16: invalid type/value 4
  ---
  duration_ms: 0.082074
  type: 'test'
  ...
# Subtest: RC-16: invalid type/value 5
ok 154 - RC-16: invalid type/value 5
  ---
  duration_ms: 0.089014
  type: 'test'
  ...
# Subtest: RC-16: invalid type/value 6
ok 155 - RC-16: invalid type/value 6
  ---
  duration_ms: 0.137798
  type: 'test'
  ...
# Subtest: RC-16: invalid type/value 7
ok 156 - RC-16: invalid type/value 7
  ---
  duration_ms: 0.071999
  type: 'test'
  ...
# Subtest: RC-16: invalid type/value 8
ok 157 - RC-16: invalid type/value 8
  ---
  duration_ms: 0.548217
  type: 'test'
  ...
# Subtest: RC-16: invalid type/value 9
ok 158 - RC-16: invalid type/value 9
  ---
  duration_ms: 0.054833
  type: 'test'
  ...
# Subtest: RC-16: invalid type/value 10
ok 159 - RC-16: invalid type/value 10
  ---
  duration_ms: 0.067432
  type: 'test'
  ...
# Subtest: RC-16: invalid type/value 11
ok 160 - RC-16: invalid type/value 11
  ---
  duration_ms: 0.041412
  type: 'test'
  ...
# Subtest: RC-16: invalid type/value 12
ok 161 - RC-16: invalid type/value 12
  ---
  duration_ms: 0.105869
  type: 'test'
  ...
# Subtest: RC-16: invalid type/value 13
ok 162 - RC-16: invalid type/value 13
  ---
  duration_ms: 0.087142
  type: 'test'
  ...
# Subtest: RC-16: invalid type/value 14
ok 163 - RC-16: invalid type/value 14
  ---
  duration_ms: 0.056045
  type: 'test'
  ...
# Subtest: RC-16: invalid type/value 15
ok 164 - RC-16: invalid type/value 15
  ---
  duration_ms: 0.038087
  type: 'test'
  ...
# Subtest: RC-16: invalid type/value 16
ok 165 - RC-16: invalid type/value 16
  ---
  duration_ms: 0.027762
  type: 'test'
  ...
# Subtest: RC-16: invalid type/value 17
ok 166 - RC-16: invalid type/value 17
  ---
  duration_ms: 0.05328
  type: 'test'
  ...
# Subtest: RC-16: stable first occurrences, fresh arrays, empty/all-invalid collections and legacy names
ok 167 - RC-16: stable first occurrences, fresh arrays, empty/all-invalid collections and legacy names
  ---
  duration_ms: 0.76948
  type: 'test'
  ...
# Subtest: RC-16: independent Orb normalization and duplication retain configuration and ordering
ok 168 - RC-16: independent Orb normalization and duplication retain configuration and ordering
  ---
  duration_ms: 0.557481
  type: 'test'
  ...
# Subtest: RC-16: validated human text remains an explicit numbers-only model boundary
ok 169 - RC-16: validated human text remains an explicit numbers-only model boundary
  ---
  duration_ms: 0.346753
  type: 'test'
  ...
# Subtest: RC-16: schemas 2–10 discard entries without losing scenes or reviving aliases
ok 170 - RC-16: schemas 2–10 discard entries without losing scenes or reviving aliases
  ---
  duration_ms: 4.701041
  type: 'test'
  ...
# Subtest: RC-16: inspected historical fixtures keep all expected values, including both schema-9 forms
ok 171 - RC-16: inspected historical fixtures keep all expected values, including both schema-9 forms
  ---
  duration_ms: 1.943992
  type: 'test'
  ...
# Subtest: RC-16: original URL import and actual Orb.step radius now match the empty control
ok 172 - RC-16: original URL import and actual Orb.step radius now match the empty control
  ---
  duration_ms: 1.623259
  type: 'test'
  ...
# Original malformed URL radius: 721 px; empty control: 721 px; explicit silent Band 0: 10 px.
# Subtest: RC-16: real AnalysisFrame/runtime responses preserve distinct L/R/C energy, waveform and radius
ok 173 - RC-16: real AnalysisFrame/runtime responses preserve distinct L/R/C energy, waveform and radius
  ---
  duration_ms: 1.953006
  type: 'test'
  ...
# [{"chanId":"L","fullRadius":721,"selectedRadius":299.6666666666667,"band0Radius":89},{"chanId":"R","fullRadius":247,"selectedRadius":326,"band0Radius":168},{"chanId":"C","fullRadius":484,"selectedRadius":405.0000000000001,"band0Radius":247}]
# Subtest: RC-16: URL round-trip, runtime reconciliation and duplication preserve scene/history and errors
ok 174 - RC-16: URL round-trip, runtime reconciliation and duplication preserve scene/history and errors
  ---
  duration_ms: 6.006519
  type: 'test'
  ...
# Subtest: RC-17 normalization: zero
ok 175 - RC-17 normalization: zero
  ---
  duration_ms: 1.363496
  type: 'test'
  ...
# Subtest: RC-17 normalization: negative zero
ok 176 - RC-17 normalization: negative zero
  ---
  duration_ms: 0.131228
  type: 'test'
  ...
# Subtest: RC-17 normalization: quarter
ok 177 - RC-17 normalization: quarter
  ---
  duration_ms: 0.142945
  type: 'test'
  ...
# Subtest: RC-17 normalization: half
ok 178 - RC-17 normalization: half
  ---
  duration_ms: 0.127492
  type: 'test'
  ...
# Subtest: RC-17 normalization: three quarters
ok 179 - RC-17 normalization: three quarters
  ---
  duration_ms: 0.136276
  type: 'test'
  ...
# Subtest: RC-17 normalization: TAU
ok 180 - RC-17 normalization: TAU
  ---
  duration_ms: 0.103175
  type: 'test'
  ...
# Subtest: RC-17 normalization: 2TAU
ok 181 - RC-17 normalization: 2TAU
  ---
  duration_ms: 0.10598
  type: 'test'
  ...
# Subtest: RC-17 normalization: -TAU
ok 182 - RC-17 normalization: -TAU
  ---
  duration_ms: 0.128463
  type: 'test'
  ...
# Subtest: RC-17 normalization: -2TAU
ok 183 - RC-17 normalization: -2TAU
  ---
  duration_ms: 0.13907
  type: 'test'
  ...
# Subtest: RC-17 normalization: 450 degrees
ok 184 - RC-17 normalization: 450 degrees
  ---
  duration_ms: 0.159821
  type: 'test'
  ...
# Subtest: RC-17 normalization: negative quarter
ok 185 - RC-17 normalization: negative quarter
  ---
  duration_ms: 0.174523
  type: 'test'
  ...
# Subtest: RC-17 normalization: many turns positive
ok 186 - RC-17 normalization: many turns positive
  ---
  duration_ms: 0.078819
  type: 'test'
  ...
# Subtest: RC-17 normalization: many turns negative
ok 187 - RC-17 normalization: many turns negative
  ---
  duration_ms: 0.064688
  type: 'test'
  ...
# Subtest: RC-17 normalization: canonical inputs retain exact bits, without degree quantization or boundary snapping
ok 188 - RC-17 normalization: canonical inputs retain exact bits, without degree quantization or boundary snapping
  ---
  duration_ms: 1.886015
  type: 'test'
  ...
# Subtest: RC-17 normalization: invalid types/nonfinite numbers use only a finite normalized fallback
ok 189 - RC-17 normalization: invalid types/nonfinite numbers use only a finite normalized fallback
  ---
  duration_ms: 0.250518
  type: 'test'
  ...
# Subtest: RC-17 presets: schema 2 applies the same phase boundary
ok 190 - RC-17 presets: schema 2 applies the same phase boundary
  ---
  duration_ms: 1.271839
  type: 'test'
  ...
# Subtest: RC-17 presets: schema 3 applies the same phase boundary
ok 191 - RC-17 presets: schema 3 applies the same phase boundary
  ---
  duration_ms: 0.449538
  type: 'test'
  ...
# Subtest: RC-17 presets: schema 4 applies the same phase boundary
ok 192 - RC-17 presets: schema 4 applies the same phase boundary
  ---
  duration_ms: 0.303998
  type: 'test'
  ...
# Subtest: RC-17 presets: schema 5 applies the same phase boundary
ok 193 - RC-17 presets: schema 5 applies the same phase boundary
  ---
  duration_ms: 0.27127
  type: 'test'
  ...
# Subtest: RC-17 presets: schema 6 applies the same phase boundary
ok 194 - RC-17 presets: schema 6 applies the same phase boundary
  ---
  duration_ms: 0.290989
  type: 'test'
  ...
# Subtest: RC-17 presets: schema 7 applies the same phase boundary
ok 195 - RC-17 presets: schema 7 applies the same phase boundary
  ---
  duration_ms: 0.710451
  type: 'test'
  ...
# Subtest: RC-17 presets: schema 8 applies the same phase boundary
ok 196 - RC-17 presets: schema 8 applies the same phase boundary
  ---
  duration_ms: 0.319371
  type: 'test'
  ...
# Subtest: RC-17 presets: schema 9 applies the same phase boundary
ok 197 - RC-17 presets: schema 9 applies the same phase boundary
  ---
  duration_ms: 0.35156
  type: 'test'
  ...
# Subtest: RC-17 presets: schema 10 applies the same phase boundary
ok 198 - RC-17 presets: schema 10 applies the same phase boundary
  ---
  duration_ms: 0.329297
  type: 'test'
  ...
# Subtest: RC-17 presets: historical fixtures and both schema-9 formats retain unrelated canonical settings
ok 199 - RC-17 presets: historical fixtures and both schema-9 formats retain unrelated canonical settings
  ---
  duration_ms: 2.371627
  type: 'test'
  ...
# Subtest: RC-17 collection: defaults, creation and independent duplication use canonical designed phase
ok 200 - RC-17 collection: defaults, creation and independent duplication use canonical designed phase
  ---
  duration_ms: 0.364329
  type: 'test'
  ...
# Subtest: RC-17 URL/replacement: import/export preserve precise phase, canonical shape and independent runtime history
ok 201 - RC-17 URL/replacement: import/export preserve precise phase, canonical shape and independent runtime history
  ---
  duration_ms: 2.712582
  type: 'test'
  ...
# Subtest: RC-17 geometry: equivalent phases produce actual matching coordinates, waveform sampling and phase color
ok 202 - RC-17 geometry: equivalent phases produce actual matching coordinates, waveform sampling and phase color
  ---
  duration_ms: 239.390461
  type: 'test'
  ...
# Subtest: RC-17 lifecycle: moving edit and orb Ring preserve history until explicit visual reset
ok 203 - RC-17 lifecycle: moving edit and orb Ring preserve history until explicit visual reset
  ---
  duration_ms: 1.201732
  type: 'test'
  ...
# Subtest: RC-17 lifecycle: moving edit and free Ring preserve history until explicit visual reset
ok 204 - RC-17 lifecycle: moving edit and free Ring preserve history until explicit visual reset
  ---
  duration_ms: 0.427034
  type: 'test'
  ...
# Subtest: RC-17 UI: generated controls reflect imported canonical design, fractional values and shared display/ARIA
ok 205 - RC-17 UI: generated controls reflect imported canonical design, fractional values and shared display/ARIA
  ---
  duration_ms: 7.116994
  type: 'test'
  ...
# Subtest: RC-17 UI: native endpoint input resynchronizes in the same commit, stable IDs/focus/listeners survive reorder and replacement
ok 206 - RC-17 UI: native endpoint input resynchronizes in the same commit, stable IDs/focus/listeners survive reorder and replacement
  ---
  duration_ms: 6.336878
  type: 'test'
  ...
# Subtest: RC-17 UI: Arrow keys move one degree while preserving imported fractions and synchronizing endpoint zero
ok 207 - RC-17 UI: Arrow keys move one degree while preserving imported fractions and synchronizing endpoint zero
  ---
  duration_ms: 2.145286
  type: 'test'
  ...
# Subtest: RC-18: production Space/callback freezes free Ring and Orb while analysis continues
ok 208 - RC-18: production Space/callback freezes free Ring and Orb while analysis continues
  ---
  duration_ms: 4.613719
  type: 'test'
  ...
# {"phaseMode":"free","pausedOrb":1.2000000000000002,"pausedRing":1.2000000000000002,"samplesDuringPause":100,"resumedOrb":1.4000000000000004,"resumedRing":1.4000000000000004}
# Subtest: RC-18: production Space/callback freezes orb Ring and Orb while analysis continues
ok 209 - RC-18: production Space/callback freezes orb Ring and Orb while analysis continues
  ---
  duration_ms: 1.793936
  type: 'test'
  ...
# {"phaseMode":"orb","pausedOrb":1.2000000000000002,"pausedRing":1.2000000000000002,"samplesDuringPause":100,"resumedOrb":1.4000000000000004,"resumedRing":1.4000000000000004}
# Subtest: RC-19: uninitialized and idle disposal are safe and acquire no resources
ok 210 - RC-19: uninitialized and idle disposal are safe and acquire no resources
  ---
  duration_ms: 10.318393
  type: 'test'
  ...
# Subtest: RC-19: active disposal stops native encoding once (queued events) and preserves live owner
ok 211 - RC-19: active disposal stops native encoding once (queued events) and preserves live owner
  ---
  duration_ms: 6.679996
  type: 'test'
  ...
# Subtest: RC-19: active disposal stops native encoding once (synchronous events) and preserves live owner
ok 212 - RC-19: active disposal stops native encoding once (synchronous events) and preserves live owner
  ---
  duration_ms: 3.859441
  type: 'test'
  ...
# Subtest: RC-19: normal Stop then disposal fences queued completion without double native stop
ok 213 - RC-19: normal Stop then disposal fences queued completion without double native stop
  ---
  duration_ms: 3.344264
  type: 'test'
  ...
# Subtest: RC-19: inactive backend is not stopped unnecessarily
ok 214 - RC-19: inactive backend is not stopped unnecessarily
  ---
  duration_ms: 2.053517
  type: 'test'
  ...
# [RecorderEngine] dispose-stop-failed Error: stop refused
#     at NativeRecorder.stop (file:///workspace/Auralprint1/tests/rc19-recorder-disposal.test.js:72:15)
#     at Object.dispose (file:///tmp/rc19-AiWBN3/recorder-engine.mjs:1374:63)
#     at TestContext.<anonymous> (file:///workspace/Auralprint1/tests/rc19-recorder-disposal.test.js:232:27)
#     at async Test.run (node:internal/test_runner/test:1389:7)
#     at async Test.processPendingSubtests (node:internal/test_runner/test:960:7)
# [RecorderEngine] dispose-stop-failed Error: stop refused
#     at NativeRecorder.stop (file:///workspace/Auralprint1/tests/rc19-recorder-disposal.test.js:72:15)
#     at Object.dispose (file:///tmp/rc19-AiWBN3/recorder-engine.mjs:1374:63)
#     at TestContext.<anonymous> (file:///workspace/Auralprint1/tests/rc19-recorder-disposal.test.js:232:27)
#     at async Test.run (node:internal/test_runner/test:1389:7)
#     at async Test.processPendingSubtests (node:internal/test_runner/test:960:7)
# [RecorderEngine] recorder-handler-release-failed Error: cannot detach ondataavailable
#     at NativeRecorder.set (file:///workspace/Auralprint1/tests/rc19-recorder-disposal.test.js:60:63)
#     at releaseMediaRecorderInstance (file:///tmp/rc19-AiWBN3/recorder-engine.mjs:520:31)
#     at releaseActiveSession (file:///tmp/rc19-AiWBN3/recorder-engine.mjs:531:30)
#     at Object.dispose (file:///tmp/rc19-AiWBN3/recorder-engine.mjs:1387:22)
#     at TestContext.<anonymous> (file:///workspace/Auralprint1/tests/rc19-recorder-disposal.test.js:249:27)
#     at async Test.run (node:internal/test_runner/test:1389:7)
#     at async Test.processPendingSubtests (node:internal/test_runner/test:960:7)
# [RecorderEngine] recorder-handler-release-failed Error: cannot detach onstop
#     at NativeRecorder.set (file:///workspace/Auralprint1/tests/rc19-recorder-disposal.test.js:60:63)
#     at releaseMediaRecorderInstance (file:///tmp/rc19-AiWBN3/recorder-engine.mjs:520:31)
#     at releaseActiveSession (file:///tmp/rc19-AiWBN3/recorder-engine.mjs:531:30)
#     at Object.dispose (file:///tmp/rc19-AiWBN3/recorder-engine.mjs:1387:22)
#     at TestContext.<anonymous> (file:///workspace/Auralprint1/tests/rc19-recorder-disposal.test.js:249:27)
#     at async Test.run (node:internal/test_runner/test:1389:7)
#     at async Test.processPendingSubtests (node:internal/test_runner/test:960:7)
# [RecorderEngine] recorder-handler-release-failed Error: cannot detach onerror
#     at NativeRecorder.set (file:///workspace/Auralprint1/tests/rc19-recorder-disposal.test.js:60:63)
#     at releaseMediaRecorderInstance (file:///tmp/rc19-AiWBN3/recorder-engine.mjs:520:31)
#     at releaseActiveSession (file:///tmp/rc19-AiWBN3/recorder-engine.mjs:531:30)
#     at Object.dispose (file:///tmp/rc19-AiWBN3/recorder-engine.mjs:1387:22)
#     at TestContext.<anonymous> (file:///workspace/Auralprint1/tests/rc19-recorder-disposal.test.js:249:27)
#     at async Test.run (node:internal/test_runner/test:1389:7)
#     at async Test.processPendingSubtests (node:internal/test_runner/test:960:7)
# [RecorderEngine] audio-stream-release-failed Error: owner cleanup refused
#     at Object.releaseStream (file:///workspace/Auralprint1/tests/rc19-recorder-disposal.test.js:138:80)
#     at releaseAudioStream (file:///tmp/rc19-AiWBN3/recorder-engine.mjs:661:22)
#     at releaseMergedStream (file:///tmp/rc19-AiWBN3/recorder-engine.mjs:887:12)
#     at releaseActiveSession (file:///tmp/rc19-AiWBN3/recorder-engine.mjs:533:29)
#     at Object.dispose (file:///tmp/rc19-AiWBN3/recorder-engine.mjs:1387:22)
#     at TestContext.<anonymous> (file:///workspace/Auralprint1/tests/rc19-recorder-disposal.test.js:260:25)
#     at async Test.run (node:internal/test_runner/test:1389:7)
#     at async Test.processPendingSubtests (node:internal/test_runner/test:960:7)
# [RecorderEngine] media-recorder-create-failed Error: MediaRecorder could not be created: constructor refused
#     at createRecorderError (file:///tmp/rc19-AiWBN3/recorder-engine.mjs:297:17)
#     at Object.start (file:///tmp/rc19-AiWBN3/recorder-engine.mjs:1187:15)
#     at TestContext.<anonymous> (file:///workspace/Auralprint1/tests/rc19-recorder-disposal.test.js:282:25)
#     at async Test.run (node:internal/test_runner/test:1389:7)
#     at async Test.processPendingSubtests (node:internal/test_runner/test:960:7) {
#   recordingCode: 'media-recorder-create-failed',
#   cause: Error: constructor refused
#       at new NativeRecorder (file:///workspace/Auralprint1/tests/rc19-recorder-disposal.test.js:54:37)
#       at Object.start (file:///tmp/rc19-AiWBN3/recorder-engine.mjs:1185:33)
#       at TestContext.<anonymous> (file:///workspace/Auralprint1/tests/rc19-recorder-disposal.test.js:282:25)
#       at async Test.run (node:internal/test_runner/test:1389:7)
#       at async Test.processPendingSubtests (node:internal/test_runner/test:960:7)
# }
# [RecorderEngine] media-recorder-start-failed Error: MediaRecorder could not start: start refused
#     at createRecorderError (file:///tmp/rc19-AiWBN3/recorder-engine.mjs:297:17)
#     at Object.start (file:///tmp/rc19-AiWBN3/recorder-engine.mjs:1220:15)
#     at TestContext.<anonymous> (file:///workspace/Auralprint1/tests/rc19-recorder-disposal.test.js:282:25)
#     at async Test.run (node:internal/test_runner/test:1389:7)
#     at async Test.processPendingSubtests (node:internal/test_runner/test:960:7) {
#   recordingCode: 'media-recorder-start-failed',
#   cause: Error: start refused
#       at NativeRecorder.start (file:///workspace/Auralprint1/tests/rc19-recorder-disposal.test.js:65:39)
#       at Object.start (file:///tmp/rc19-AiWBN3/recorder-engine.mjs:1218:31)
#       at TestContext.<anonymous> (file:///workspace/Auralprint1/tests/rc19-recorder-disposal.test.js:282:25)
#       at async Test.run (node:internal/test_runner/test:1389:7)
#       at async Test.processPendingSubtests (node:internal/test_runner/test:960:7)
# }
# [RecorderEngine] recorder-error Error: native fatal error
#     at NativeRecorder.error (file:///workspace/Auralprint1/tests/rc19-recorder-disposal.test.js:86:31)
#     at TestContext.<anonymous> (file:///workspace/Auralprint1/tests/rc19-recorder-disposal.test.js:290:115)
#     at async Test.run (node:internal/test_runner/test:1389:7)
#     at async Test.processPendingSubtests (node:internal/test_runner/test:960:7)
# Subtest: RC-19: explicit reinit creates a clean session immune to old callbacks and queued timers
ok 215 - RC-19: explicit reinit creates a clean session immune to old callbacks and queued timers
  ---
  duration_ms: 30.366451
  type: 'test'
  ...
# Subtest: RC-19: native stop exception reports failure with actual recording state and still cleans up
ok 216 - RC-19: native stop exception reports failure with actual recording state and still cleans up
  ---
  duration_ms: 3.302551
  type: 'test'
  ...
# Subtest: RC-19: native stop exception reports failure with actual inactive state and still cleans up
ok 217 - RC-19: native stop exception reports failure with actual inactive state and still cleans up
  ---
  duration_ms: 2.384927
  type: 'test'
  ...
# Subtest: RC-19: exceptional ondataavailable detachment still fences callbacks and releases remaining ownership
ok 218 - RC-19: exceptional ondataavailable detachment still fences callbacks and releases remaining ownership
  ---
  duration_ms: 2.729476
  type: 'test'
  ...
# Subtest: RC-19: exceptional onstop detachment still fences callbacks and releases remaining ownership
ok 219 - RC-19: exceptional onstop detachment still fences callbacks and releases remaining ownership
  ---
  duration_ms: 1.94292
  type: 'test'
  ...
# Subtest: RC-19: exceptional onerror detachment still fences callbacks and releases remaining ownership
ok 220 - RC-19: exceptional onerror detachment still fences callbacks and releases remaining ownership
  ---
  duration_ms: 1.879245
  type: 'test'
  ...
# Subtest: RC-19: throwing audio-owner cleanup never falls back to stopping shared upstream tracks
ok 221 - RC-19: throwing audio-owner cleanup never falls back to stopping shared upstream tracks
  ---
  duration_ms: 4.052131
  type: 'test'
  ...
# Subtest: RC-19: file playback tap is released by AudioEngine without disturbing playback or analysis
ok 222 - RC-19: file playback tap is released by AudioEngine without disturbing playback or analysis
  ---
  duration_ms: 2.70455
  type: 'test'
  ...
# Subtest: RC-19: failed capture acquisition/start then disposal creates no export or native stop
ok 223 - RC-19: failed capture acquisition/start then disposal creates no export or native stop
  ---
  duration_ms: 1.466812
  type: 'test'
  ...
# Subtest: RC-19: failed constructor acquisition/start then disposal creates no export or native stop
ok 224 - RC-19: failed constructor acquisition/start then disposal creates no export or native stop
  ---
  duration_ms: 2.062
  type: 'test'
  ...
# Subtest: RC-19: failed start acquisition/start then disposal creates no export or native stop
ok 225 - RC-19: failed start acquisition/start then disposal creates no export or native stop
  ---
  duration_ms: 2.295252
  type: 'test'
  ...
# Subtest: RC-19: native error then dispose is terminal and cannot resurrect an export
ok 226 - RC-19: native error then dispose is terminal and cannot resurrect an export
  ---
  duration_ms: 2.069101
  type: 'test'
  ...
# Subtest: RC-21: one-band, multi-band and empty targeting keep the selected channel's waveform and energy
ok 227 - RC-21: one-band, multi-band and empty targeting keep the selected channel's waveform and energy
  ---
  duration_ms: 3.867633
  type: 'test'
  ...
# [{"chanId":"L","bandIds":[0],"selected":0.9,"full":0.8,"waveform":0.75},{"chanId":"L","bandIds":[0,1],"selected":0.8,"full":0.8,"waveform":0.75},{"chanId":"L","bandIds":[],"selected":null,"full":0.8,"waveform":0.75},{"chanId":"R","bandIds":[0],"selected":0.1,"full":0.2,"waveform":-0.5},{"chanId":"R","bandIds":[0,1],"selected":0.2,"full":0.2,"waveform":-0.5},{"chanId":"R","bandIds":[],"selected":null,"full":0.2,"waveform":-0.5},{"chanId":"C","bandIds":[0],"selected":0.5,"full":0.6,"waveform":0.25},{"chanId":"C","bandIds":[0,1],"selected":0.45,"full":0.6,"waveform":0.25},{"chanId":"C","bandIds":[],"selected":null,"full":0.6,"waveform":0.25}]
# Subtest: RC-21: actual rendered help explains channel ownership and band/empty targeting
ok 228 - RC-21: actual rendered help explains channel ownership and band/empty targeting
  ---
  duration_ms: 5.787709
  type: 'test'
  ...
# Channel selects both the Orb's waveform and its band energies (Left, Right, or Center). Selected bands use that channel's energy. With no bands selected, the Orb uses its channel's full-spectrum energy.
# Subtest: RC-22: collision cancellation/acceptance through generated button delegation preserves Ring and survivor
ok 229 - RC-22: collision cancellation/acceptance through generated button delegation preserves Ring and survivor
  ---
  duration_ms: 5.520246
  type: 'test'
  ...
# {"confirmation":"Remove Orb 1 (spectral-ring)? This cannot be undone.","persisted":["ORB1"],"ringSurvived":true,"focus":{"action":"edit","orbId":"ORB1"}}
# Subtest: RC-22: reorder numbers and middle/end/empty nearest-survivor focus follow current runtime order
ok 230 - RC-22: reorder numbers and middle/end/empty nearest-survivor focus follow current runtime order
  ---
  duration_ms: 1.936361
  type: 'test'
  ...
# Subtest: RC-22: accepted opaque ID "spectral-ring" remains safe and removable
ok 231 - RC-22: accepted opaque ID "spectral-ring" remains safe and removable
  ---
  duration_ms: 1.194972
  type: 'test'
  ...
# Subtest: RC-22: accepted opaque ID "ORB0" remains safe and removable
ok 232 - RC-22: accepted opaque ID "ORB0" remains safe and removable
  ---
  duration_ms: 0.653405
  type: 'test'
  ...
# Subtest: RC-22: accepted opaque ID "ORB123" remains safe and removable
ok 233 - RC-22: accepted opaque ID "ORB123" remains safe and removable
  ---
  duration_ms: 0.587796
  type: 'test'
  ...
# Subtest: RC-22: accepted opaque ID "custom string" remains safe and removable
ok 234 - RC-22: accepted opaque ID "custom string" remains safe and removable
  ---
  duration_ms: 0.545913
  type: 'test'
  ...
# Subtest: RC-22: accepted opaque ID "custom![]\#\\"<>&" remains safe and removable
ok 235 - RC-22: accepted opaque ID "custom![]\#\\"<>&" remains safe and removable
  ---
  duration_ms: 0.630611
  type: 'test'
  ...
# Subtest: RC-22: stale missing target cannot confirm or remove a matching Ring
ok 236 - RC-22: stale missing target cannot confirm or remove a matching Ring
  ---
  duration_ms: 0.794188
  type: 'test'
  ...
# Subtest: RC-22: failed removal keeps focus, settings and list; refresh/init do not duplicate listeners
ok 237 - RC-22: failed removal keeps focus, settings and list; refresh/init do not duplicate listeners
  ---
  duration_ms: 0.641607
  type: 'test'
  ...
# Subtest: RC-22: generated Edit/Add/Duplicate actions retain stable IDs, numbering and focus
ok 238 - RC-22: generated Edit/Add/Duplicate actions retain stable IDs, numbering and focus
  ---
  duration_ms: 2.490657
  type: 'test'
  ...
# Subtest: current visualizers have stable identities and deterministic overlay-before-orb composition
ok 239 - current visualizers have stable identities and deterministic overlay-before-orb composition
  ---
  duration_ms: 1.78956
  type: 'test'
  ...
# Subtest: Orb adapter consumes AnalysisFrame routing and preserves pause and selected-band semantics
ok 240 - Orb adapter consumes AnalysisFrame routing and preserves pause and selected-band semantics
  ---
  duration_ms: 0.288766
  type: 'test'
  ...
# Subtest: selected Orb analysis routes L/R/C spectra and preserves first-band tie semantics
ok 241 - selected Orb analysis routes L/R/C spectra and preserves first-band tie semantics
  ---
  duration_ms: 0.288334
  type: 'test'
  ...
# Subtest: ColorPolicy scopes only inherited dominant color to a selected target
ok 242 - ColorPolicy scopes only inherited dominant color to a selected target
  ---
  duration_ms: 0.355537
  type: 'test'
  ...
# Subtest: Orb visualizer passes selected dominant context through Orb.step into inherited particle color
ok 243 - Orb visualizer passes selected dominant context through Orb.step into inherited particle color
  ---
  duration_ms: 0.857473
  type: 'test'
  ...
# Subtest: Spectral Ring freezes free motion while paused and preserves current Orb lock
ok 244 - Spectral Ring freezes free motion while paused and preserves current Orb lock
  ---
  duration_ms: 0.337078
  type: 'test'
  ...
# Subtest: Spectral Ring enablement controls render without introducing separate state
ok 245 - Spectral Ring enablement controls render without introducing separate state
  ---
  duration_ms: 0.281404
  type: 'test'
  ...
# Subtest: visuals and track resets retain their distinct phase and trail contracts
ok 246 - visuals and track resets retain their distinct phase and trail contracts
  ---
  duration_ms: 0.260253
  type: 'test'
  ...
# Subtest: rebuild disposes old participants exactly once and wraps only current Orb objects
ok 247 - rebuild disposes old participants exactly once and wraps only current Orb objects
  ---
  duration_ms: 0.334294
  type: 'test'
  ...
# Subtest: reconcile retains surviving adapters, disposes removals once, and reorders by Orb order
ok 248 - reconcile retains surviving adapters, disposes removals once, and reorders by Orb order
  ---
  duration_ms: 0.561547
  type: 'test'
  ...
# Subtest: zero-Orb orb-locked Spectral Ring remains stable and resets safely
ok 249 - zero-Orb orb-locked Spectral Ring remains stable and resets safely
  ---
  duration_ms: 0.179902
  type: 'test'
  ...
# Subtest: inventory follows runtime order across Spectral Ring and zero/one/two/N Orbs
ok 250 - inventory follows runtime order across Spectral Ring and zero/one/two/N Orbs
  ---
  duration_ms: 1.428445
  type: 'test'
  ...
# Subtest: inventory reports lifecycle visibility, Orb targets, and unknown types truthfully
ok 251 - inventory reports lifecycle visibility, Orb targets, and unknown types truthfully
  ---
  duration_ms: 0.275355
  type: 'test'
  ...
# Subtest: panel refresh is reference-guarded, responds to replacement, and keeps Add Orb available at zero
ok 252 - panel refresh is reference-guarded, responds to replacement, and keeps Add Orb available at zero
  ---
  duration_ms: 1.2394
  type: 'test'
  ...
# Subtest: panel initialization is idempotent and Add Orb wires once
ok 253 - panel initialization is idempotent and Add Orb wires once
  ---
  duration_ms: 0.353013
  type: 'test'
  ...
# Subtest: Orb management uses stable IDs, confirmation, and excludes non-Orb rows
ok 254 - Orb management uses stable IDs, confirmation, and excludes non-Orb rows
  ---
  duration_ms: 0.455747
  type: 'test'
  ...
# Subtest: RC-15 phase 3: refused Add/Duplicate at admission ceiling preserve focused DOM and collection
ok 255 - RC-15 phase 3: refused Add/Duplicate at admission ceiling preserve focused DOM and collection
  ---
  duration_ms: 64.217351
  type: 'test'
  ...
1..255
# tests 266
# suites 0
# pass 265
# fail 0
# cancelled 0
# skipped 1
# todo 0
# duration_ms 3304.696607
