✔ generated IDs retain ordinary and sparse max-suffix allocation (2.338692ms)
✔ opaque string identities remain unchanged and allow Add and Duplicate (1.505457ms)
✔ collection identity repair reserves later explicit identities (0.339632ms)
✔ Orb collection normalization allows zero/one/N, preserves order, and repairs IDs deterministically (0.356998ms)
✔ collection create, duplicate, find, and remove preserve stable identity and deep ownership (0.38465ms)
✔ ID-aware Orb reconciliation preserves survivors and freshens additions across zero/one/N (2.136788ms)
✔ runtime collection APIs mutate preferences and reconcile Orbs and adapters by stable ID (1.116812ms)
✔ designed phase sync does not teleport live phase until Reset Visuals (0.595877ms)
✔ ten differently targeted Orbs reset and advance in same-phase groups (1.22135ms)
✔ normalizeOrbDef owns and independently reconstructs every schema-10 behavior group (0.249606ms)
✔ schema 9 copies legacy global behavior independently into every Orb (1.145145ms)
✔ schema 10 round-trip preserves divergent Orbs and omits obsolete globals (0.763069ms)
✔ runtime Orbs use independent motion, response, waveform, and particle settings (0.438099ms)
✔ bulk Orb helpers report mixed state without mutation and unify only on interaction (0.221353ms)
✔ schema 10 round-trips zero, one, two, and many Orb collections without defaults (2.219763ms)
✔ zero-Orb bulk reads and writes are explicit harmless no-ops (0.09968ms)
✔ Schema 9 — Scene-node historical format recovers the actual emitted loss case (0.482437ms)
✔ schema constants preserve 10 and every supported legacy integer 2–9 (0.09939ms)
✔ field inventory recursively covers every CONFIG default with distinguishable legal fixture values (0.570339ms)
✔ complete non-default schema-10 fixture round-trips every field through URL and canonical replacement (1.568011ms)
✔ pure codec round-trips the same complete fixture without browser globals or preference mutation (0.387133ms)
✔ CONFIG.defaults round-trips semantically and remains immutable (0.512792ms)
✔ zero Orbs round-trip without fabricating defaults (0.459993ms)
✔ schema-10 URL import preserves opaque identities including the Ring type name (2.157268ms)
✔ duplicate Orb IDs retain canonical collection repair and array order (0.413592ms)
✔ unknown fields at every nesting level are stripped on both encode and decode (0.758112ms)
✔ runtime/session mutations and injected preference runtime fields never enter encoded payloads (0.848508ms)
✔ malformed values preserve existing clamps, defaults, enum rejection and dependent rules (0.497359ms)
✔ nonfinite numbers and wrong nested types default without creating new sanitation semantics (0.608887ms)
✔ URL application replaces preferences only and leaves runtime derivation caller-owned (0.358329ms)
✔ codec distinguishes malformed and unsupported payloads while URL failures return false atomically (0.554024ms)
✔ URL sanitation exceptions return false without replacing canonical preferences (0.266181ms)
✔ URL hash stays unpadded base64url UTF-8 JSON and preserves pathname/search (0.890671ms)
✔ schema-10 field survives independently: audio.fftSize (0.548115ms)
✔ schema-10 field survives independently: audio.muted (0.399602ms)
✔ schema-10 field survives independently: audio.repeatMode (0.409186ms)
✔ schema-10 field survives independently: audio.rmsGain (0.375215ms)
✔ schema-10 field survives independently: audio.smoothingTimeConstant (0.383397ms)
✔ schema-10 field survives independently: audio.volume (0.326181ms)
✔ schema-10 field survives independently: bands.ceilingHz (0.309717ms)
✔ schema-10 field survives independently: bands.count (0.373091ms)
✔ schema-10 field survives independently: bands.distributionMode (0.323347ms)
✔ schema-10 field survives independently: bands.floorHz (0.317598ms)
✔ schema-10 field survives independently: bands.overlay.alpha (0.372531ms)
✔ schema-10 field survives independently: bands.overlay.connectAdjacent (0.367183ms)
✔ schema-10 field survives independently: bands.overlay.enabled (0.759494ms)
✔ schema-10 field survives independently: bands.overlay.lineAlpha (0.320523ms)
✔ schema-10 field survives independently: bands.overlay.lineWidthPx (0.339982ms)
✔ schema-10 field survives independently: bands.overlay.maxRadiusFrac (0.295485ms)
✔ schema-10 field survives independently: bands.overlay.minRadiusFrac (0.259531ms)
✔ schema-10 field survives independently: bands.overlay.phaseMode (0.248924ms)
✔ schema-10 field survives independently: bands.overlay.pointSizePx (0.308856ms)
✔ schema-10 field survives independently: bands.overlay.ringSpeedRadPerSec (0.25216ms)
✔ schema-10 field survives independently: bands.overlay.waveformRadialDisplaceFrac (0.262896ms)
✔ schema-10 field survives independently: bands.particleColorSource (0.348014ms)
✔ schema-10 field survives independently: bands.rainbow.hueOffsetDeg (0.265339ms)
✔ schema-10 field survives independently: bands.rainbow.saturation (0.250067ms)
✔ schema-10 field survives independently: bands.rainbow.value (0.311699ms)
✔ schema-10 field survives independently: timing.maxDeltaTimeSec (0.30552ms)
✔ schema-10 field survives independently: visuals.backgroundColor (0.347093ms)
✔ schema-10 field survives independently: visuals.particleColor (0.400293ms)
✔ Schema 2 — documented legacy input migrates meaningful configuration and re-encodes as canonical schema 10 (0.802117ms)
✔ Schema 3 — documented legacy input migrates meaningful configuration and re-encodes as canonical schema 10 (0.509758ms)
✔ Schema 4 — documented legacy input migrates meaningful configuration and re-encodes as canonical schema 10 (0.680525ms)
✔ Schema 5 — documented legacy input migrates meaningful configuration and re-encodes as canonical schema 10 (0.628105ms)
✔ Schema 6 — documented legacy input migrates meaningful configuration and re-encodes as canonical schema 10 (0.809469ms)
✔ Schema 7 — documented legacy input migrates meaningful configuration and re-encodes as canonical schema 10 (0.633483ms)
✔ Schema 8 — documented legacy input migrates meaningful configuration and re-encodes as canonical schema 10 (0.938523ms)
✔ Schema 9 — later top-level format migrates meaningful configuration and re-encodes as canonical schema 10 (0.700756ms)
✔ schema-9 hybrids give whole top-level Orb/Ring settings precedence, including explicit emptiness (0.521515ms)
✔ schema-9 Scene recovery fills only absent top-level groups and honors Ring node.enabled (0.364229ms)
✔ schema-9 Scene layout/visibility and node-relative placement are intentionally discarded (0.276016ms)
✔ schema-9 Scene recovery handles empty Orbs and malformed/unknown nodes safely (0.441996ms)
✔ every schema <=9 with Orbs copies global behavior into independent nested ownership (0.993236ms)
✔ bandNames migration validates unique indices and canonical bandIds take precedence (0.211178ms)
✔ legacy logSpacing boolean migrates only when canonical distribution is absent (0.202465ms)
✔ legacy audio.loop migrates with valid canonical repeatMode precedence (0.167012ms)
✔ schema-10 output strips all legacy aliases, global behavior and historical Scene state (1.974103ms)
✔ encoding polluted current preferences strips legacy-only paths without overriding canonical values (0.292271ms)
✔ partial presets replace live preferences with canonical defaults for omitted settings (0.289636ms)
✔ RC-15 phase 1: emitted particles at identical and nearby coordinates coexist until real-time TTL (0.480173ms)
✔ RC-15 phase 1: trail reset clears retained particles and fractional emission state (0.106751ms)
✔ RC-15 phase 1: development schema-10 overlap input decodes, strips, and preserves all remaining fields (0.67062ms)
✔ RC-15 phase 1: timing ceiling is frozen CONFIG authority across codec and preference resolution (1.443254ms)
✔ RC-15 phase 1: effective simulation delta rejects invalid elapsed time and independently caps manipulated settings (0.357208ms)
✔ RC-15 phase 1: production animation boundary discards stall time with no later catch-up and keeps real clocks (1.56061ms)
✔ RC-15 phase 1: per-Orb burst guard is independent of imported timing and bounded by CONFIG rate limits (0.475065ms)
✔ RC-15 phase 2: CONFIG budgets are independent, frozen, and absent from presets (0.283557ms)
✔ RC-15 phase 2: exact aggregate frame limit with 0 accepted Orbs (0.511961ms)
✔ RC-15 phase 2: exact aggregate frame limit with 1 accepted Orbs (0.597459ms)
✔ RC-15 phase 2: exact aggregate frame limit with 2 accepted Orbs (0.527914ms)
✔ RC-15 phase 2: exact aggregate frame limit with 256 accepted Orbs (11.781603ms)
✔ RC-15 phase 2: exact aggregate frame limit with 4096 accepted Orbs (151.226684ms)
✔ RC-15 phase 2: normal 60/120 Hz scenes preserve exact fractional frequency, positions and color (41.265295ms)
✔ RC-15 phase 2: high, nonfinite and corrupt demand cannot create debt or unbounded loops (17.868959ms)
✔ RC-15 phase 2: one-particle quanta and persistent service priority prevent later-Orb starvation with a tiny budget (0.606233ms)
✔ RC-15 phase 2: fairness skips zero demand, serves unequal rates, wraps and survives reorder/removal/add (0.554515ms)
✔ RC-15 phase 2: denied whole demand is discarded while fractional remainder stays smooth (0.61731ms)
✔ RC-15 phase 2: pause, stall resume and zero delta do not create a compensating burst or disturb Ring phase (4.083239ms)
✔ RC-15 phase 2: exact retention boundaries and same-timestamp oldest ordering retire before insertion (0.465531ms)
✔ RC-15 phase 2: oldest means birth timestamp across trails, with independent TTL expiry and replacement (0.72398ms)
✔ RC-15 phase 2: actual 16,384-particle cap holds during sustained aggregate overload (19.434727ms)
✔ RC-15 phase 2: retired particles disappear from actual particle drawing and chronological trace suffix (0.90311ms)
✔ RC-15 phase 2: lifecycle removal/reset/disposal releases heap nodes, cursor and scene ownership (0.641907ms)
✔ RC-15 phase 2: canonical Add/Duplicate/Remove, track reset and repeated preset replacement account exactly (1.518517ms)
✔ RC-15 phase 2: admission itself enforces the shared frame ceiling across direct trail emission paths (0.283016ms)
✔ RC-15 phase 2: heap retirement agrees with an independent oldest model through churn (13.253278ms)
✔ RC-15 phase 2: full adapter rebuild preserves surviving Orb history and clears replaced owners (0.505371ms)
✔ RC-15 phase 2: periodic low-rate demand cannot starve through cursor/clock alignment (0.489577ms)
✔ RC-10: rendered Orb lock uses current-frame first Orb after variable deltas and reconciliation (0.541285ms)
✔ current visualizers have stable identities and deterministic overlay-before-orb composition (0.380573ms)
✔ Orb adapter consumes AnalysisFrame routing and preserves pause and selected-band semantics (0.307393ms)
✔ selected Orb analysis routes L/R/C spectra and preserves first-band tie semantics (0.17223ms)
✔ ColorPolicy scopes only inherited dominant color to a selected target (0.26529ms)
✔ Orb visualizer passes selected dominant context through Orb.step into inherited particle color (0.270808ms)
✔ Spectral Ring updates while simulation is paused and preserves free and orb phase modes (0.180963ms)
✔ Spectral Ring enablement controls render without introducing separate state (0.163997ms)
✔ visuals and track resets retain their distinct phase and trail contracts (0.209685ms)
✔ rebuild disposes old participants exactly once and wraps only current Orb objects (0.184769ms)
✔ reconcile retains surviving adapters, disposes removals once, and reorders by Orb order (0.208895ms)
✔ zero-Orb orb-locked Spectral Ring remains stable and resets safely (0.080471ms)
ℹ tests 121
ℹ suites 0
ℹ pass 121
ℹ fail 0
ℹ cancelled 0
ℹ skipped 0
ℹ todo 0
ℹ duration_ms 368.569649
