✖ RC-15 phase 2: lifecycle removal/reset/disposal releases heap nodes, cursor and scene ownership (3.742756ms)
ℹ tests 1
ℹ suites 0
ℹ pass 0
ℹ fail 1
ℹ cancelled 0
ℹ skipped 0
ℹ todo 0
ℹ duration_ms 33.021107

✖ failing tests:

test at tests/rc15-phase2.test.js:274:1
✖ RC-15 phase 2: lifecycle removal/reset/disposal releases heap nodes, cursor and scene ownership (3.742756ms)
  AssertionError [ERR_ASSERTION]: Expected values to be strictly equal:

  8 !== 5

      at assertAccounting (file:///workspace/Auralprint1/tests/rc15-phase2.test.js:37:10)
      at TestContext.<anonymous> (file:///workspace/Auralprint1/tests/rc15-phase2.test.js:281:5)
      at Test.runInAsyncScope (node:async_hooks:227:14)
      at Test.run (node:internal/test_runner/test:1382:25)
      at Test.start (node:internal/test_runner/test:1242:17)
      at startSubtestAfterBootstrap (node:internal/test_runner/harness:387:17) {
    generatedMessage: true,
    code: 'ERR_ASSERTION',
    actual: 8,
    expected: 5,
    operator: 'strictEqual',
    diff: 'simple'
  }
