✖ RC-15 phase 2: admission itself enforces the shared frame ceiling across direct trail emission paths (4.043549ms)
ℹ tests 1
ℹ suites 0
ℹ pass 0
ℹ fail 1
ℹ cancelled 0
ℹ skipped 0
ℹ todo 0
ℹ duration_ms 27.696018

✖ failing tests:

test at tests/rc15-phase2.test.js:325:1
✖ RC-15 phase 2: admission itself enforces the shared frame ceiling across direct trail emission paths (4.043549ms)
  AssertionError [ERR_ASSERTION]: Expected values to be strictly equal:

  true !== false

      at TestContext.<anonymous> (file:///workspace/Auralprint1/tests/rc15-phase2.test.js:331:46)
      at Test.runInAsyncScope (node:async_hooks:227:14)
      at Test.run (node:internal/test_runner/test:1382:25)
      at Test.start (node:internal/test_runner/test:1242:17)
      at startSubtestAfterBootstrap (node:internal/test_runner/harness:387:17) {
    generatedMessage: true,
    code: 'ERR_ASSERTION',
    actual: true,
    expected: false,
    operator: 'strictEqual',
    diff: 'simple'
  }
