
> test
> node --test

✔ AnalysisFrame represents not-ready analysis without exposing Web Audio objects (1.30031ms)
✔ AnalysisFrame exposes ready channel and spectrum data as producer-owned references (0.357478ms)
✔ orb routing uses one channel for waveform, full energy, and targeted spectrum (0.27069ms)
✔ a later AnalysisFrame update follows BandBank replacement arrays (0.601808ms)
✔ Analysis controls initialize idempotently and commit their canonical fields (1.923089ms)
✔ frequency edits reject malformed and crossed bounds without coupled mutation (0.699062ms)
✔ HUD uses AnalysisFrame metadata and active count without rebuilding ordinary refreshes (0.878477ms)
✔ HUD distinguishes configured and effective floor when Nyquist constrains geometry (0.392129ms)
✔ template gives migrated controls one Analysis owner (0.636259ms)
✔ BandBank rebuild owns distinct reusable L/R/C arrays and replaces all on definition changes (1.254672ms)
✔ channel-neutral BandBank computation writes only its target and global dominant is set from C (0.484906ms)
✔ BandBank derives Nyquist-bounded floor geometry without rewriting configuration (0.977653ms)
✔ zero-width bands do not consume an energized final FFT bin (0.257891ms)
✔ ordinary and ceiling-only Nyquist clamps retain expected effective limits (1.200944ms)
✔ a configured floor exactly at Nyquist leaves every higher band empty (0.211272ms)
✔ RC-07: count-2 URL input represents 1 kHz after canonical import/resolve/rebuild (2.717823ms)
✔ RC-07: import and runtime share minimum/maximum validation without mutating preferences (4.926534ms)
✔ RC-07: every supported count/distribution covers 0 through Nyquist, including clamped ceilings (119.154783ms)
✔ RC-08: bins below the aligned 22.5 kHz top boundary cannot energize a targeted Orb (4.912593ms)
✔ RC-08: correct FFT geometry preserves inclusive adjacent overlap and final-bin clamping (1.146583ms)
✔ AUD-001: stale second resume resolve cannot replace, play, disconnect or revoke winner (6.549461ms)
✔ AUD-001: stale second resume reject cannot replace, play, disconnect or revoke winner (2.792403ms)
✔ AUD-001: pending File initial cannot reclaim mic or release its tracks (2.526741ms)
✔ AUD-001: pending File attachment cannot reclaim mic or release its tracks (2.3435ms)
✔ AUD-001: pending File initial cannot reclaim stream or release its tracks (3.178743ms)
✔ AUD-001: pending File attachment cannot reclaim stream or release its tracks (1.950159ms)
✔ AUD-001: current attachment and callbacks retain ordinary File behavior (2.682491ms)
✔ AUD-002: current constructor failure settles once and permits valid retry (2.387215ms)
✔ AUD-002: current initial-resume failure settles once and permits valid retry (1.826827ms)
✔ AUD-002: current attachment-resume failure settles once and permits valid retry (2.078089ms)
✔ AUD-002: obsolete initial resume resolve after clear settles without writes or resources (2.39094ms)
✔ AUD-002: obsolete initial resume reject after clear settles without writes or resources (1.427187ms)
✔ AUD-002: obsolete initial resume resolve after file settles without writes or resources (1.656275ms)
✔ AUD-002: obsolete initial resume reject after file settles without writes or resources (1.597278ms)
✔ AUD-002: obsolete initial resume resolve after mic settles without writes or resources (2.425682ms)
✔ AUD-002: obsolete initial resume reject after mic settles without writes or resources (1.585672ms)
✔ AUD-002: obsolete initial resume resolve after stream settles without writes or resources (2.611567ms)
✔ AUD-002: obsolete initial resume reject after stream settles without writes or resources (1.589347ms)
✔ AUD-002: engine constructor failure is a controlled false outcome before media allocation (1.277086ms)
✔ AUD-002: engine initial resume failure is a controlled false outcome (1.42891ms)
✔ AUD-002: failure followed by different File retains only its new resources (1.715172ms)
✔ AUD-002: already stale constructor request never starts context creation (1.215645ms)
✔ AUD-002: closed cached context reports failure without pretending retry recreated it (1.742483ms)
✔ AUD-002: direct engine obsolete initial rejection returns false without escaping (1.739879ms)
✔ F4-CLEANUP-01: before-transfer attachment failure releases all owned nodes before retry (16.299507ms)
✔ F4-CLEANUP-01: first-gain attachment failure releases all owned nodes before retry (4.357134ms)
✔ F4-CLEANUP-01: partial-gains attachment failure releases all owned nodes before retry (4.047036ms)
✔ F4-CLEANUP-01: partial-analysers attachment failure releases all owned nodes before retry (4.440577ms)
✔ F4-CLEANUP-01: analyser-setup attachment failure releases all owned nodes before retry (3.560077ms)
✔ F4-CLEANUP-01: connected-graph attachment failure releases all owned nodes before retry (4.129056ms)
✔ F4-CLEANUP-01: hard decoder native-error-before-rejection cleans installed owner before any recovery (4.480406ms)
✔ F4-CLEANUP-01: hard decoder play-rejection-only cleans installed owner before any recovery (5.287417ms)
✔ F4-CLEANUP-01: native error after File session commitment uses manager cleanup once (3.813991ms)
✔ F4-CLEANUP-01: obsolete hard failure cannot clean or rewrite file owner (3.854321ms)
✔ F4-CLEANUP-01: obsolete hard failure cannot clean or rewrite failed-file owner (3.534359ms)
✔ F4-CLEANUP-01: obsolete hard failure cannot clean or rewrite clear owner (4.128716ms)
✔ F4-CLEANUP-01: obsolete hard failure cannot clean or rewrite mic owner (3.544844ms)
✔ F4-CLEANUP-01: obsolete hard failure cannot clean or rewrite stream owner (3.183861ms)
✔ F4-CLEANUP-01: failed File releases output but retains recorder tap for valid reconnection (4.141204ms)
✔ F4-CLEANUP-01: recoverable loaded Play resume failure retains identity, graph and position (10.496549ms)
✔ F4-CLEANUP-01: engine media identity protects direct API replacement without a UI request ID (6.620105ms)
✔ state.source exists and starts in the idle none state (1.663857ms)
✔ input source manager init marks unsupported capabilities when media APIs are absent (0.306292ms)
✔ activateFile transitions through requesting to active and forwards load arguments (0.462483ms)
✔ activateFile failure leaves attempted kind in error without a live session (0.212103ms)
✔ teardownActiveSource is idempotent and unloads the active session only once (0.513808ms)
✔ activateMic tears down an active file source, attaches the microphone stream, and marks the source active (0.800021ms)
✔ activateMic reports denied microphone permission as a recoverable error (0.410966ms)
✔ activateStream tears down an active file source, attaches shared stream audio, and marks the source active (0.563542ms)
✔ activateStream accepts audio-only display capture and uses the audio track label (0.433219ms)
✔ Stream requests supported stereo/fidelity preferences without mandatory constraints (0.532256ms)
✔ Stream omits unsupported audio fields and still activates (0.333923ms)
✔ Stream falls back to audio:true when constraint inspection is missing, empty, or throws (0.435684ms)
✔ Stream stores the actual returned channel count and keeps the original live stream (0.358129ms)
✔ Stream leaves channel count unknown for absent, unavailable, or invalid track settings (0.428874ms)
✔ Stream metadata describes the track selected by MediaStreamAudioSourceNode ID ordering (0.164793ms)
✔ Stream channel metadata resets on file, mic, end, failure, and a new pending session (1.003472ms)
✔ activateStream rejects shared streams that do not provide usable audio (0.158545ms)
✔ activateStream treats cancelled or denied picker results conservatively (0.147367ms)
✔ activateStream reports blocked stream capture honestly when the browser context forbids it (0.2169ms)
✔ file -> mic -> file switches cleanly through the source manager contract (0.276338ms)
✔ mic -> stream switches cleanly and stops the previous live session once (0.393451ms)
✔ stream -> mic switches cleanly and stops the previous shared stream once (0.252823ms)
✔ a late microphone grant is stopped and discarded after teardown (0.148829ms)
✔ a late stream grant is stopped and discarded after teardown (0.171183ms)
✔ external microphone end tears down the stream and leaves a recoverable mic error (0.226254ms)
✔ stream ignores video-track end while audio remains live (0.240876ms)
✔ stream ends only after all audio tracks have ended (0.279593ms)
✔ external shared stream end tears down the stream, resets live visuals, and leaves a recoverable stream error (0.309067ms)
✔ teardownActiveSource stops stream-backed sessions even when the kind is mic (0.211733ms)
✔ unsupported microphone activation reports unsupported state without mutating file transport fields (0.857355ms)
✔ unsupported stream activation reports unsupported state without mutating file transport fields (0.19652ms)
✔ URL preset serialization excludes runtime source state (2.115724ms)
✔ AUD-001: stale File continuation after teardown cannot publish over newer mic (0.483954ms)
✔ AUD-001: stale File continuation after teardown cannot publish over newer stream (0.174798ms)
✔ AUD-002: manager settles current engine throw into one source failure (0.320383ms)
✔ AUD-002: manager settles current engine reject into one source failure (0.175859ms)
✔ AUD-002: manager contains obsolete engine rejection after clear without source/audio writes (0.629079ms)
✔ AUD-002: manager contains obsolete engine rejection after file without source/audio writes (0.201177ms)
✔ AUD-002: manager contains obsolete engine rejection after mic without source/audio writes (0.252002ms)
✔ AUD-002: manager contains obsolete engine rejection after stream without source/audio writes (0.156021ms)
✔ RC-03: stale mic resume cannot destroy winning stream graph (13.010931ms)
✔ RC-03: stale mic resume rejection cannot commit an attachment error (3.953147ms)
✔ RC-03 positive control: ordinary mic to stream switch (5.211405ms)
✔ RC-03: stale stream resume cannot destroy winning mic graph (3.691341ms)
✔ RC-03: stale stream resume rejection cannot commit an attachment error (3.942291ms)
✔ RC-03 positive control: ordinary stream to mic switch (4.649305ms)
✔ RC-03 positive control: normal mic graph and explicit File-mode teardown (3.911305ms)
✔ RC-03: explicit teardown cancels pending mic attachment (3.147848ms)
✔ RC-03: current mic attachment failure still reports error and releases tracks (2.356459ms)
✔ RC-03 positive control: normal stream graph and explicit File-mode teardown (2.53276ms)
✔ RC-03: explicit teardown cancels pending stream attachment (1.454227ms)
✔ RC-03: current stream attachment failure still reports error and releases tracks (2.027204ms)
✔ RC-03: optional attachment guard also protects a running context (2.528123ms)
✔ exact targeting preserves sparse selections and explicitly treats empty input as full spectrum (1.638019ms)
✔ range selection validates both bounds without silently clamping or reversing intent (0.217582ms)
✔ search finds configured names, repeated names, indices, and empty results without changing selection (0.412449ms)
✔ generated IDs retain ordinary and sparse max-suffix allocation (1.413988ms)
✔ opaque string identities remain unchanged and allow Add and Duplicate (1.553294ms)
✔ collection identity repair reserves later explicit identities (0.346793ms)
✔ Orb collection normalization allows zero/one/N, preserves order, and repairs IDs deterministically (0.397237ms)
✔ collection create, duplicate, find, and remove preserve stable identity and deep ownership (0.326011ms)
✔ ID-aware Orb reconciliation preserves survivors and freshens additions across zero/one/N (1.416501ms)
✔ runtime collection APIs mutate preferences and reconcile Orbs and adapters by stable ID (1.200192ms)
✔ designed phase sync does not teleport live phase until Reset Visuals (0.465848ms)
✔ ten differently targeted Orbs reset and advance in same-phase groups (1.278057ms)
✔ dynamic editor supports zero, one, and N Orbs and disables bulk at zero (9.594126ms)
✔ editor reconciliation retains roots by ID, reorders nodes, and replaces only structural changes (4.859946ms)
✔ generated controls commit by persistent ID after reorder and focusOrb is ID based (4.187723ms)
✔ bulk helper keeps mixed and zero semantics (0.251011ms)
✔ minimum placement distance controls bind by ID, report pixels and mixed state, and retain focus/listeners (2.015967ms)
✔ RC-11: mixed Bulk select represents no concrete value and applies every concrete choice once (4.339869ms)
✔ refresh synchronizes invalidated content without moving stable roots or disturbing focus (4.623597ms)
✔ programmatic select synchronization keeps generated readouts aligned with selected options (1.20537ms)
✔ every schema-10 Orb setting has a generated writable control (0.836886ms)
✔ phase is presented accessibly in degrees and commits radians by stable ID (8.396328ms)
✔ nested controls remain independent and canonical normalization refreshes their values (1.798115ms)
✔ ten arbitrary-ID Orb cards retain independent phase and nested values (2.996144ms)
✔ RC-15 phase 1: individual editor has no overlap controls and stale Bulk controls have no listener (2.331884ms)
▶ RC-01: timeout-protected allocation/import gate and direct huge-ID regressions
  ✔ exact allocation after ORB9007199254740990 (1.487296ms)
  ✔ exact allocation after ORB9007199254740991 (0.211292ms)
  ✔ exact allocation after ORB9007199254740992 (0.156641ms)
  ✔ exact allocation after ORB9007199254740993 (0.128469ms)
  ✔ exact allocation after ORB9999999999999999999999999999999999999999 (0.134459ms)
  ✔ exact allocation after a 400-digit suffix (0.136612ms)
  ✔ duplicate huge identities repair deterministically without changing order or stealing explicit IDs (1.157139ms)
  ✔ audited schema-10 payload decodes, sanitizes and re-encodes with string identities (0.996521ms)
  ✔ Add after a single huge-ID import preserves the source and creates a distinct ID (0.35236ms)
  ✔ Duplicate after a single huge-ID import preserves the source and creates a distinct ID (0.348534ms)
  ✔ real URL decode/sanitize/apply accepts huge IDs and supports runtime Add and Duplicate (3.532967ms)
✔ RC-01: timeout-protected allocation/import gate and direct huge-ID regressions (53.317096ms)
✔ normalizeOrbDef owns and independently reconstructs every schema-10 behavior group (1.602786ms)
✔ schema 9 copies legacy global behavior independently into every Orb (1.564731ms)
✔ schema 10 round-trip preserves divergent Orbs and omits obsolete globals (1.11039ms)
✔ runtime Orbs use independent motion, response, waveform, and particle settings (1.033556ms)
✔ bulk Orb helpers report mixed state without mutation and unify only on interaction (0.281075ms)
✔ schema 10 round-trips zero, one, two, and many Orb collections without defaults (2.489356ms)
✔ zero-Orb bulk reads and writes are explicit harmless no-ops (0.183251ms)
✔ RC-09: URL import reserves later explicit identity before missing-ID fallback and sharing (2.876517ms)
✔ RC-09: collection owns missing/duplicate repair while valid opaque identities retain configuration (6.340172ms)
✔ Schema 9 — Scene-node historical format recovers the actual emitted loss case (3.273092ms)
✔ schema constants preserve 10 and every supported legacy integer 2–9 (0.169641ms)
✔ field inventory recursively covers every CONFIG default with distinguishable legal fixture values (0.98202ms)
✔ complete non-default schema-10 fixture round-trips every field through URL and canonical replacement (1.941687ms)
✔ pure codec round-trips the same complete fixture without browser globals or preference mutation (0.917224ms)
✔ CONFIG.defaults round-trips semantically and remains immutable (0.906148ms)
✔ zero Orbs round-trip without fabricating defaults (0.524795ms)
✔ schema-10 URL import preserves opaque identities including the Ring type name (1.928668ms)
✔ duplicate Orb IDs retain canonical collection repair and array order (0.699132ms)
✔ unknown fields at every nesting level are stripped on both encode and decode (1.316063ms)
✔ runtime/session mutations and injected preference runtime fields never enter encoded payloads (1.398324ms)
✔ malformed values preserve existing clamps, defaults, enum rejection and dependent rules (0.815534ms)
✔ nonfinite numbers and wrong nested types default without creating new sanitation semantics (1.150639ms)
✔ URL application replaces preferences only and leaves runtime derivation caller-owned (0.36612ms)
✔ codec distinguishes malformed and unsupported payloads while URL failures return false atomically (0.786841ms)
✔ URL sanitation exceptions return false without replacing canonical preferences (0.52839ms)
✔ URL hash stays unpadded base64url UTF-8 JSON and preserves pathname/search (1.469991ms)
✔ schema-10 field survives independently: audio.fftSize (0.478827ms)
✔ schema-10 field survives independently: audio.muted (0.323527ms)
✔ schema-10 field survives independently: audio.repeatMode (0.316588ms)
✔ schema-10 field survives independently: audio.rmsGain (0.334243ms)
✔ schema-10 field survives independently: audio.smoothingTimeConstant (0.29806ms)
✔ schema-10 field survives independently: audio.volume (0.292722ms)
✔ schema-10 field survives independently: bands.ceilingHz (0.357428ms)
✔ schema-10 field survives independently: bands.count (0.404317ms)
✔ schema-10 field survives independently: bands.distributionMode (0.412048ms)
✔ schema-10 field survives independently: bands.floorHz (0.359621ms)
✔ schema-10 field survives independently: bands.overlay.alpha (0.383035ms)
✔ schema-10 field survives independently: bands.overlay.connectAdjacent (0.653404ms)
✔ schema-10 field survives independently: bands.overlay.enabled (0.363788ms)
✔ schema-10 field survives independently: bands.overlay.lineAlpha (0.411758ms)
✔ schema-10 field survives independently: bands.overlay.lineWidthPx (0.295907ms)
✔ schema-10 field survives independently: bands.overlay.maxRadiusFrac (0.342045ms)
✔ schema-10 field survives independently: bands.overlay.minRadiusFrac (0.292062ms)
✔ schema-10 field survives independently: bands.overlay.phaseMode (0.391388ms)
✔ schema-10 field survives independently: bands.overlay.pointSizePx (0.37255ms)
✔ schema-10 field survives independently: bands.overlay.ringSpeedRadPerSec (0.526117ms)
✔ schema-10 field survives independently: bands.overlay.waveformRadialDisplaceFrac (0.381623ms)
✔ schema-10 field survives independently: bands.particleColorSource (0.328455ms)
✔ schema-10 field survives independently: bands.rainbow.hueOffsetDeg (0.347363ms)
✔ schema-10 field survives independently: bands.rainbow.saturation (0.623871ms)
✔ schema-10 field survives independently: bands.rainbow.value (0.607667ms)
✔ schema-10 field survives independently: particleSafety.maxActiveParticles (0.490253ms)
✔ schema-10 field survives independently: particleSafety.maxEmissionsPerFrame (0.352721ms)
✔ schema-10 field survives independently: timing.maxDeltaTimeSec (0.295796ms)
✔ schema-10 field survives independently: visuals.backgroundColor (0.282437ms)
✔ schema-10 field survives independently: visuals.particleColor (0.297169ms)
✔ Schema 2 — documented legacy input migrates meaningful configuration and re-encodes as canonical schema 10 (0.983061ms)
✔ Schema 3 — documented legacy input migrates meaningful configuration and re-encodes as canonical schema 10 (0.603091ms)
✔ Schema 4 — documented legacy input migrates meaningful configuration and re-encodes as canonical schema 10 (0.589099ms)
✔ Schema 5 — documented legacy input migrates meaningful configuration and re-encodes as canonical schema 10 (1.139692ms)
✔ Schema 6 — documented legacy input migrates meaningful configuration and re-encodes as canonical schema 10 (0.823415ms)
✔ Schema 7 — documented legacy input migrates meaningful configuration and re-encodes as canonical schema 10 (0.639644ms)
✔ Schema 8 — documented legacy input migrates meaningful configuration and re-encodes as canonical schema 10 (0.528741ms)
✔ Schema 9 — later top-level format migrates meaningful configuration and re-encodes as canonical schema 10 (0.685302ms)
✔ schema-9 hybrids give whole top-level Orb/Ring settings precedence, including explicit emptiness (0.565575ms)
✔ schema-9 Scene recovery fills only absent top-level groups and honors Ring node.enabled (0.607197ms)
✔ schema-9 Scene layout/visibility and node-relative placement are intentionally discarded (0.334895ms)
✔ schema-9 Scene recovery handles empty Orbs and malformed/unknown nodes safely (0.489813ms)
✔ every schema <=9 with Orbs copies global behavior into independent nested ownership (1.03634ms)
✔ bandNames migration validates unique indices and canonical bandIds take precedence (0.176681ms)
✔ legacy logSpacing boolean migrates only when canonical distribution is absent (0.49414ms)
✔ legacy audio.loop migrates with valid canonical repeatMode precedence (0.208148ms)
✔ schema-10 output strips all legacy aliases, global behavior and historical Scene state (2.622632ms)
✔ encoding polluted current preferences strips legacy-only paths without overriding canonical values (0.408383ms)
✔ partial presets replace live preferences with canonical defaults for omitted settings (0.245954ms)
✔ AUD-001: entry handles distinguish identical names and duplicate File references (1.330375ms)
✔ AUD-001: shuffle and navigation preserve entry handles and method return contracts (0.456013ms)
✔ budgets: one integer normalization contract for sanitation, resolution and active governor (7.598199ms)
✔ budgets: schema 10 zero/upper limits round trip, historical missing defaults and Orb spacing survive (2.100491ms)
✔ budgets: increasing capacity preserves nodes/fractions/priority; decreasing retires globally oldest with deterministic ties (4.902719ms)
✔ budgets: zero emissions preserves history; zero retention trims all, refuses safely and recovers without debt (0.523903ms)
✔ budgets: actual upper-budget admissions exceed both retired immutable ceilings (37.54018ms)
✔ budgets: fairness survives changing/zero budgets, fractions and spacing remain separate eligibility (0.516944ms)
✔ budgets: runtime synchronization preserves governor identity, trim precedes render, injection is isolated (1.786467ms)
✔ budgets: canonical lifecycle, preset replacement and default reset never restore stale policy (2.061294ms)
﹣ budgets: full 1,048,576 retention boundary is usable, evicts one oldest and trims safely to zero (0.197522ms) # SKIP
✔ budgets: both zero settings leave Orb motion and free Spectral Ring active, pause still refuses emission (0.453479ms)
✔ integrated: eligible low-rate demand survives sustained competition, reorder and live policy changes without debt (170.268482ms)
✔ integrated synthetic 16-Orb history: 120 FPS covers TTL rotation; Trace suffix remains independent (98.947702ms)
✔ integrated synthetic 16-Orb history: 60 FPS covers TTL rotation; Trace suffix remains independent (22.800547ms)
✔ integrated synthetic 16-Orb history: 10 FPS covers TTL rotation; Trace suffix remains independent (2.996324ms)
✔ integrated synthetic 16-Orb history: 5 FPS covers TTL rotation; Trace suffix remains independent (1.667632ms)
✔ integrated: 200 lifecycle/policy churn cycles preserve survivors, release replaced owners and retain bounded scheduling work (98.263041ms)
✔ integrated: unordered transfer, TTL edits, oldest trim and empty-tail spacing preserve ownership (0.475642ms)
✔ integrated: long-running phase modulo stays finite; track reset keeps phase and visual reset restores design (2.368126ms)
✔ RC-15 phase 1: emitted particles at identical and nearby coordinates coexist until real-time TTL with spacing disabled (2.204835ms)
✔ RC-15 phase 1: trail reset clears retained particles and fractional emission state (0.196721ms)
✔ RC-15 phase 1: development schema-10 overlap input decodes, strips, and preserves all remaining fields (2.170855ms)
✔ RC-15 phase 1: timing ceiling is frozen CONFIG authority across codec and preference resolution (1.826296ms)
✔ RC-15 phase 1: effective simulation delta rejects invalid elapsed time and independently caps manipulated settings (0.353171ms)
✔ RC-15 phase 1: production animation boundary discards stall time with no later catch-up and keeps real clocks (2.2692ms)
✔ RC-15 phase 1: per-Orb burst guard is independent of imported timing and bounded by CONFIG rate limits (0.828073ms)
✔ RC-15 phase 2: default budgets are independent and frozen; governor state is absent from presets (4.078962ms)
✔ RC-15 phase 2: exact aggregate frame limit with 0 accepted Orbs (1.823742ms)
✔ RC-15 phase 2: exact aggregate frame limit with 1 accepted Orbs (1.692579ms)
✔ RC-15 phase 2: exact aggregate frame limit with 2 accepted Orbs (0.809765ms)
✔ RC-15 phase 2: exact aggregate frame limit with 256 accepted Orbs (20.349082ms)
✔ RC-15 phase 2: exact aggregate frame limit with 4096 accepted Orbs (126.942671ms)
✔ RC-15 phase 2: normal 60/120 Hz scenes preserve exact fractional frequency, positions and color (37.361663ms)
✔ RC-15 phase 2: high, nonfinite and corrupt demand cannot create debt or unbounded loops (14.498885ms)
✔ RC-15 phase 2: one-particle quanta and persistent service priority prevent later-Orb starvation with a tiny budget (1.106694ms)
✔ RC-15 phase 2: fairness skips zero demand, serves unequal rates, wraps and survives reorder/removal/add (1.556608ms)
✔ RC-15 phase 2: denied whole demand is discarded while fractional remainder stays smooth (1.272609ms)
✔ RC-15 phase 2: pause, stall resume and zero delta do not create a compensating burst or disturb Ring phase (7.567873ms)
✔ RC-15 phase 2: exact retention boundaries and same-timestamp oldest ordering retire before insertion (0.935902ms)
✔ RC-15 phase 2: oldest means birth timestamp across trails, with independent TTL expiry and replacement (1.133003ms)
✔ RC-15 phase 2: actual 16,384-particle cap holds during sustained aggregate overload (21.995458ms)
✔ RC-15 phase 2: retired particles disappear from actual particle drawing and chronological trace suffix (1.416311ms)
✔ RC-15 phase 2: lifecycle removal/reset/disposal releases heap nodes, cursor and scene ownership (0.759611ms)
✔ RC-15 phase 2: canonical Add/Duplicate/Remove, track reset and repeated preset replacement account exactly (4.071841ms)
✔ RC-15 phase 2: admission itself enforces the shared frame ceiling across direct trail emission paths (0.396235ms)
✔ RC-15 phase 2: heap retirement agrees with an independent oldest model through churn (13.381966ms)
✔ RC-15 phase 2: full adapter rebuild preserves surviving Orb history and clears replaced owners (0.537714ms)
✔ RC-15 phase 2: periodic low-rate demand cannot starve through cursor/clock alignment (0.775285ms)
✔ RC-15 phase 3: immutable admission policy accepts zero and exactly 4096; rejects 4097 before element access (45.041036ms)
✔ RC-15 phase 3: admission rejection includes both schema-9 forms, respecting top-level precedence (0.763567ms)
✔ RC-15 phase 3: oversized import/replacement/resolution preserves prior preferences and runtime references (2.401425ms)
✔ RC-15 phase 3: Add/Duplicate refuse at cap before reading identities; no persistent or runtime change (85.116165ms)
✔ RC-15 phase 3: duplicate-heavy repair is linear in identity reads and preserves late IDs/huge suffixes (73.747667ms)
✔ RC-15 phase 3: runtime admission fails before disposal, construction, synchronization or history loss (1.202174ms)
✔ RC-15 phase 3: normal rendering preserves coordinates, size/age/fade, chronological suffix and trace colors without arrays (1.591059ms)
✔ RC-15 phase 3: aggregate arcs/trace traversal bounded with 0 Orbs at maximum traces (2.56021ms)
✔ RC-15 phase 3: aggregate arcs/trace traversal bounded with 2 Orbs at maximum traces (31.372517ms)
✔ RC-15 phase 3: aggregate arcs/trace traversal bounded with 64 Orbs at maximum traces (28.667873ms)
✔ RC-15 phase 3: aggregate arcs/trace traversal bounded with 256 Orbs at maximum traces (20.195846ms)
✔ RC-15 phase 3: aggregate arcs/trace traversal bounded with 1024 Orbs at maximum traces (29.256733ms)
✔ RC-15 phase 3: aggregate arcs/trace traversal bounded with 4096 Orbs at maximum traces (63.741614ms)
✔ RC-15 phase 3: zero-particle ceiling scene still updates all Orbs and current Ring phase with finite work (54.406332ms)
✔ RC-15 phase 3: saturated churn/reorder/reset/replacement leaves no stale heap, trail or allocation ownership (113.202462ms)
✔ RC-15 phase 3: governed preset round-trip keeps schema 10 and omits live state/obsolete overlap (1.047757ms)
✔ RC-15 phase 3: replaceable Orb lifecycle adapters share governance without depending on extra adapter metadata (3.802263ms)
✔ spacing default: first emission, repeated position, below/exact/above threshold, and incremental motion (1.844873ms)
✔ spacing uses squared two-dimensional distance and only the most recent retained position (0.556641ms)
✔ CSS spacing and production Orb DPR wiring at DPR 1 (1.09088ms)
✔ CSS spacing and production Orb DPR wiring at DPR 2 (0.198603ms)
✔ stationary trail becomes eligible after TTL expiry, eviction, or explicit reset without a coordinate cache (0.46761ms)
✔ independent Orbs at identical locations admit independently and suppress before shared allocation (0.905376ms)
✔ many high-rate stationary Orbs cannot consume fairness slots or starve moving eligible Orbs (1.88292ms)
✔ rate below frame rate remains authoritative even after large movement; fractions survive spatial rejection (6.574887ms)
✔ zero fully bypasses comparisons, preserves duplicate rate demand, and obeys both global ceilings (1.622075ms)
✔ nonzero default still enforces the canonical aggregate ceilings with 1024 useful moving candidates (39.526975ms)
✔ running spacing changes preserve particles and fractions, and paused runtime emits nothing (1.125211ms)
✔ schema 10 spacing round trip, absent and invalid values, and obsolete overlap remains unrelated (5.562633ms)
✔ canonical creation, duplication, ID reconciliation, preset apply, track/visual reset, rebuild and disposal (2.0661ms)
✔ production callback: 120 FPS chirality -1 integrates one second of motion and independent emission delta (8.599145ms)
✔ production callback: 120 FPS chirality 1 integrates one second of motion and independent emission delta (3.554177ms)
✔ production callback: 60 FPS chirality -1 integrates one second of motion and independent emission delta (2.690763ms)
✔ production callback: 60 FPS chirality 1 integrates one second of motion and independent emission delta (2.209862ms)
✔ production callback: 30 FPS chirality -1 integrates one second of motion and independent emission delta (2.120641ms)
✔ production callback: 30 FPS chirality 1 integrates one second of motion and independent emission delta (1.390873ms)
✔ production callback: 10 FPS chirality -1 integrates one second of motion and independent emission delta (0.919758ms)
✔ production callback: 10 FPS chirality 1 integrates one second of motion and independent emission delta (0.84642ms)
✔ production callback: 5 FPS chirality -1 integrates one second of motion and independent emission delta (0.991885ms)
✔ production callback: 5 FPS chirality 1 integrates one second of motion and independent emission delta (1.136689ms)
✔ motion threshold: frozen CONFIG .5, exact boundary, just above, invalid/negative/zero intervals (0.953248ms)
✔ production callback: 120-second stall ages/expires history, retains fractions, no catch-up, recovers (0.805389ms)
✔ production callback: hidden/rebased foreground never integrates missed work; invalid timestamps recover (0.878507ms)
✔ Orb lock reads current phase; free Ring/Orb pause freeze while lifetime expires without debt (1.480966ms)
✔ slow 5 FPS history spans real TTL motion, fade uses real particle age (1.399366ms)
✔ slow 10 FPS history spans real TTL motion, fade uses real particle age (1.718016ms)
✔ ordered expiry [] at 1: 0 retirements/0 age inspections (0.262086ms)
✔ ordered expiry [0] at 0.9: 0 retirements/1 age inspections (0.117784ms)
✔ ordered expiry [0] at 1: 1 retirements/1 age inspections (0.082001ms)
✔ ordered expiry [0,0.5,1] at 0.9: 0 retirements/1 age inspections (0.055812ms)
✔ ordered expiry [0,0.5,1] at 1: 1 retirements/2 age inspections (0.046679ms)
✔ ordered expiry [0,0.5,1] at 1.5: 2 retirements/3 age inspections (0.048111ms)
✔ ordered expiry [0,0.5,1] at 2: 3 retirements/3 age inspections (0.056714ms)
✔ ordered expiry [0,0,0,1] at 1: 3 retirements/4 age inspections (0.052307ms)
✔ 100,000 unexpired ordered particles require one age inspection, including live TTL changes (56.478166ms)
✔ unordered supported timestamps use safe fallback; transfer/eviction/reset preserve or restore ordering flag (0.516062ms)
✔ different Orb TTLs retire independently, last-tail spacing resumes on empty trail without coordinate cache (0.263249ms)
✔ direct Orb and frame callers retain default delta convention; explicit motion wraps independently (0.336106ms)
✔ motion policy is ephemeral; schema-10 budgets/spacing persist with no new timing field (1.380428ms)
✔ smaller selected emission delta never slows independent motion (1.053004ms)
✔ RC-16: zero (1.357153ms)
✔ RC-16: highest (0.098856ms)
✔ RC-16: interior (0.100578ms)
✔ RC-16: invalid type/value 0 (0.104464ms)
✔ RC-16: invalid type/value 1 (0.093388ms)
✔ RC-16: invalid type/value 2 (0.072397ms)
✔ RC-16: invalid type/value 3 (0.076593ms)
✔ RC-16: invalid type/value 4 (0.084244ms)
✔ RC-16: invalid type/value 5 (3.370196ms)
✔ RC-16: invalid type/value 6 (0.165384ms)
✔ RC-16: invalid type/value 7 (0.075611ms)
✔ RC-16: invalid type/value 8 (0.089092ms)
✔ RC-16: invalid type/value 9 (0.044366ms)
✔ RC-16: invalid type/value 10 (0.068992ms)
✔ RC-16: invalid type/value 11 (0.046189ms)
✔ RC-16: invalid type/value 12 (0.079547ms)
✔ RC-16: invalid type/value 13 (0.087219ms)
✔ RC-16: invalid type/value 14 (0.061191ms)
✔ RC-16: invalid type/value 15 (0.042503ms)
✔ RC-16: invalid type/value 16 (0.033689ms)
✔ RC-16: invalid type/value 17 (0.029533ms)
✔ RC-16: stable first occurrences, fresh arrays, empty/all-invalid collections and legacy names (0.845448ms)
✔ RC-16: independent Orb normalization and duplication retain configuration and ordering (0.474089ms)
✔ RC-16: validated human text remains an explicit numbers-only model boundary (0.429444ms)
✔ RC-16: schemas 2–10 discard entries without losing scenes or reviving aliases (3.950192ms)
✔ RC-16: inspected historical fixtures keep all expected values, including both schema-9 forms (1.864473ms)
✔ RC-16: original URL import and actual Orb.step radius now match the empty control (1.604799ms)
ℹ Original malformed URL radius: 721 px; empty control: 721 px; explicit silent Band 0: 10 px.
✔ RC-16: real AnalysisFrame/runtime responses preserve distinct L/R/C energy, waveform and radius (1.92345ms)
ℹ [{"chanId":"L","fullRadius":721,"selectedRadius":299.6666666666667,"band0Radius":89},{"chanId":"R","fullRadius":247,"selectedRadius":326,"band0Radius":168},{"chanId":"C","fullRadius":484,"selectedRadius":405.0000000000001,"band0Radius":247}]
✔ RC-16: URL round-trip, runtime reconciliation and duplication preserve scene/history and errors (6.206353ms)
✔ RC-17 normalization: zero (1.369502ms)
✔ RC-17 normalization: negative zero (0.131414ms)
✔ RC-17 normalization: quarter (0.150833ms)
✔ RC-17 normalization: half (0.279202ms)
✔ RC-17 normalization: three quarters (0.126327ms)
✔ RC-17 normalization: TAU (0.138584ms)
✔ RC-17 normalization: 2TAU (0.106547ms)
✔ RC-17 normalization: -TAU (0.130032ms)
✔ RC-17 normalization: -2TAU (0.149891ms)
✔ RC-17 normalization: 450 degrees (0.156511ms)
✔ RC-17 normalization: negative quarter (0.267284ms)
✔ RC-17 normalization: many turns positive (0.095551ms)
✔ RC-17 normalization: many turns negative (0.107819ms)
✔ RC-17 normalization: canonical inputs retain exact bits, without degree quantization or boundary snapping (2.822737ms)
✔ RC-17 normalization: invalid types/nonfinite numbers use only a finite normalized fallback (0.444676ms)
✔ RC-17 presets: schema 2 applies the same phase boundary (1.879024ms)
✔ RC-17 presets: schema 3 applies the same phase boundary (0.83293ms)
✔ RC-17 presets: schema 4 applies the same phase boundary (0.6097ms)
✔ RC-17 presets: schema 5 applies the same phase boundary (0.362395ms)
✔ RC-17 presets: schema 6 applies the same phase boundary (0.284099ms)
✔ RC-17 presets: schema 7 applies the same phase boundary (0.844286ms)
✔ RC-17 presets: schema 8 applies the same phase boundary (0.41986ms)
✔ RC-17 presets: schema 9 applies the same phase boundary (0.465517ms)
✔ RC-17 presets: schema 10 applies the same phase boundary (0.329146ms)
✔ RC-17 presets: historical fixtures and both schema-9 formats retain unrelated canonical settings (3.341904ms)
✔ RC-17 collection: defaults, creation and independent duplication use canonical designed phase (0.389555ms)
✔ RC-17 URL/replacement: import/export preserve precise phase, canonical shape and independent runtime history (2.688188ms)
✔ RC-17 geometry: equivalent phases produce actual matching coordinates, waveform sampling and phase color (260.370065ms)
✔ RC-17 lifecycle: moving edit and orb Ring preserve history until explicit visual reset (1.210387ms)
✔ RC-17 lifecycle: moving edit and free Ring preserve history until explicit visual reset (0.455533ms)
✔ RC-17 UI: generated controls reflect imported canonical design, fractional values and shared display/ARIA (5.830017ms)
✔ RC-17 UI: native endpoint input resynchronizes in the same commit, stable IDs/focus/listeners survive reorder and replacement (5.700476ms)
✔ RC-17 UI: Arrow keys move one degree while preserving imported fractions and synchronizing endpoint zero (2.706155ms)
✔ RC-18: production Space/callback freezes free Ring and Orb while analysis continues (4.724055ms)
ℹ {"phaseMode":"free","pausedOrb":1.2000000000000002,"pausedRing":1.2000000000000002,"samplesDuringPause":100,"resumedOrb":1.4000000000000004,"resumedRing":1.4000000000000004}
✔ RC-18: production Space/callback freezes orb Ring and Orb while analysis continues (1.863552ms)
ℹ {"phaseMode":"orb","pausedOrb":1.2000000000000002,"pausedRing":1.2000000000000002,"samplesDuringPause":100,"resumedOrb":1.4000000000000004,"resumedRing":1.4000000000000004}
✔ RC-19: uninitialized and idle disposal are safe and acquire no resources (9.993684ms)
✔ RC-19: active disposal stops native encoding once (queued events) and preserves live owner (7.43664ms)
✔ RC-19: active disposal stops native encoding once (synchronous events) and preserves live owner (4.141414ms)
✔ RC-19: normal Stop then disposal fences queued completion without double native stop (3.586025ms)
✔ RC-19: inactive backend is not stopped unnecessarily (2.760536ms)
[RecorderEngine] dispose-stop-failed Error: stop refused
    at NativeRecorder.stop (file:///workspace/Auralprint1/tests/rc19-recorder-disposal.test.js:72:15)
    at Object.dispose (file:///tmp/rc19-8IcquY/recorder-engine.mjs:1374:63)
    at TestContext.<anonymous> (file:///workspace/Auralprint1/tests/rc19-recorder-disposal.test.js:232:27)
    at async Test.run (node:internal/test_runner/test:1389:7)
    at async Test.processPendingSubtests (node:internal/test_runner/test:960:7)
[RecorderEngine] dispose-stop-failed Error: stop refused
    at NativeRecorder.stop (file:///workspace/Auralprint1/tests/rc19-recorder-disposal.test.js:72:15)
    at Object.dispose (file:///tmp/rc19-8IcquY/recorder-engine.mjs:1374:63)
    at TestContext.<anonymous> (file:///workspace/Auralprint1/tests/rc19-recorder-disposal.test.js:232:27)
    at async Test.run (node:internal/test_runner/test:1389:7)
    at async Test.processPendingSubtests (node:internal/test_runner/test:960:7)
[RecorderEngine] recorder-handler-release-failed Error: cannot detach ondataavailable
    at NativeRecorder.set (file:///workspace/Auralprint1/tests/rc19-recorder-disposal.test.js:60:63)
    at releaseMediaRecorderInstance (file:///tmp/rc19-8IcquY/recorder-engine.mjs:520:31)
    at releaseActiveSession (file:///tmp/rc19-8IcquY/recorder-engine.mjs:531:30)
    at Object.dispose (file:///tmp/rc19-8IcquY/recorder-engine.mjs:1387:22)
    at TestContext.<anonymous> (file:///workspace/Auralprint1/tests/rc19-recorder-disposal.test.js:249:27)
    at async Test.run (node:internal/test_runner/test:1389:7)
    at async Test.processPendingSubtests (node:internal/test_runner/test:960:7)
[RecorderEngine] recorder-handler-release-failed Error: cannot detach onstop
    at NativeRecorder.set (file:///workspace/Auralprint1/tests/rc19-recorder-disposal.test.js:60:63)
    at releaseMediaRecorderInstance (file:///tmp/rc19-8IcquY/recorder-engine.mjs:520:31)
    at releaseActiveSession (file:///tmp/rc19-8IcquY/recorder-engine.mjs:531:30)
    at Object.dispose (file:///tmp/rc19-8IcquY/recorder-engine.mjs:1387:22)
    at TestContext.<anonymous> (file:///workspace/Auralprint1/tests/rc19-recorder-disposal.test.js:249:27)
    at async Test.run (node:internal/test_runner/test:1389:7)
    at async Test.processPendingSubtests (node:internal/test_runner/test:960:7)
[RecorderEngine] recorder-handler-release-failed Error: cannot detach onerror
    at NativeRecorder.set (file:///workspace/Auralprint1/tests/rc19-recorder-disposal.test.js:60:63)
    at releaseMediaRecorderInstance (file:///tmp/rc19-8IcquY/recorder-engine.mjs:520:31)
    at releaseActiveSession (file:///tmp/rc19-8IcquY/recorder-engine.mjs:531:30)
    at Object.dispose (file:///tmp/rc19-8IcquY/recorder-engine.mjs:1387:22)
    at TestContext.<anonymous> (file:///workspace/Auralprint1/tests/rc19-recorder-disposal.test.js:249:27)
    at async Test.run (node:internal/test_runner/test:1389:7)
    at async Test.processPendingSubtests (node:internal/test_runner/test:960:7)
[RecorderEngine] audio-stream-release-failed Error: owner cleanup refused
    at Object.releaseStream (file:///workspace/Auralprint1/tests/rc19-recorder-disposal.test.js:138:80)
    at releaseAudioStream (file:///tmp/rc19-8IcquY/recorder-engine.mjs:661:22)
    at releaseMergedStream (file:///tmp/rc19-8IcquY/recorder-engine.mjs:887:12)
    at releaseActiveSession (file:///tmp/rc19-8IcquY/recorder-engine.mjs:533:29)
    at Object.dispose (file:///tmp/rc19-8IcquY/recorder-engine.mjs:1387:22)
    at TestContext.<anonymous> (file:///workspace/Auralprint1/tests/rc19-recorder-disposal.test.js:260:25)
    at async Test.run (node:internal/test_runner/test:1389:7)
    at async Test.processPendingSubtests (node:internal/test_runner/test:960:7)
[RecorderEngine] media-recorder-create-failed Error: MediaRecorder could not be created: constructor refused
    at createRecorderError (file:///tmp/rc19-8IcquY/recorder-engine.mjs:297:17)
    at Object.start (file:///tmp/rc19-8IcquY/recorder-engine.mjs:1187:15)
    at TestContext.<anonymous> (file:///workspace/Auralprint1/tests/rc19-recorder-disposal.test.js:282:25)
    at async Test.run (node:internal/test_runner/test:1389:7)
    at async Test.processPendingSubtests (node:internal/test_runner/test:960:7) {
  recordingCode: 'media-recorder-create-failed',
  cause: Error: constructor refused
      at new NativeRecorder (file:///workspace/Auralprint1/tests/rc19-recorder-disposal.test.js:54:37)
      at Object.start (file:///tmp/rc19-8IcquY/recorder-engine.mjs:1185:33)
      at TestContext.<anonymous> (file:///workspace/Auralprint1/tests/rc19-recorder-disposal.test.js:282:25)
      at async Test.run (node:internal/test_runner/test:1389:7)
      at async Test.processPendingSubtests (node:internal/test_runner/test:960:7)
}
[RecorderEngine] media-recorder-start-failed Error: MediaRecorder could not start: start refused
    at createRecorderError (file:///tmp/rc19-8IcquY/recorder-engine.mjs:297:17)
    at Object.start (file:///tmp/rc19-8IcquY/recorder-engine.mjs:1220:15)
    at TestContext.<anonymous> (file:///workspace/Auralprint1/tests/rc19-recorder-disposal.test.js:282:25)
    at async Test.run (node:internal/test_runner/test:1389:7)
    at async Test.processPendingSubtests (node:internal/test_runner/test:960:7) {
  recordingCode: 'media-recorder-start-failed',
  cause: Error: start refused
      at NativeRecorder.start (file:///workspace/Auralprint1/tests/rc19-recorder-disposal.test.js:65:39)
      at Object.start (file:///tmp/rc19-8IcquY/recorder-engine.mjs:1218:31)
      at TestContext.<anonymous> (file:///workspace/Auralprint1/tests/rc19-recorder-disposal.test.js:282:25)
      at async Test.run (node:internal/test_runner/test:1389:7)
      at async Test.processPendingSubtests (node:internal/test_runner/test:960:7)
}
[RecorderEngine] recorder-error Error: native fatal error
    at NativeRecorder.error (file:///workspace/Auralprint1/tests/rc19-recorder-disposal.test.js:86:31)
    at TestContext.<anonymous> (file:///workspace/Auralprint1/tests/rc19-recorder-disposal.test.js:290:115)
    at async Test.run (node:internal/test_runner/test:1389:7)
    at async Test.processPendingSubtests (node:internal/test_runner/test:960:7)
✔ RC-19: explicit reinit creates a clean session immune to old callbacks and queued timers (31.975246ms)
✔ RC-19: native stop exception reports failure with actual recording state and still cleans up (3.506407ms)
✔ RC-19: native stop exception reports failure with actual inactive state and still cleans up (2.475865ms)
✔ RC-19: exceptional ondataavailable detachment still fences callbacks and releases remaining ownership (3.029833ms)
✔ RC-19: exceptional onstop detachment still fences callbacks and releases remaining ownership (2.421274ms)
✔ RC-19: exceptional onerror detachment still fences callbacks and releases remaining ownership (2.599318ms)
✔ RC-19: throwing audio-owner cleanup never falls back to stopping shared upstream tracks (3.594938ms)
✔ RC-19: file playback tap is released by AudioEngine without disturbing playback or analysis (4.606621ms)
✔ RC-19: failed capture acquisition/start then disposal creates no export or native stop (1.912534ms)
✔ RC-19: failed constructor acquisition/start then disposal creates no export or native stop (2.796268ms)
✔ RC-19: failed start acquisition/start then disposal creates no export or native stop (2.499771ms)
✔ RC-19: native error then dispose is terminal and cannot resurrect an export (2.577976ms)
✔ RC-20 portable/hosted contracts and isolated failure/mutation controls (960.406836ms)
ℹ test_artifact_external_portable_icon (__main__.Packaging.test_artifact_external_portable_icon) ... ok
test_artifact_malformed_manifest (__main__.Packaging.test_artifact_malformed_manifest) ... ok
test_artifact_missing_favicon (__main__.Packaging.test_artifact_missing_favicon) ... ok
test_artifact_missing_manifest_icon (__main__.Packaging.test_artifact_missing_manifest_icon) ... ok
test_artifact_root_only_hosted_metadata (__main__.Packaging.test_artifact_root_only_hosted_metadata) ... ok
test_artifact_root_relative_launch_and_scope (__main__.Packaging.test_artifact_root_relative_launch_and_scope) ... ok
test_artifact_shared_runtime_divergence (__main__.Packaging.test_artifact_shared_runtime_divergence) ... ok
test_artifact_stale_version_each_edition (__main__.Packaging.test_artifact_stale_version_each_edition) ... ok
test_both_contracts_and_asset_integrity (__main__.Packaging.test_both_contracts_and_asset_integrity) ... ok
test_build_absent_manifest_reference (__main__.Packaging.test_build_absent_manifest_reference) ... ok
test_build_corrupt_png_payload (__main__.Packaging.test_build_corrupt_png_payload) ... ok
test_build_external_portable_link (__main__.Packaging.test_build_external_portable_link) ... ok
test_build_invalid_icon (__main__.Packaging.test_build_invalid_icon) ... ok
test_build_malformed_manifest (__main__.Packaging.test_build_malformed_manifest) ... ok
test_build_missing_and_duplicate_markers (__main__.Packaging.test_build_missing_and_duplicate_markers) ... ok
test_build_missing_favicon (__main__.Packaging.test_build_missing_favicon) ... ok
test_build_missing_manifest_icon (__main__.Packaging.test_build_missing_manifest_icon) ... ok
test_build_rejects_external_scripts_and_stylesheets (__main__.Packaging.test_build_rejects_external_scripts_and_stylesheets) ... ok
test_build_unresolved_marker (__main__.Packaging.test_build_unresolved_marker) ... ok
test_build_unsafe_svg (__main__.Packaging.test_build_unsafe_svg) ... ok
test_build_wrong_manifest_mime (__main__.Packaging.test_build_wrong_manifest_mime) ... ok
test_build_wrong_png_dimensions (__main__.Packaging.test_build_wrong_png_dimensions) ... ok
test_old_declarations_are_a_preserved_negative_control (__main__.Packaging.test_old_declarations_are_a_preserved_negative_control) ... ok

----------------------------------------------------------------------
Ran 23 tests in 0.881s

OK

✔ RC-21: one-band, multi-band and empty targeting keep the selected channel's waveform and energy (3.073017ms)
ℹ [{"chanId":"L","bandIds":[0],"selected":0.9,"full":0.8,"waveform":0.75},{"chanId":"L","bandIds":[0,1],"selected":0.8,"full":0.8,"waveform":0.75},{"chanId":"L","bandIds":[],"selected":null,"full":0.8,"waveform":0.75},{"chanId":"R","bandIds":[0],"selected":0.1,"full":0.2,"waveform":-0.5},{"chanId":"R","bandIds":[0,1],"selected":0.2,"full":0.2,"waveform":-0.5},{"chanId":"R","bandIds":[],"selected":null,"full":0.2,"waveform":-0.5},{"chanId":"C","bandIds":[0],"selected":0.5,"full":0.6,"waveform":0.25},{"chanId":"C","bandIds":[0,1],"selected":0.45,"full":0.6,"waveform":0.25},{"chanId":"C","bandIds":[],"selected":null,"full":0.6,"waveform":0.25}]
✔ RC-21: actual rendered help explains channel ownership and band/empty targeting (8.316289ms)
ℹ Channel selects both the Orb's waveform and its band energies (Left, Right, or Center). Selected bands use that channel's energy. With no bands selected, the Orb uses its channel's full-spectrum energy.
✔ RC-22: collision cancellation/acceptance through generated button delegation preserves Ring and survivor (5.874164ms)
ℹ {"confirmation":"Remove Orb 1 (spectral-ring)? This cannot be undone.","persisted":["ORB1"],"ringSurvived":true,"focus":{"action":"edit","orbId":"ORB1"}}
✔ RC-22: reorder numbers and middle/end/empty nearest-survivor focus follow current runtime order (1.942658ms)
✔ RC-22: accepted opaque ID "spectral-ring" remains safe and removable (1.276244ms)
✔ RC-22: accepted opaque ID "ORB0" remains safe and removable (0.620206ms)
✔ RC-22: accepted opaque ID "ORB123" remains safe and removable (0.556271ms)
✔ RC-22: accepted opaque ID "custom string" remains safe and removable (0.504946ms)
✔ RC-22: accepted opaque ID "custom![]#\"<>&" remains safe and removable (0.557853ms)
✔ RC-22: stale missing target cannot confirm or remove a matching Ring (0.755425ms)
✔ RC-22: failed removal keeps focus, settings and list; refresh/init do not duplicate listeners (0.64342ms)
✔ RC-22: generated Edit/Add/Duplicate actions retain stable IDs, numbering and focus (2.323541ms)
[RecorderEngine] media-recorder-create-failed Error: MediaRecorder could not be created: injected constructor failure
    at createRecorderError (file:///workspace/Auralprint1/src/js/recording/recorder-engine.js:297:17)
    at Object.start (file:///workspace/Auralprint1/src/js/recording/recorder-engine.js:1187:15)
    at TestContext.<anonymous> (file:///workspace/Auralprint1/tests/recording-export.test.js:126:35)
    ... 5 lines matching cause stack trace ...
    at async startSubtestAfterBootstrap (node:internal/test_runner/harness:387:3) {
  recordingCode: 'media-recorder-create-failed',
  cause: Error: injected constructor failure
      at new FakeRecorder (file:///workspace/Auralprint1/tests/recording-export.test.js:32:37)
      at Object.start (file:///workspace/Auralprint1/src/js/recording/recorder-engine.js:1185:33)
      at TestContext.<anonymous> (file:///workspace/Auralprint1/tests/recording-export.test.js:126:35)
      at Test.runInAsyncScope (node:async_hooks:227:14)
      at Test.run (node:internal/test_runner/test:1382:25)
      at Test.processPendingSubtests (node:internal/test_runner/test:960:18)
      at Test.postRun (node:internal/test_runner/test:1522:19)
      at Test.run (node:internal/test_runner/test:1447:12)
      at async startSubtestAfterBootstrap (node:internal/test_runner/harness:387:3)
}
✔ RC-06: successful A survives failed B acquisition (32.796687ms)
[RecorderEngine] media-recorder-start-failed Error: MediaRecorder could not start: injected start failure
    at createRecorderError (file:///workspace/Auralprint1/src/js/recording/recorder-engine.js:297:17)
    at Object.start (file:///workspace/Auralprint1/src/js/recording/recorder-engine.js:1220:15)
    at TestContext.<anonymous> (file:///workspace/Auralprint1/tests/recording-export.test.js:126:35)
    ... 5 lines matching cause stack trace ...
    at async Test.processPendingSubtests (node:internal/test_runner/test:960:7) {
  recordingCode: 'media-recorder-start-failed',
  cause: Error: injected start failure
      at FakeRecorder.start (file:///workspace/Auralprint1/tests/recording-export.test.js:38:31)
      at Object.start (file:///workspace/Auralprint1/src/js/recording/recorder-engine.js:1218:31)
      at TestContext.<anonymous> (file:///workspace/Auralprint1/tests/recording-export.test.js:126:35)
      at Test.runInAsyncScope (node:async_hooks:227:14)
      at Test.run (node:internal/test_runner/test:1382:25)
      at Test.processPendingSubtests (node:internal/test_runner/test:960:18)
      at Test.postRun (node:internal/test_runner/test:1522:19)
      at Test.run (node:internal/test_runner/test:1447:12)
      at async Test.processPendingSubtests (node:internal/test_runner/test:960:7)
}
✔ RC-06: successful A survives failed B constructor (2.867484ms)
✔ RC-06: successful A survives failed B start (1.659661ms)
[RecorderEngine] recorder-error Error: injected recorder error
    at FakeRecorder.error (file:///workspace/Auralprint1/tests/recording-export.test.js:47:39)
    at TestContext.<anonymous> (file:///workspace/Auralprint1/tests/recording-export.test.js:150:5)
    at async Test.run (node:internal/test_runner/test:1389:7)
    at async Test.processPendingSubtests (node:internal/test_runner/test:960:7)
✔ RC-06: successful A survives B recorder error and stale callbacks (4.226871ms)
[RecorderEngine] no-captured-chunks Error: Recording finished without any captured data.
    at createRecorderError (file:///workspace/Auralprint1/src/js/recording/recorder-engine.js:297:17)
    at assembleCompletedRecordingExport (file:///workspace/Auralprint1/src/js/recording/recorder-engine.js:689:13)
    at finalizeStoppedRecorder (file:///workspace/Auralprint1/src/js/recording/recorder-engine.js:1032:31)
    at runtime.mediaRecorder.onstop (file:///workspace/Auralprint1/src/js/recording/recorder-engine.js:1213:44)
    at FakeRecorder.finish (file:///workspace/Auralprint1/tests/recording-export.test.js:46:29)
    at TestContext.<anonymous> (file:///workspace/Auralprint1/tests/recording-export.test.js:188:7)
    at async Test.run (node:internal/test_runner/test:1389:7)
    at async Test.processPendingSubtests (node:internal/test_runner/test:960:7) {
  recordingCode: 'no-captured-chunks'
}
✔ RC-06: successful A survives B finalization failure (noChunks) (1.840788ms)
[RecorderEngine] empty-recording-export Error: Recording export is empty.
    at createRecorderError (file:///workspace/Auralprint1/src/js/recording/recorder-engine.js:297:17)
    at assembleCompletedRecordingExport (file:///workspace/Auralprint1/src/js/recording/recorder-engine.js:696:13)
    at finalizeStoppedRecorder (file:///workspace/Auralprint1/src/js/recording/recorder-engine.js:1032:31)
    at runtime.mediaRecorder.onstop (file:///workspace/Auralprint1/src/js/recording/recorder-engine.js:1213:44)
    at FakeRecorder.finish (file:///workspace/Auralprint1/tests/recording-export.test.js:46:29)
    at TestContext.<anonymous> (file:///workspace/Auralprint1/tests/recording-export.test.js:188:7)
    at async Test.run (node:internal/test_runner/test:1389:7)
    at async Test.processPendingSubtests (node:internal/test_runner/test:960:7) {
  recordingCode: 'empty-recording-export'
}
✔ RC-06: successful A survives B finalization failure (emptyBlob) (1.827148ms)
[RecorderEngine] export-filename-unresolved Error: Recording export filename could not be resolved.
    at createRecorderError (file:///workspace/Auralprint1/src/js/recording/recorder-engine.js:297:17)
    at assembleCompletedRecordingExport (file:///workspace/Auralprint1/src/js/recording/recorder-engine.js:701:13)
    at finalizeStoppedRecorder (file:///workspace/Auralprint1/src/js/recording/recorder-engine.js:1032:31)
    at runtime.mediaRecorder.onstop (file:///workspace/Auralprint1/src/js/recording/recorder-engine.js:1213:44)
    at FakeRecorder.finish (file:///workspace/Auralprint1/tests/recording-export.test.js:46:29)
    at TestContext.<anonymous> (file:///workspace/Auralprint1/tests/recording-export.test.js:188:7)
    at async Test.run (node:internal/test_runner/test:1389:7)
    at async Test.processPendingSubtests (node:internal/test_runner/test:960:7) {
  recordingCode: 'export-filename-unresolved'
}
✔ RC-06: successful A survives B finalization failure (filename) (1.518091ms)
[RecorderEngine] object-url-create-failed Error: Recording export URL could not be created: injected URL creation failure
    at createRecorderError (file:///workspace/Auralprint1/src/js/recording/recorder-engine.js:297:17)
    at assembleCompletedRecordingExport (file:///workspace/Auralprint1/src/js/recording/recorder-engine.js:708:13)
    at finalizeStoppedRecorder (file:///workspace/Auralprint1/src/js/recording/recorder-engine.js:1032:31)
    ... 4 lines matching cause stack trace ...
    at async Test.processPendingSubtests (node:internal/test_runner/test:960:7) {
  recordingCode: 'object-url-create-failed',
  cause: Error: injected URL creation failure
      at URL.createObjectURL (file:///workspace/Auralprint1/tests/recording-export.test.js:64:33)
      at assembleCompletedRecordingExport (file:///workspace/Auralprint1/src/js/recording/recorder-engine.js:706:23)
      at finalizeStoppedRecorder (file:///workspace/Auralprint1/src/js/recording/recorder-engine.js:1032:31)
      at runtime.mediaRecorder.onstop (file:///workspace/Auralprint1/src/js/recording/recorder-engine.js:1213:44)
      at FakeRecorder.finish (file:///workspace/Auralprint1/tests/recording-export.test.js:46:29)
      at TestContext.<anonymous> (file:///workspace/Auralprint1/tests/recording-export.test.js:188:7)
      at async Test.run (node:internal/test_runner/test:1389:7)
      at async Test.processPendingSubtests (node:internal/test_runner/test:960:7)
}
✔ RC-06: successful A survives B finalization failure (objectUrl) (1.488448ms)
[RecorderEngine] finalize-failed Error: injected Blob failure
    at new globalThis.Blob (file:///workspace/Auralprint1/tests/recording-export.test.js:184:81)
    at assembleCompletedRecordingExport (file:///workspace/Auralprint1/src/js/recording/recorder-engine.js:692:18)
    at finalizeStoppedRecorder (file:///workspace/Auralprint1/src/js/recording/recorder-engine.js:1032:31)
    at runtime.mediaRecorder.onstop (file:///workspace/Auralprint1/src/js/recording/recorder-engine.js:1213:44)
    at FakeRecorder.finish (file:///workspace/Auralprint1/tests/recording-export.test.js:46:29)
    at TestContext.<anonymous> (file:///workspace/Auralprint1/tests/recording-export.test.js:188:7)
    at async Test.run (node:internal/test_runner/test:1389:7)
    at async Test.processPendingSubtests (node:internal/test_runner/test:960:7)
✔ RC-06: successful A survives B finalization failure (blobThrows) (1.325747ms)
[RecorderEngine] finalize-failed Error: injected failure after URL assembly
    at Object.getRenderTap (file:///workspace/Auralprint1/tests/recording-export.test.js:80:15)
    at readSupportDetails (file:///workspace/Auralprint1/src/js/recording/recorder-engine.js:188:36)
    at finalizeStoppedRecorder (file:///workspace/Auralprint1/src/js/recording/recorder-engine.js:1041:18)
    at runtime.mediaRecorder.onstop (file:///workspace/Auralprint1/src/js/recording/recorder-engine.js:1213:44)
    at FakeRecorder.finish (file:///workspace/Auralprint1/tests/recording-export.test.js:46:29)
    at TestContext.<anonymous> (file:///workspace/Auralprint1/tests/recording-export.test.js:188:7)
    at async Test.run (node:internal/test_runner/test:1389:7)
    at async Test.processPendingSubtests (node:internal/test_runner/test:960:7)
[RecorderEngine] stop-failed Error: injected stop failure
    at FakeRecorder.stop (file:///workspace/Auralprint1/tests/recording-export.test.js:42:30)
    at Object.stop (file:///workspace/Auralprint1/src/js/recording/recorder-engine.js:1306:29)
    at TestContext.<anonymous> (file:///workspace/Auralprint1/tests/recording-export.test.js:211:35)
    at Test.runInAsyncScope (node:async_hooks:227:14)
    at Test.run (node:internal/test_runner/test:1382:25)
    at Test.processPendingSubtests (node:internal/test_runner/test:960:18)
    at Test.postRun (node:internal/test_runner/test:1522:19)
    at Test.run (node:internal/test_runner/test:1447:12)
    at async Test.processPendingSubtests (node:internal/test_runner/test:960:7)
✔ RC-06: successful A survives B finalization failure (afterUrl) (2.397169ms)
✔ RC-06: successful A survives B stop exception (1.253741ms)
✔ RC-06: successful A survives B inactive recorder (1.484923ms)
✔ RC-06: successful B commits before revoking A exactly once; repeated replacement does not leak (1.920085ms)
✔ RC-06: first recording works without a previous export (0.737929ms)
✔ RC-06: reset retains the completed export (0.73202ms)
✔ RC-06: completed-export disposal revokes and clears exactly once (0.592425ms)
✔ AUD-002 / RC-06: retained export survives File AudioContext startup failure (6.751058ms)
✔ F4-CLEANUP-01 / RC-06: retained export survives decoder File cleanup (4.130529ms)
✔ F4-CLEANUP-01 / RC-06: retained export survives graph File cleanup (2.977407ms)
✔ RC-10: rendered Orb lock uses current-frame first Orb after variable deltas and reconciliation (2.994221ms)
✔ template structure reader retains nested ancestry and duplicate IDs across void tags and comments (1.911373ms)
✔ preset buttons exist once under Scene Settings and never under Visualizers (0.518766ms)
✔ Settings copy retains canonical Scene IDs alongside Visualizers (0.375775ms)
✔ Scene panel initializes idempotently from the canonical source enum (1.561505ms)
✔ Scene refresh is reference guarded and source readouts follow selected labels (0.638633ms)
✔ Scene controls mutate only historical schema-10 fields (0.427691ms)
✔ Visualizers contains one inventory, Ring editor, Orb editor host, management and all 13 bulk fields (0.897566ms)
✔ retired Orbs workspace and escape hatch are absent and every template ID is unique (1.086003ms)
✔ Performance resource controls have scene ownership, explicit numeric labels, help and warning (0.590622ms)
✔ budget numeric editing commits change only, refuses invalid/empty, preserves focus and listener identity (0.891035ms)
✔ diagnostics read actual governor fields even with unchanged settings; unchanged text avoids DOM writes (0.357758ms)
✔ RC-14: touchcancel terminates touch drag ownership before unrelated moves (5.043427ms)
✔ RC-14: touchend terminates touch drag ownership before unrelated moves (0.310388ms)
✔ RC-14: reset terminates touch drag ownership before unrelated moves (0.242187ms)
✔ RC-14: load terminates touch drag ownership before unrelated moves (0.336487ms)
✔ RC-14: init terminates touch drag ownership before unrelated moves (0.172244ms)
✔ non-divisible waveform buckets include a final-sample impulse (1.31415ms)
✔ short buffers retain a terminal impulse at the end of the timeline (0.174007ms)
✔ a middle impulse maps to the corresponding middle waveform region (0.110293ms)
✔ multi-channel terminal peaks use absolute magnitude (0.100298ms)
✔ ordinary long buffers use proportional intervals and peak semantics (0.268567ms)
✔ zero-length channel data returns finite zero-filled peaks (0.1689ms)
✔ Spectral Ring editor exposes every schema-10 presentation field and owned limits (1.574745ms)
✔ Spectral Ring refresh is runtime-settings reference guarded (0.35231ms)
✔ Stream graph preserves L/R output indices, Center adaptation, and upstream recorder ownership (7.141425ms)
[RecorderEngine] dispose-stop-failed TypeError: recorder.stop is not a function
    at Object.dispose (file:///workspace/Auralprint1/src/js/recording/recorder-engine.js:1374:63)
    at Object.restore (file:///workspace/Auralprint1/tests/targeted-audit.test.js:605:28)
    at TestContext.<anonymous> (file:///workspace/Auralprint1/tests/targeted-audit.test.js:2938:13)
    at Test.runInAsyncScope (node:async_hooks:227:14)
    at Test.run (node:internal/test_runner/test:1382:25)
    at Test.processPendingSubtests (node:internal/test_runner/test:960:18)
    at Test.postRun (node:internal/test_runner/test:1522:19)
    at Test.run (node:internal/test_runner/test:1447:12)
    at async Test.processPendingSubtests (node:internal/test_runner/test:960:7)
[RecorderEngine] dispose-stop-failed TypeError: recorder.stop is not a function
    at Object.dispose (file:///workspace/Auralprint1/src/js/recording/recorder-engine.js:1374:63)
    at Object.restore (file:///workspace/Auralprint1/tests/targeted-audit.test.js:605:28)
    at TestContext.<anonymous> (file:///workspace/Auralprint1/tests/targeted-audit.test.js:2966:13)
    at Test.runInAsyncScope (node:async_hooks:227:14)
    at Test.run (node:internal/test_runner/test:1382:25)
    at Test.processPendingSubtests (node:internal/test_runner/test:960:18)
    at Test.postRun (node:internal/test_runner/test:1522:19)
    at Test.run (node:internal/test_runner/test:1447:12)
    at async Test.processPendingSubtests (node:internal/test_runner/test:960:7)
[RecorderEngine] dispose-stop-failed TypeError: recorder.stop is not a function
    at Object.dispose (file:///workspace/Auralprint1/src/js/recording/recorder-engine.js:1374:63)
    at Object.restore (file:///workspace/Auralprint1/tests/targeted-audit.test.js:605:28)
    at TestContext.<anonymous> (file:///workspace/Auralprint1/tests/targeted-audit.test.js:2995:13)
    at Test.runInAsyncScope (node:async_hooks:227:14)
    at Test.run (node:internal/test_runner/test:1382:25)
    at Test.processPendingSubtests (node:internal/test_runner/test:960:18)
    at Test.postRun (node:internal/test_runner/test:1522:19)
    at Test.run (node:internal/test_runner/test:1447:12)
    at async Test.processPendingSubtests (node:internal/test_runner/test:960:7)
✔ development version metadata and schema remain aligned (2.47871ms)
✔ per-Orb commits use one canonical runtime sync and Orb editor refresh authority (0.655027ms)
✔ normalizeOrbDef preserves fallback routing when chanId and bandIds are omitted (1.181044ms)
✔ normalizeOrbDef still honors explicit incoming routing and band selections (0.205803ms)
✔ normalizeOrbDef clamps hue and sanitizes Build 115 orb fields (0.29084ms)
✔ normalizeOrbDef defaults missing v8 orb fields to Build 115 values (0.259203ms)
✔ URL preset schema 9 round-trips per-orb Build 115 fields (2.134882ms)
✔ UI refreshAllUiText renders generated per-Orb editor cards (27.268723ms)
✔ UI refreshAllUiText represents the current VisualizerRuntime composition (5.862967ms)
✔ URL preset schema 8 orb payloads migrate to Build 115 defaults (0.764168ms)
✔ buildWaveformPeaks keeps mono peak behavior unchanged (0.320123ms)
✔ buildWaveformPeaks includes non-silent right-channel data (0.193986ms)
✔ scrubber touchmove does not cancel window scrolling outside an active drag (0.372319ms)
✔ scrubber active touch drag still prevents default and seeks (0.231572ms)
✔ Scrubber.draw keeps the Build 113 idle file copy when no source is active (0.50754ms)
✔ Scrubber.draw uses honest microphone copy instead of fake track text (0.404477ms)
✔ Scrubber.draw uses honest stream copy instead of fake track text (0.321014ms)
✔ AudioEngine.loadFile does not tear down the freshly created media element during attach (7.928267ms)
✔ AudioEngine.loadFile clears loaded state and reports late file errors after a paused load succeeds (0.38597ms)
✔ deferred file playback errors clear the active file session and block recording restart (2.112289ms)
✔ AudioEngine.getRecorderTap reuses active live-stream audio without local playback or lifecycle ownership (0.426129ms)
✔ readSourceUiModel keeps microphone mode honest about file-only affordances (0.239184ms)
✔ readSourceUiModel keeps stream mode honest about live-source affordances (0.201187ms)
✔ Stream status exposes 2ch, mono, and multichannel capture separately from analysed content (0.166736ms)
✔ Stream status retains the existing format when capture channel count is unknown (0.160637ms)
✔ inactive Stream and Mic status never expose stale Stream capture metadata (0.169991ms)
✔ readSourceUiModel treats File as the idle workflow side without implying an active file source (0.113457ms)
✔ readSourceUiModel surfaces retained live-input errors after returning to file-workflow idle (0.085306ms)
✔ URL preset serialization excludes runtime source and recording state (0.567227ms)
✔ URL preset round-trips persisted config fields that were previously dropped on decode (0.80605ms)
✔ UI clears retained live-input errors on explicit file-workflow reset (10.736053ms)
✔ UI clears retained live-input errors when Clear Queue resets file workflow to empty (3.090164ms)
✔ UI clears retained live-input errors when removing the last queued file resets file workflow to empty (2.64842ms)
✔ UI refreshAllUiText keeps file-mode status and selector copy honest in idle and loaded states (3.517264ms)
✔ UI source selector copy reflects support, requesting, active, and error truth (7.296433ms)
✔ UI disables file-only controls with clear file-mode-only affordances in live workflows (3.622028ms)
✔ first-run load hint hides when a file source becomes active (1.407999ms)
✔ first-run load hint hides when microphone input becomes active (1.480015ms)
✔ first-run load hint hides when stream input becomes active (1.161945ms)
✔ first-run load hint stays visible while microphone permission is still being requested (1.086875ms)
✔ first-run load hint stays visible while stream permission is still being requested (6.905687ms)
✔ first-run load hint stays visible after denied live-source activation errors (5.875175ms)
✔ first-run load hint stays hidden after a successful live session returns to idle file workflow (10.182786ms)
✔ UI keeps queue panel recoverable across live source switches and audio panel hiding (4.227693ms)
✔ UI finalizing locks destructive file transport actions while leaving non-destructive file controls available (2.075985ms)
✔ UI refreshes an already-open queue when recording enters finalizing (2.245215ms)
✔ UI re-enables an already-open queue when recording leaves finalizing (1.694812ms)
✔ UI finalizing blocks destructive file transport interactions and keeps file workflow state stable (2.500712ms)
✔ UI restores the recording panel after global hide when it was previously visible (1.725838ms)
✔ UI keeps the recording launcher reachable after global hide when the panel was already hidden (2.744833ms)
✔ UI workspace launcher toggles panels and active states without hiding launchers (1.307501ms)
✔ UI workspace launcher collapse keeps the shell recoverable (1.446706ms)
✔ dynamic Orb editor keeps stable card identity across UI refresh (1.290665ms)
✔ dynamic Orb editor does not retain fixed-slot controls (1.224077ms)
✔ global view toggle restores the prior panel selection and disclosure keys do not pause simulation (1.403583ms)
✔ UI blocks live-source switching during active recording without touching the active source session (1.413286ms)
✔ UI refreshRecordingUi renders source-aware recording copy across file and live workflows (14.972829ms)
✔ RecorderEngine.start allows an active microphone source without file transport state (2.359053ms)
✔ RecorderEngine.start merges live stream audio even when no file transport is loaded (0.583902ms)
✔ RecorderEngine.start keeps active stream capture video-only when recording audio is disabled (0.492487ms)
✔ UI.getRecordingUiModel allows active stream sessions to start recording without a loaded file (0.41283ms)
✔ prepareWatchBuild creates clean build output directories (21.23101ms)
✔ Spectral Ring presentation has one Visualizers owner while shared colors live in Scene (0.625684ms)
✔ 115L exposes one Scene color owner and removes the active Bands shell (0.391708ms)
✔ preset sanitation uses Scene color and Spectral Ring line limit owners (0.172244ms)
✔ Copy Share Link writes the canonical schema-10 hash and reports only in Settings (3.915471ms)
✔ Share clipboard fallback retains the URL and reports only in Settings (2.664104ms)
✔ Apply URL Preset uses canonical apply, conditional BandBank rebuild and Settings feedback (3.105605ms)
✔ missing and invalid URL presets report only in Settings and retain preferences (2.279195ms)
✔ Reset All Settings restores complete CONFIG defaults and reports only in Settings (2.537366ms)
✔ Scene control commits use Settings feedback while Bulk Orb commits use Visualizers feedback (3.177222ms)
✔ M.H Analysis edits report only through Analysis, including validation and band rebuild options (3.110213ms)
✔ M.H repeat, mute and volume use the existing Audio toast and restore source status after expiry (5.914593ms)
✔ M.H individual Orb and Spectral Ring edits emit only Visualizer feedback (13.045864ms)
✔ M.H generic preference application is status-neutral and internal synchronization stays silent (2.278845ms)
✔ Settings toasts survive applyPrefs, replace prior timers, and restore the default lane (2.044599ms)
✔ hashchange preset application also reports through Settings without an Orb toast (2.082565ms)
✔ Visualizers bulk motion.angularSpeedRadPerSec reports mixed and applies canonically to every Orb (2.225076ms)
✔ Visualizers bulk response.minRadiusFrac reports mixed and applies canonically to every Orb (2.011049ms)
✔ Visualizers bulk response.maxRadiusFrac reports mixed and applies canonically to every Orb (1.925944ms)
✔ Visualizers bulk response.waveformRadialDisplaceFrac reports mixed and applies canonically to every Orb (2.138799ms)
✔ Visualizers bulk trace.lines reports mixed and applies canonically to every Orb (2.016618ms)
✔ Visualizers bulk trace.numLines reports mixed and applies canonically to every Orb (1.967775ms)
✔ Visualizers bulk trace.lineColorMode reports mixed and applies canonically to every Orb (2.449687ms)
✔ Visualizers bulk particles.emitPerSecond reports mixed and applies canonically to every Orb (1.937641ms)
✔ Visualizers bulk particles.sizeMaxPx reports mixed and applies canonically to every Orb (2.664384ms)
✔ Visualizers bulk particles.sizeMinPx reports mixed and applies canonically to every Orb (2.496847ms)
✔ Visualizers bulk particles.sizeToMinSec reports mixed and applies canonically to every Orb (2.698925ms)
✔ Visualizers bulk particles.ttlSec reports mixed and applies canonically to every Orb (2.150385ms)
✔ Visualizers bulk particles.minPlacementDistancePx reports mixed and applies canonically to every Orb (14.417168ms)
✔ Ring and persistent-ID Orb Edit open existing editors inside Visualizers (3.009333ms)
✔ collection actions create and remove local editors and recover focus through zero Orbs (6.764017ms)
✔ M.C relocated Orb roots, disclosure, picker, focus and scroll survive normal commits (2.828336ms)
✔ spacing individual live edit retains Orb phase, particles, editor focus, and survives unrelated collection changes (7.070511ms)
✔ Visualizers tooltip discovery includes Ring, bulk and newly added Orb controls exactly once (9.11567ms)
✔ Visualizers focus round-trip and H/View restore the same layout with local editors (2.538409ms)
✔ RC-13: queue removal retains neighboring action focus and empty queue restores Hide (3.351639ms)
✔ RC-13: queue activation/refresh preserves row focus and never steals outside focus (5.350291ms)
✔ RC-12: picker admits empty MIME to canonical activation (2.853614ms)
✔ RC-12: picker admits application/ogg to canonical activation (2.123075ms)
✔ RC-12: picker admits application/octet-stream to canonical activation (1.924291ms)
✔ RC-12: picker admits video/mp4 to canonical activation (2.256532ms)
✔ RC-12: picker admits audio/wav to canonical activation (1.678999ms)
✔ RC-12: picker decoder failure remains truthful for admitted metadata (2.389999ms)
✔ RC-12: drop admits empty MIME to canonical activation (1.783243ms)
✔ RC-12: drop admits application/ogg to canonical activation (1.975046ms)
✔ RC-12: drop admits application/octet-stream to canonical activation (1.969778ms)
✔ RC-12: drop admits video/mp4 to canonical activation (1.763013ms)
✔ RC-12: drop admits audio/wav to canonical activation (1.688213ms)
✔ RC-12: drop decoder failure remains truthful for admitted metadata (1.843953ms)
✔ RC-02: clear during delayed context resume leaves an empty workflow (1.852826ms)
✔ RC-02: final-remove during delayed context resume leaves an empty workflow (1.396042ms)
✔ RC-02: Clear during delayed load-time play resolve ignores stale commits and callbacks (2.564878ms)
✔ RC-02: Clear during delayed load-time play reject ignores stale commits and callbacks (2.20775ms)
✔ RC-02: two-file picker batch cannot repopulate after Clear (1.769263ms)
✔ RC-02: two-file drop batch cannot repopulate after Clear (2.137947ms)
✔ RC-02: ordinary single file still loads, plays, and notifies recording (3.053199ms)
✔ RC-02: ordinary A/B/C picker batch preserves order and first activation (2.379774ms)
✔ RC-02: picker B/C appends once without replacing active A (1.905523ms)
✔ RC-02: ordinary A/B/C drop batch preserves order and first activation (1.660532ms)
✔ RC-02: drop B/C appends once without replacing active A (1.704867ms)
✔ RC-02: a new user action can load normally after cancellation (2.238675ms)
✔ Ring commits retain the singleton editor and truthful inventory visibility (2.439803ms)
✔ RC-05: next track defers during finalization and loads/plays exactly once after completion (46.909205ms)
✔ RC-05: Repeat One defers during finalization and loads/plays exactly once after completion (16.798494ms)
✔ RC-05: Repeat All defers during finalization and loads/plays exactly once after completion (2.815137ms)
✔ RC-05: no-next/repeat-off clears pending ownership before reentrant and repeated refresh (2.066692ms)
✔ RC-05: export failure still releases EOF without overwriting recording error (2.269701ms)
✔ RC-05: stale pending EOF is discarded after queue-file (2.053733ms)
✔ RC-05: stale pending EOF is discarded after media-element (1.629816ms)
✔ RC-05: stale pending EOF is discarded after live-workflow (1.890642ms)
✔ RC-05: stale pending EOF is discarded after teardown (1.914927ms)
✔ RC-05: stale pending EOF is discarded after clear (1.610387ms)
✔ RC-05: stale pending EOF is discarded after replacement (2.022116ms)
✔ RC-05: repeat one is captured at EOF despite later preference none (2.172237ms)
✔ RC-05: repeat none is captured at EOF despite later preference one (2.096055ms)
✔ RC-05: repeat all is captured at EOF despite later preference none (2.584927ms)
✔ RC-05: ordinary EOF in idle advances immediately through normal File ownership (2.175422ms)
✔ RC-05: ordinary EOF in recording advances immediately through normal File ownership (2.075925ms)
✔ RC-05: ordinary EOF in complete advances immediately through normal File ownership (1.698538ms)
✔ RC-05: ordinary EOF in error advances immediately through normal File ownership (1.771166ms)
✔ RC-15 phase 3: tooltip discovery indexes labels once while preserving associations and listener identity (5.216402ms)
✔ RC-15 budgets: committed Settings edits synchronize without recreating governor, Orb history or focus (2.436999ms)
✔ AUD-001: pending selected removal authorizes only successor (distinct) (2.315729ms)
✔ AUD-001: pending selected removal authorizes only successor (same-name) (2.185748ms)
✔ AUD-001: pending selected removal authorizes only successor (same-file) (1.346177ms)
✔ AUD-001: pending replacement removal preserves requested autoplay true (2.195762ms)
✔ AUD-001: pending replacement removal preserves requested autoplay false (1.892354ms)
✔ AUD-001: unrelated removal at 0 preserves pending B entry and intent (1.91012ms)
✔ AUD-001: unrelated removal at 2 preserves pending B entry and intent (1.629626ms)
✔ AUD-001: A to B to C supersession authorizes only C (1.583838ms)
✔ AUD-001: removal during native media Play resolve cannot complete removed A (1.642786ms)
✔ AUD-001: removal during native media Play reject cannot complete removed A (2.118188ms)
✔ AUD-001 / RC-05: deferred EOF cannot transfer to a duplicate File entry (1.682484ms)
✔ AUD-001: request guard requires selected entry identity (same-name) (1.583859ms)
✔ AUD-001: request guard requires selected entry identity (same-file) (1.434488ms)
✔ AUD-002: UI picker current startup failure settles and notifies exactly once (2.083126ms)
✔ AUD-002: UI drop current startup failure settles and notifies exactly once (1.557579ms)
✔ AUD-002: UI next current startup failure settles and notifies exactly once (2.112239ms)
✔ AUD-002: UI prev current startup failure settles and notifies exactly once (2.18768ms)
✔ AUD-002: UI row current startup failure settles and notifies exactly once (1.89569ms)
✔ AUD-002: UI shortcut-next current startup failure settles and notifies exactly once (2.205216ms)
✔ AUD-002: UI shortcut-prev current startup failure settles and notifies exactly once (3.198823ms)
✔ AUD-002: UI eof current startup failure settles and notifies exactly once (2.147281ms)
✔ AUD-002: UI repeat-one current startup failure settles and notifies exactly once (1.833237ms)
✔ AUD-002: UI remove-successor current startup failure settles and notifies exactly once (2.078529ms)
✔ AUD-002: UI Play rejection boundary current is owned and contained (3.257881ms)
✔ AUD-002: UI Play rejection boundary clear is owned and contained (1.486375ms)
✔ AUD-002: UI Play rejection boundary replacement is owned and contained (1.827398ms)
✔ AUD-002: synchronous load-time native Play throw reaches structured UI failure (1.45605ms)
✔ F4-CLEANUP-01: UI picker hard decoder failure cleans resources and notifies exactly once (1.953074ms)
✔ F4-CLEANUP-01: UI drop hard decoder failure cleans resources and notifies exactly once (22.966963ms)
✔ RC-04: Clear during delayed Play resolve leaves the workflow idle without commits (6.259012ms)
✔ RC-04: Clear during delayed Play reject leaves the workflow idle without commits (2.686396ms)
✔ RC-04: Clear during delayed resume never invokes old Play (2.7162ms)
✔ RC-04: replacement (paused) during resume retains ownership (2.745585ms)
✔ RC-04: replacement (paused) during Play resolve retains ownership (2.999669ms)
✔ RC-04: replacement (paused) during Play reject retains ownership (3.337769ms)
✔ RC-04: replacement (playing) during resume retains ownership (2.326545ms)
✔ RC-04: replacement (playing) during Play resolve retains ownership (4.07062ms)
✔ RC-04: replacement (playing) during Play reject retains ownership (2.235831ms)
✔ RC-04: ordinary Play succeeds and clears the current playback error (2.618666ms)
✔ RC-04: ordinary Pause is synchronous and reflects the current element (1.916249ms)
✔ RC-04: current Play rejection retains truthful playback failure (2.282962ms)
✔ RC-04: Play with no loaded element is a quiet no-op (1.146193ms)
✔ AUD-002: current Play resume failure retains File/media/session and retry clears its error (5.120961ms)
✔ AUD-002: obsolete Play resume rejects after clear without reads or writes (2.638016ms)
✔ AUD-002: obsolete Play resume rejects after replacement without reads or writes (2.650063ms)
✔ AUD-002: obsolete Play resume rejects after File to mic without touching winner (3.553868ms)
✔ AUD-002: obsolete Play resume rejects after File to stream without touching winner (3.226214ms)
✔ AUD-002: synchronous current native Play throw is a recoverable media error (2.670302ms)
✔ AUD-002: Play retry after failed resume and File replacement acts only on replacement (2.312515ms)
✔ live URL preset preserves the old runtime band definition until the canonical apply rebuilds BandBank (3.366691ms)
✔ live URL preset with an unchanged band definition avoids a BandBank rebuild (0.671421ms)
✔ current visualizers have stable identities and deterministic overlay-before-orb composition (1.71294ms)
✔ Orb adapter consumes AnalysisFrame routing and preserves pause and selected-band semantics (0.324269ms)
✔ selected Orb analysis routes L/R/C spectra and preserves first-band tie semantics (0.217361ms)
✔ ColorPolicy scopes only inherited dominant color to a selected target (0.392659ms)
✔ Orb visualizer passes selected dominant context through Orb.step into inherited particle color (0.81272ms)
✔ Spectral Ring freezes free motion while paused and preserves current Orb lock (0.298611ms)
✔ Spectral Ring enablement controls render without introducing separate state (0.247035ms)
✔ visuals and track resets retain their distinct phase and trail contracts (0.224411ms)
✔ rebuild disposes old participants exactly once and wraps only current Orb objects (0.564194ms)
✔ reconcile retains surviving adapters, disposes removals once, and reorders by Orb order (0.557963ms)
✔ zero-Orb orb-locked Spectral Ring remains stable and resets safely (0.144173ms)
✔ inventory follows runtime order across Spectral Ring and zero/one/two/N Orbs (1.681543ms)
✔ inventory reports lifecycle visibility, Orb targets, and unknown types truthfully (0.290489ms)
✔ panel refresh is reference-guarded, responds to replacement, and keeps Add Orb available at zero (1.284637ms)
✔ panel initialization is idempotent and Add Orb wires once (0.588248ms)
✔ Orb management uses stable IDs, confirmation, and excludes non-Orb rows (0.579255ms)
✔ RC-15 phase 3: refused Add/Duplicate at admission ceiling preserve focused DOM and collection (78.236152ms)
✔ RC-13: Queue Hide preserves visible focus ownership — Audio visible (1.608024ms)
✔ RC-13: Queue Hide preserves visible focus ownership — Audio hidden (0.180867ms)
✔ RC-13: Queue Hide preserves visible focus ownership — Audio hidden with collapsed launcher (0.210932ms)
✔ RC-13: Queue Hide preserves visible focus ownership — Audio hidden attribute (0.160137ms)
✔ RC-13: Queue Hide preserves visible focus ownership — Audio visible without Queue toggle (0.275217ms)
✔ RC-13: Queue Hide preserves visible focus ownership — outside focus (0.15562ms)
✔ RC-13: visible focus owns panel stacking and Queue Hide restores the real toggle (0.425288ms)
✔ workspace owns deterministic visibility, restore, focus, record, collapse, and idempotent wiring (1.894267ms)
✔ Record restore remains eligible only while hooks are enabled (0.376165ms)
ℹ tests 694
ℹ suites 0
ℹ pass 693
ℹ fail 0
ℹ cancelled 0
ℹ skipped 1
ℹ todo 0
ℹ duration_ms 6935.046606
