✔ RC-07: count-2 URL input represents 1 kHz after canonical import/resolve/rebuild (3.831787ms)
✖ RC-07: import and runtime share minimum/maximum validation without mutating preferences (1.451321ms)
✔ RC-07: every supported count/distribution covers 0 through Nyquist, including clamped ceilings (153.106874ms)
ℹ tests 3
ℹ suites 0
ℹ pass 2
ℹ fail 1
ℹ cancelled 0
ℹ skipped 0
ℹ todo 0
ℹ duration_ms 165.23945

✖ failing tests:

test at tests/band-count-coverage.test.js:34:1
✖ RC-07: import and runtime share minimum/maximum validation without mutating preferences (1.451321ms)
  AssertionError [ERR_ASSERTION]: Expected values to be strictly equal:
  
  undefined !== 256
  
      at file:///workspace/Auralprint1/tests/band-count-coverage.test.js:44:12
      at withSettings (file:///workspace/Auralprint1/tests/band-count-coverage.test.js:14:9)
      at TestContext.<anonymous> (file:///workspace/Auralprint1/tests/band-count-coverage.test.js:34:103)
      at Test.runInAsyncScope (node:async_hooks:227:14)
      at Test.run (node:internal/test_runner/test:1382:25)
      at Test.processPendingSubtests (node:internal/test_runner/test:960:18)
      at Test.postRun (node:internal/test_runner/test:1522:19)
      at Test.run (node:internal/test_runner/test:1447:12)
      at async startSubtestAfterBootstrap (node:internal/test_runner/harness:387:3) {
    generatedMessage: true,
    code: 'ERR_ASSERTION',
    actual: undefined,
    expected: 256,
    operator: 'strictEqual',
    diff: 'simple'
  }
