✖ RC-07: count-2 URL input represents 1 kHz after canonical import/resolve/rebuild (6.221278ms)
✖ RC-07: import and runtime share minimum/maximum validation without mutating preferences (3.943105ms)
✔ RC-07: every supported count/distribution covers 0 through Nyquist, including clamped ceilings (194.679593ms)
ℹ tests 3
ℹ suites 0
ℹ pass 1
ℹ fail 2
ℹ cancelled 0
ℹ skipped 0
ℹ todo 0
ℹ duration_ms 211.899227

✖ failing tests:

test at tests/band-count-coverage.test.js:21:1
✖ RC-07: count-2 URL input represents 1 kHz after canonical import/resolve/rebuild (6.221278ms)
  AssertionError [ERR_ASSERTION]: Expected values to be strictly equal:
  
  2 !== 256
  
      at file:///workspace/Auralprint1/tests/band-count-coverage.test.js:29:10
      at withSettings (file:///workspace/Auralprint1/tests/band-count-coverage.test.js:14:9)
      at TestContext.<anonymous> (file:///workspace/Auralprint1/tests/band-count-coverage.test.js:21:96)
      at Test.runInAsyncScope (node:async_hooks:227:14)
      at Test.run (node:internal/test_runner/test:1382:25)
      at Test.start (node:internal/test_runner/test:1242:17)
      at startSubtestAfterBootstrap (node:internal/test_runner/harness:387:17) {
    generatedMessage: true,
    code: 'ERR_ASSERTION',
    actual: 2,
    expected: 256,
    operator: 'strictEqual',
    diff: 'simple'
  }

test at tests/band-count-coverage.test.js:34:1
✖ RC-07: import and runtime share minimum/maximum validation without mutating preferences (3.943105ms)
  AssertionError [ERR_ASSERTION]: Expected values to be strictly equal:
  
  2 !== 256
  
      at file:///workspace/Auralprint1/tests/band-count-coverage.test.js:40:14
      at withSettings (file:///workspace/Auralprint1/tests/band-count-coverage.test.js:14:9)
      at TestContext.<anonymous> (file:///workspace/Auralprint1/tests/band-count-coverage.test.js:34:103)
      at Test.runInAsyncScope (node:async_hooks:227:14)
      at Test.run (node:internal/test_runner/test:1382:25)
      at Test.processPendingSubtests (node:internal/test_runner/test:960:18)
      at Test.postRun (node:internal/test_runner/test:1522:19)
      at Test.run (node:internal/test_runner/test:1447:12)
      at async startSubtestAfterBootstrap (node:internal/test_runner/harness:387:3) {
    generatedMessage: true,
    code: 'ERR_ASSERTION',
    actual: 2,
    expected: 256,
    operator: 'strictEqual',
    diff: 'simple'
  }
