✔ Schema 9 — Scene-node historical format recovers the actual emitted loss case (7.364357ms)
✔ schema constants preserve 10 and every supported legacy integer 2–9 (0.440673ms)
✔ field inventory recursively covers every CONFIG default with distinguishable legal fixture values (2.245708ms)
✔ complete non-default schema-10 fixture round-trips every field through URL and canonical replacement (2.982756ms)
✔ pure codec round-trips the same complete fixture without browser globals or preference mutation (1.436281ms)
✔ CONFIG.defaults round-trips semantically and remains immutable (1.823603ms)
✔ zero Orbs round-trip without fabricating defaults (1.054066ms)
✔ schema-10 URL import preserves opaque identities including the Ring type name (5.008554ms)
✔ duplicate Orb IDs retain canonical collection repair and array order (4.082701ms)
✔ unknown fields at every nesting level are stripped on both encode and decode (1.889261ms)
✔ runtime/session mutations and injected preference runtime fields never enter encoded payloads (1.777083ms)
✔ malformed values preserve existing clamps, defaults, enum rejection and dependent rules (1.01729ms)
✔ nonfinite numbers and wrong nested types default without creating new sanitation semantics (2.616716ms)
✔ URL application replaces preferences only and leaves runtime derivation caller-owned (0.854716ms)
✔ codec distinguishes malformed and unsupported payloads while URL failures return false atomically (2.072468ms)
✔ URL sanitation exceptions return false without replacing canonical preferences (0.74473ms)
✔ URL hash stays unpadded base64url UTF-8 JSON and preserves pathname/search (2.379519ms)
✔ schema-10 field survives independently: audio.fftSize (1.248638ms)
✔ schema-10 field survives independently: audio.muted (1.57577ms)
✔ schema-10 field survives independently: audio.repeatMode (0.388544ms)
✔ schema-10 field survives independently: audio.rmsGain (0.451348ms)
✔ schema-10 field survives independently: audio.smoothingTimeConstant (0.45861ms)
✔ schema-10 field survives independently: audio.volume (0.331018ms)
✔ schema-10 field survives independently: bands.ceilingHz (0.503687ms)
✔ schema-10 field survives independently: bands.count (0.289936ms)
✔ schema-10 field survives independently: bands.distributionMode (0.535265ms)
✔ schema-10 field survives independently: bands.floorHz (0.580323ms)
✔ schema-10 field survives independently: bands.overlay.alpha (0.680854ms)
✔ schema-10 field survives independently: bands.overlay.connectAdjacent (0.301985ms)
✔ schema-10 field survives independently: bands.overlay.enabled (0.274693ms)
✔ schema-10 field survives independently: bands.overlay.lineAlpha (0.963069ms)
✔ schema-10 field survives independently: bands.overlay.lineWidthPx (0.547083ms)
✔ schema-10 field survives independently: bands.overlay.maxRadiusFrac (0.514534ms)
✔ schema-10 field survives independently: bands.overlay.minRadiusFrac (0.293611ms)
✔ schema-10 field survives independently: bands.overlay.phaseMode (1.809572ms)
✔ schema-10 field survives independently: bands.overlay.pointSizePx (0.721024ms)
✔ schema-10 field survives independently: bands.overlay.ringSpeedRadPerSec (0.600724ms)
✔ schema-10 field survives independently: bands.overlay.waveformRadialDisplaceFrac (0.548896ms)
✔ schema-10 field survives independently: bands.particleColorSource (0.3057ms)
✔ schema-10 field survives independently: bands.rainbow.hueOffsetDeg (0.58508ms)
✔ schema-10 field survives independently: bands.rainbow.saturation (0.357287ms)
✔ schema-10 field survives independently: bands.rainbow.value (1.1705ms)
✔ schema-10 field survives independently: timing.maxDeltaTimeSec (0.531059ms)
✔ schema-10 field survives independently: visuals.backgroundColor (1.006274ms)
✔ schema-10 field survives independently: visuals.particleColor (0.451709ms)
✔ Schema 2 — documented legacy input migrates meaningful configuration and re-encodes as canonical schema 10 (1.272253ms)
✔ Schema 3 — documented legacy input migrates meaningful configuration and re-encodes as canonical schema 10 (0.741696ms)
✔ Schema 4 — documented legacy input migrates meaningful configuration and re-encodes as canonical schema 10 (0.967114ms)
✔ Schema 5 — documented legacy input migrates meaningful configuration and re-encodes as canonical schema 10 (0.913815ms)
✔ Schema 6 — documented legacy input migrates meaningful configuration and re-encodes as canonical schema 10 (1.066635ms)
✔ Schema 7 — documented legacy input migrates meaningful configuration and re-encodes as canonical schema 10 (0.874565ms)
✔ Schema 8 — documented legacy input migrates meaningful configuration and re-encodes as canonical schema 10 (1.4427ms)
✔ Schema 9 — later top-level format migrates meaningful configuration and re-encodes as canonical schema 10 (0.878251ms)
✔ schema-9 hybrids give whole top-level Orb/Ring settings precedence, including explicit emptiness (0.730729ms)
✔ schema-9 Scene recovery fills only absent top-level groups and honors Ring node.enabled (0.36535ms)
✔ schema-9 Scene layout/visibility and node-relative placement are intentionally discarded (0.399521ms)
✔ schema-9 Scene recovery handles empty Orbs and malformed/unknown nodes safely (0.347242ms)
✔ every schema <=9 with Orbs copies global behavior into independent nested ownership (1.227086ms)
✔ bandNames migration validates unique indices and canonical bandIds take precedence (0.22579ms)
✔ legacy logSpacing boolean migrates only when canonical distribution is absent (0.350698ms)
✔ legacy audio.loop migrates with valid canonical repeatMode precedence (0.193161ms)
✔ schema-10 output strips all legacy aliases, global behavior and historical Scene state (3.508147ms)
✔ encoding polluted current preferences strips legacy-only paths without overriding canonical values (0.304147ms)
✔ partial presets replace live preferences with canonical defaults for omitted settings (1.059423ms)
ℹ tests 64
ℹ suites 0
ℹ pass 64
ℹ fail 0
ℹ cancelled 0
ℹ skipped 0
ℹ todo 0
ℹ duration_ms 90.681709
