✔ generated IDs retain ordinary and sparse max-suffix allocation (2.929772ms)
✔ opaque string identities remain unchanged and allow Add and Duplicate (1.358706ms)
✔ collection identity repair reserves later explicit identities (0.394404ms)
✔ Orb collection normalization allows zero/one/N, preserves order, and repairs IDs deterministically (0.49126ms)
✔ collection create, duplicate, find, and remove preserve stable identity and deep ownership (0.321654ms)
✔ ID-aware Orb reconciliation preserves survivors and freshens additions across zero/one/N (0.780746ms)
✔ runtime collection APIs mutate preferences and reconcile Orbs and adapters by stable ID (1.259156ms)
✔ designed phase sync does not teleport live phase until Reset Visuals (0.498661ms)
✔ ten differently targeted Orbs reset and advance in same-phase groups (1.165054ms)
✔ dynamic editor supports zero, one, and N Orbs and disables bulk at zero (10.548455ms)
✔ editor reconciliation retains roots by ID, reorders nodes, and replaces only structural changes (4.661009ms)
✔ generated controls commit by persistent ID after reorder and focusOrb is ID based (1.451646ms)
✔ bulk helper keeps mixed and zero semantics (0.11959ms)
✔ RC-11: mixed Bulk select represents no concrete value and applies every concrete choice once (3.84503ms)
✔ refresh synchronizes invalidated content without moving stable roots or disturbing focus (4.479456ms)
✔ programmatic select synchronization keeps generated readouts aligned with selected options (0.914187ms)
✔ every schema-10 Orb setting has a generated writable control (0.707495ms)
✔ phase is presented accessibly in degrees and commits radians by stable ID (6.285585ms)
✔ nested controls remain independent and canonical normalization refreshes their values (1.162431ms)
✔ ten arbitrary-ID Orb cards retain independent phase and nested values (3.091114ms)
✔ RC-15 phase 1: individual editor has no overlap controls and stale Bulk controls have no listener (2.01212ms)
✔ Schema 9 — Scene-node historical format recovers the actual emitted loss case (1.169371ms)
✔ schema constants preserve 10 and every supported legacy integer 2–9 (0.115053ms)
✔ field inventory recursively covers every CONFIG default with distinguishable legal fixture values (1.02253ms)
✔ complete non-default schema-10 fixture round-trips every field through URL and canonical replacement (1.40094ms)
✔ pure codec round-trips the same complete fixture without browser globals or preference mutation (0.504189ms)
✔ CONFIG.defaults round-trips semantically and remains immutable (0.871723ms)
✔ zero Orbs round-trip without fabricating defaults (0.417118ms)
✔ schema-10 URL import preserves opaque identities including the Ring type name (1.30192ms)
✔ duplicate Orb IDs retain canonical collection repair and array order (0.610549ms)
✔ unknown fields at every nesting level are stripped on both encode and decode (1.565708ms)
✔ runtime/session mutations and injected preference runtime fields never enter encoded payloads (1.433979ms)
✔ malformed values preserve existing clamps, defaults, enum rejection and dependent rules (0.820615ms)
✔ nonfinite numbers and wrong nested types default without creating new sanitation semantics (1.132215ms)
✔ URL application replaces preferences only and leaves runtime derivation caller-owned (0.525501ms)
✔ codec distinguishes malformed and unsupported payloads while URL failures return false atomically (1.12218ms)
✔ URL sanitation exceptions return false without replacing canonical preferences (0.406031ms)
✔ URL hash stays unpadded base64url UTF-8 JSON and preserves pathname/search (3.041991ms)
✔ schema-10 field survives independently: audio.fftSize (0.643189ms)
✔ schema-10 field survives independently: audio.muted (0.543619ms)
✔ schema-10 field survives independently: audio.repeatMode (0.439963ms)
✔ schema-10 field survives independently: audio.rmsGain (0.301033ms)
✔ schema-10 field survives independently: audio.smoothingTimeConstant (0.28505ms)
✔ schema-10 field survives independently: audio.volume (0.324568ms)
✔ schema-10 field survives independently: bands.ceilingHz (0.263237ms)
✔ schema-10 field survives independently: bands.count (0.268565ms)
✔ schema-10 field survives independently: bands.distributionMode (0.308645ms)
✔ schema-10 field survives independently: bands.floorHz (0.273792ms)
✔ schema-10 field survives independently: bands.overlay.alpha (0.265189ms)
✔ schema-10 field survives independently: bands.overlay.connectAdjacent (0.302886ms)
✔ schema-10 field survives independently: bands.overlay.enabled (0.301124ms)
✔ schema-10 field survives independently: bands.overlay.lineAlpha (0.337548ms)
✔ schema-10 field survives independently: bands.overlay.lineWidthPx (0.313923ms)
✔ schema-10 field survives independently: bands.overlay.maxRadiusFrac (0.264479ms)
✔ schema-10 field survives independently: bands.overlay.minRadiusFrac (0.340733ms)
✔ schema-10 field survives independently: bands.overlay.phaseMode (0.373843ms)
✔ schema-10 field survives independently: bands.overlay.pointSizePx (0.26578ms)
✔ schema-10 field survives independently: bands.overlay.ringSpeedRadPerSec (0.254163ms)
✔ schema-10 field survives independently: bands.overlay.waveformRadialDisplaceFrac (0.287463ms)
✔ schema-10 field survives independently: bands.particleColorSource (0.267142ms)
✔ schema-10 field survives independently: bands.rainbow.hueOffsetDeg (0.250858ms)
✔ schema-10 field survives independently: bands.rainbow.saturation (0.506573ms)
✔ schema-10 field survives independently: bands.rainbow.value (0.266ms)
✔ schema-10 field survives independently: timing.maxDeltaTimeSec (0.395446ms)
✔ schema-10 field survives independently: visuals.backgroundColor (0.526753ms)
✔ schema-10 field survives independently: visuals.particleColor (0.322426ms)
✔ Schema 2 — documented legacy input migrates meaningful configuration and re-encodes as canonical schema 10 (0.873316ms)
✔ Schema 3 — documented legacy input migrates meaningful configuration and re-encodes as canonical schema 10 (0.483719ms)
✔ Schema 4 — documented legacy input migrates meaningful configuration and re-encodes as canonical schema 10 (0.572592ms)
✔ Schema 5 — documented legacy input migrates meaningful configuration and re-encodes as canonical schema 10 (0.69091ms)
✔ Schema 6 — documented legacy input migrates meaningful configuration and re-encodes as canonical schema 10 (0.887667ms)
✔ Schema 7 — documented legacy input migrates meaningful configuration and re-encodes as canonical schema 10 (0.609829ms)
✔ Schema 8 — documented legacy input migrates meaningful configuration and re-encodes as canonical schema 10 (0.46455ms)
✔ Schema 9 — later top-level format migrates meaningful configuration and re-encodes as canonical schema 10 (0.789188ms)
✔ schema-9 hybrids give whole top-level Orb/Ring settings precedence, including explicit emptiness (0.559943ms)
✔ schema-9 Scene recovery fills only absent top-level groups and honors Ring node.enabled (0.376227ms)
✔ schema-9 Scene layout/visibility and node-relative placement are intentionally discarded (0.341775ms)
✔ schema-9 Scene recovery handles empty Orbs and malformed/unknown nodes safely (0.405721ms)
✔ every schema <=9 with Orbs copies global behavior into independent nested ownership (0.954798ms)
✔ bandNames migration validates unique indices and canonical bandIds take precedence (0.167552ms)
✔ legacy logSpacing boolean migrates only when canonical distribution is absent (0.194553ms)
✔ legacy audio.loop migrates with valid canonical repeatMode precedence (0.167232ms)
✔ schema-10 output strips all legacy aliases, global behavior and historical Scene state (2.521858ms)
✔ encoding polluted current preferences strips legacy-only paths without overriding canonical values (0.250818ms)
✔ partial presets replace live preferences with canonical defaults for omitted settings (0.243626ms)
✔ RC-15 phase 1: emitted particles at identical and nearby coordinates coexist until real-time TTL (0.275565ms)
✔ RC-15 phase 1: trail reset clears retained particles and fractional emission state (0.089224ms)
✔ RC-15 phase 1: development schema-10 overlap input decodes, strips, and preserves all remaining fields (0.597279ms)
✔ RC-15 phase 1: timing ceiling is frozen CONFIG authority across codec and preference resolution (1.518396ms)
✔ RC-15 phase 1: effective simulation delta rejects invalid elapsed time and independently caps manipulated settings (0.382336ms)
✔ RC-15 phase 1: production animation boundary discards stall time with no later catch-up and keeps real clocks (1.474981ms)
✔ RC-15 phase 1: per-Orb burst guard is independent of imported timing and bounded by CONFIG rate limits (0.254393ms)
ℹ tests 92
ℹ suites 0
ℹ pass 92
ℹ fail 0
ℹ cancelled 0
ℹ skipped 0
ℹ todo 0
ℹ duration_ms 125.800728
