✖ RC-15 phase 1: timing ceiling is frozen CONFIG authority across codec and preference resolution (2.996853ms)
✖ RC-15 phase 1: effective simulation delta rejects invalid elapsed time and independently caps manipulated settings (0.685432ms)
✖ RC-15 phase 1: production animation boundary discards stall time with no later catch-up and keeps real clocks (1.855199ms)
ℹ tests 3
ℹ suites 0
ℹ pass 0
ℹ fail 3
ℹ cancelled 0
ℹ skipped 0
ℹ todo 0
ℹ duration_ms 29.620845

✖ failing tests:

test at tests/rc15-phase1.test.js:70:1
✖ RC-15 phase 1: timing ceiling is frozen CONFIG authority across codec and preference resolution (2.996853ms)
  AssertionError [ERR_ASSERTION]: Expected values to be strictly equal:
  + actual - expected

  + 120
  - 0.03333333333333333

      at TestContext.<anonymous> (file:///workspace/Auralprint1/tests/rc15-phase1.test.js:79:14)
      at Test.runInAsyncScope (node:async_hooks:227:14)
      at Test.run (node:internal/test_runner/test:1382:25)
      at Test.start (node:internal/test_runner/test:1242:17)
      at startSubtestAfterBootstrap (node:internal/test_runner/harness:387:17) {
    generatedMessage: true,
    code: 'ERR_ASSERTION',
    actual: 120,
    expected: 0.03333333333333333,
    operator: 'strictEqual',
    diff: 'simple'
  }

test at tests/rc15-phase1.test.js:94:1
✖ RC-15 phase 1: effective simulation delta rejects invalid elapsed time and independently caps manipulated settings (0.685432ms)
  AssertionError [ERR_ASSERTION]: Expected values to be strictly equal:
  + actual - expected

  + 120
  - 0.03333333333333333

      at TestContext.<anonymous> (file:///workspace/Auralprint1/tests/rc15-phase1.test.js:97:14)
      at Test.runInAsyncScope (node:async_hooks:227:14)
      at Test.run (node:internal/test_runner/test:1382:25)
      at Test.processPendingSubtests (node:internal/test_runner/test:960:18)
      at Test.postRun (node:internal/test_runner/test:1522:19)
      at Test.run (node:internal/test_runner/test:1447:12)
      at async startSubtestAfterBootstrap (node:internal/test_runner/harness:387:3) {
    generatedMessage: true,
    code: 'ERR_ASSERTION',
    actual: 120,
    expected: 0.03333333333333333,
    operator: 'strictEqual',
    diff: 'simple'
  }

test at tests/rc15-phase1.test.js:105:1
✖ RC-15 phase 1: production animation boundary discards stall time with no later catch-up and keeps real clocks (1.855199ms)
  AssertionError [ERR_ASSERTION]: Expected values to be strictly equal:
  + actual - expected

  + 119.98333333333333
  - 0.03333333333333333

      at TestContext.<anonymous> (file:///workspace/Auralprint1/tests/rc15-phase1.test.js:125:25)
      at Test.runInAsyncScope (node:async_hooks:227:14)
      at Test.run (node:internal/test_runner/test:1382:25)
      at Test.processPendingSubtests (node:internal/test_runner/test:960:18)
      at Test.postRun (node:internal/test_runner/test:1522:19)
      at Test.run (node:internal/test_runner/test:1447:12)
      at async Test.processPendingSubtests (node:internal/test_runner/test:960:7) {
    generatedMessage: true,
    code: 'ERR_ASSERTION',
    actual: 119.98333333333333,
    expected: 0.03333333333333333,
    operator: 'strictEqual',
    diff: 'simple'
  }
