✖ RC-15 phase 1: per-Orb burst guard is independent of imported timing and bounded by CONFIG rate limits (4.262028ms)
ℹ tests 1
ℹ suites 0
ℹ pass 0
ℹ fail 1
ℹ cancelled 0
ℹ skipped 0
ℹ todo 0
ℹ duration_ms 23.669434

✖ failing tests:

test at tests/rc15-phase1.test.js:139:1
✖ RC-15 phase 1: per-Orb burst guard is independent of imported timing and bounded by CONFIG rate limits (4.262028ms)
  AssertionError [ERR_ASSERTION]: Expected values to be strictly equal:

  33336 !== 36

      at TestContext.<anonymous> (file:///workspace/Auralprint1/tests/rc15-phase1.test.js:148:16)
      at Test.runInAsyncScope (node:async_hooks:227:14)
      at Test.run (node:internal/test_runner/test:1382:25)
      at Test.start (node:internal/test_runner/test:1242:17)
      at startSubtestAfterBootstrap (node:internal/test_runner/harness:387:17) {
    generatedMessage: true,
    code: 'ERR_ASSERTION',
    actual: 33336,
    expected: 36,
    operator: 'strictEqual',
    diff: 'simple'
  }
