✖ RC-15 phase 1: emitted particles at identical and nearby coordinates coexist until real-time TTL (2.917523ms)
ℹ tests 1
ℹ suites 0
ℹ pass 0
ℹ fail 1
ℹ cancelled 0
ℹ skipped 0
ℹ todo 0
ℹ duration_ms 22.370628

✖ failing tests:

test at tests/rc15-phase1.test.js:21:1
✖ RC-15 phase 1: emitted particles at identical and nearby coordinates coexist until real-time TTL (2.917523ms)
  AssertionError [ERR_ASSERTION]: Expected values to be strictly equal:

  1 !== 12

      at TestContext.<anonymous> (file:///workspace/Auralprint1/tests/rc15-phase1.test.js:27:10)
      at Test.runInAsyncScope (node:async_hooks:227:14)
      at Test.run (node:internal/test_runner/test:1382:25)
      at Test.start (node:internal/test_runner/test:1242:17)
      at startSubtestAfterBootstrap (node:internal/test_runner/harness:387:17) {
    generatedMessage: true,
    code: 'ERR_ASSERTION',
    actual: 1,
    expected: 12,
    operator: 'strictEqual',
    diff: 'simple'
  }
