✖ RC-15 phase 1: production animation boundary discards stall time with no later catch-up and keeps real clocks (3.381572ms)
ℹ tests 1
ℹ suites 0
ℹ pass 0
ℹ fail 1
ℹ cancelled 0
ℹ skipped 0
ℹ todo 0
ℹ duration_ms 22.092809

✖ failing tests:

test at tests/rc15-phase1.test.js:105:1
✖ RC-15 phase 1: production animation boundary discards stall time with no later catch-up and keeps real clocks (3.381572ms)
  AssertionError [ERR_ASSERTION]: Expected values to be strictly equal:
  + actual - expected

  + 119.98333333333333
  - 0.03333333333333333

      at TestContext.<anonymous> (file:///workspace/Auralprint1/tests/rc15-phase1.test.js:125:25)
      at Test.runInAsyncScope (node:async_hooks:227:14)
      at Test.run (node:internal/test_runner/test:1382:25)
      at Test.start (node:internal/test_runner/test:1242:17)
      at startSubtestAfterBootstrap (node:internal/test_runner/harness:387:17) {
    generatedMessage: true,
    code: 'ERR_ASSERTION',
    actual: 119.98333333333333,
    expected: 0.03333333333333333,
    operator: 'strictEqual',
    diff: 'simple'
  }
