✔ production callback: 120 FPS chirality -1 integrates one second of motion and independent emission delta (11.976853ms)
✔ production callback: 120 FPS chirality 1 integrates one second of motion and independent emission delta (4.178183ms)
✔ production callback: 60 FPS chirality -1 integrates one second of motion and independent emission delta (3.070886ms)
✔ production callback: 60 FPS chirality 1 integrates one second of motion and independent emission delta (2.897314ms)
✔ production callback: 30 FPS chirality -1 integrates one second of motion and independent emission delta (2.023112ms)
✔ production callback: 30 FPS chirality 1 integrates one second of motion and independent emission delta (1.598719ms)
✔ production callback: 10 FPS chirality -1 integrates one second of motion and independent emission delta (1.11014ms)
✔ production callback: 10 FPS chirality 1 integrates one second of motion and independent emission delta (1.178643ms)
✔ production callback: 5 FPS chirality -1 integrates one second of motion and independent emission delta (1.085573ms)
✔ production callback: 5 FPS chirality 1 integrates one second of motion and independent emission delta (1.066985ms)
✔ motion threshold: frozen CONFIG .5, exact boundary, just above, invalid/negative/zero intervals (1.418617ms)
✔ production callback: 120-second stall ages/expires history, retains fractions, no catch-up, recovers (0.854903ms)
✔ production callback: hidden/rebased foreground never integrates missed work; invalid timestamps recover (0.869175ms)
✖ Orb lock reads current phase; free Ring/Orb pause freeze while lifetime expires without debt (1.457245ms)
✔ slow 5 FPS history spans real TTL motion, fade uses real particle age (1.378395ms)
✔ slow 10 FPS history spans real TTL motion, fade uses real particle age (1.096088ms)
✔ ordered expiry [] at 1: 0 retirements/0 age inspections (0.278501ms)
✔ ordered expiry [0] at 0.9: 0 retirements/1 age inspections (0.154464ms)
✔ ordered expiry [0] at 1: 1 retirements/1 age inspections (0.08622ms)
✔ ordered expiry [0,0.5,1] at 0.9: 0 retirements/1 age inspections (0.064097ms)
✔ ordered expiry [0,0.5,1] at 1: 1 retirements/2 age inspections (0.187464ms)
✔ ordered expiry [0,0.5,1] at 1.5: 2 retirements/3 age inspections (0.177769ms)
✔ ordered expiry [0,0.5,1] at 2: 3 retirements/3 age inspections (0.072811ms)
✔ ordered expiry [0,0,0,1] at 1: 3 retirements/4 age inspections (0.081173ms)
✔ 100,000 unexpired ordered particles require one age inspection, including live TTL changes (45.604125ms)
✔ unordered supported timestamps use safe fallback; transfer/eviction/reset preserve or restore ordering flag (0.503072ms)
✔ different Orb TTLs retire independently, last-tail spacing resumes on empty trail without coordinate cache (0.591335ms)
✔ direct Orb and frame callers retain default delta convention; explicit motion wraps independently (0.236168ms)
✔ motion policy is ephemeral; schema-10 budgets/spacing persist with no new timing field (1.455413ms)
✔ smaller selected emission delta never slows independent motion (0.929817ms)
✔ template structure reader retains nested ancestry and duplicate IDs across void tags and comments (0.557043ms)
✔ preset buttons exist once under Scene Settings and never under Visualizers (2.934591ms)
✔ Settings copy retains canonical Scene IDs alongside Visualizers (0.307896ms)
✔ Scene panel initializes idempotently from the canonical source enum (1.149079ms)
✔ Scene refresh is reference guarded and source readouts follow selected labels (0.657945ms)
✔ Scene controls mutate only historical schema-10 fields (2.135732ms)
✔ Visualizers contains one inventory, Ring editor, Orb editor host, management and all 13 bulk fields (0.678436ms)
✔ retired Orbs workspace and escape hatch are absent and every template ID is unique (0.407036ms)
✔ Performance resource controls have scene ownership, explicit numeric labels, help and warning (0.431062ms)
✔ budget numeric editing commits change only, refuses invalid/empty, preserves focus and listener identity (0.807923ms)
✔ diagnostics read actual governor fields even with unchanged settings; unchanged text avoids DOM writes (0.322198ms)
ℹ tests 41
ℹ suites 0
ℹ pass 40
ℹ fail 1
ℹ cancelled 0
ℹ skipped 0
ℹ todo 0
ℹ duration_ms 130.164814

✖ failing tests:

test at tests/rc15-timing-performance.test.js:76:1
✖ Orb lock reads current phase; free Ring/Orb pause freeze while lifetime expires without debt (1.457245ms)
  AssertionError [ERR_ASSERTION]: Expected values to be strictly equal:
  + actual - expected

  + 1.2249999999999996
  - 1.0750000000000002

      at TestContext.<anonymous> (file:///tmp/auralprint-timing-mutations-4xa0kl95/tests/rc15-timing-performance.test.js:80:139)
      at Test.runInAsyncScope (node:async_hooks:227:14)
      at Test.run (node:internal/test_runner/test:1382:25)
      at Test.processPendingSubtests (node:internal/test_runner/test:960:18)
      at Test.postRun (node:internal/test_runner/test:1522:19)
      at Test.run (node:internal/test_runner/test:1447:12)
      at async Test.processPendingSubtests (node:internal/test_runner/test:960:7) {
    generatedMessage: true,
    code: 'ERR_ASSERTION',
    actual: 1.2249999999999996,
    expected: 1.0750000000000002,
    operator: 'strictEqual',
    diff: 'simple'
  }
