✔ production callback: 120 FPS chirality -1 integrates one second of motion and independent emission delta (8.391968ms)
✔ production callback: 120 FPS chirality 1 integrates one second of motion and independent emission delta (2.623539ms)
✔ production callback: 60 FPS chirality -1 integrates one second of motion and independent emission delta (2.845887ms)
✔ production callback: 60 FPS chirality 1 integrates one second of motion and independent emission delta (1.782267ms)
✖ production callback: 30 FPS chirality -1 integrates one second of motion and independent emission delta (5.676079ms)
✖ production callback: 30 FPS chirality 1 integrates one second of motion and independent emission delta (1.198493ms)
✖ production callback: 10 FPS chirality -1 integrates one second of motion and independent emission delta (1.031311ms)
✖ production callback: 10 FPS chirality 1 integrates one second of motion and independent emission delta (0.894083ms)
✖ production callback: 5 FPS chirality -1 integrates one second of motion and independent emission delta (1.158283ms)
✖ production callback: 5 FPS chirality 1 integrates one second of motion and independent emission delta (0.989958ms)
✔ motion threshold: frozen CONFIG .5, exact boundary, just above, invalid/negative/zero intervals (0.867713ms)
✔ production callback: 120-second stall ages/expires history, retains fractions, no catch-up, recovers (0.912351ms)
✔ production callback: hidden/rebased foreground never integrates missed work; invalid timestamps recover (1.567131ms)
✔ Orb lock reads current phase; free Ring/Orb pause freeze while lifetime expires without debt (1.848227ms)
✔ slow 5 FPS history spans real TTL motion, fade uses real particle age (1.339997ms)
✔ slow 10 FPS history spans real TTL motion, fade uses real particle age (0.834292ms)
✔ ordered expiry [] at 1: 0 retirements/0 age inspections (0.190147ms)
✔ ordered expiry [0] at 0.9: 0 retirements/1 age inspections (0.122115ms)
✔ ordered expiry [0] at 1: 1 retirements/1 age inspections (0.094853ms)
✔ ordered expiry [0,0.5,1] at 0.9: 0 retirements/1 age inspections (0.134684ms)
✔ ordered expiry [0,0.5,1] at 1: 1 retirements/2 age inspections (0.130488ms)
✔ ordered expiry [0,0.5,1] at 1.5: 2 retirements/3 age inspections (0.097949ms)
✔ ordered expiry [0,0.5,1] at 2: 3 retirements/3 age inspections (0.064478ms)
✔ ordered expiry [0,0,0,1] at 1: 3 retirements/4 age inspections (0.091348ms)
✔ 100,000 unexpired ordered particles require one age inspection, including live TTL changes (72.228491ms)
✔ unordered supported timestamps use safe fallback; transfer/eviction/reset preserve or restore ordering flag (0.563943ms)
✔ different Orb TTLs retire independently, last-tail spacing resumes on empty trail without coordinate cache (0.363049ms)
✔ direct Orb and frame callers retain default delta convention; explicit motion wraps independently (0.571866ms)
✔ motion policy is ephemeral; schema-10 budgets/spacing persist with no new timing field (1.305516ms)
✖ smaller selected emission delta never slows independent motion (1.379096ms)
✔ template structure reader retains nested ancestry and duplicate IDs across void tags and comments (0.561991ms)
✔ preset buttons exist once under Scene Settings and never under Visualizers (0.472825ms)
✔ Settings copy retains canonical Scene IDs alongside Visualizers (0.319163ms)
✔ Scene panel initializes idempotently from the canonical source enum (0.915565ms)
✔ Scene refresh is reference guarded and source readouts follow selected labels (0.414397ms)
✔ Scene controls mutate only historical schema-10 fields (0.602682ms)
✔ Visualizers contains one inventory, Ring editor, Orb editor host, management and all 13 bulk fields (0.647229ms)
✔ retired Orbs workspace and escape hatch are absent and every template ID is unique (0.434978ms)
✔ Performance resource controls have scene ownership, explicit numeric labels, help and warning (0.502621ms)
✔ budget numeric editing commits change only, refuses invalid/empty, preserves focus and listener identity (0.87258ms)
✔ diagnostics read actual governor fields even with unchanged settings; unchanged text avoids DOM writes (0.329428ms)
ℹ tests 41
ℹ suites 0
ℹ pass 34
ℹ fail 7
ℹ cancelled 0
ℹ skipped 0
ℹ todo 0
ℹ duration_ms 151.453998

✖ failing tests:

test at tests/rc15-timing-performance.test.js:34:65
✖ production callback: 30 FPS chirality -1 integrates one second of motion and independent emission delta (5.676079ms)
  AssertionError [ERR_ASSERTION]: The expression evaluated to a falsy value:

    assert.ok(f.dtSec<=1/30)

      at TestContext.<anonymous> (file:///tmp/auralprint-timing-mutations-4xa0kl95/tests/rc15-timing-performance.test.js:38:115)
      at Test.runInAsyncScope (node:async_hooks:227:14)
      at Test.run (node:internal/test_runner/test:1382:25)
      at Test.processPendingSubtests (node:internal/test_runner/test:960:18)
      at Test.postRun (node:internal/test_runner/test:1522:19)
      at Test.run (node:internal/test_runner/test:1447:12)
      at async Test.processPendingSubtests (node:internal/test_runner/test:960:7) {
    generatedMessage: true,
    code: 'ERR_ASSERTION',
    actual: false,
    expected: true,
    operator: '==',
    diff: 'simple'
  }

test at tests/rc15-timing-performance.test.js:34:65
✖ production callback: 30 FPS chirality 1 integrates one second of motion and independent emission delta (1.198493ms)
  AssertionError [ERR_ASSERTION]: The expression evaluated to a falsy value:

    assert.ok(f.dtSec<=1/30)

      at TestContext.<anonymous> (file:///tmp/auralprint-timing-mutations-4xa0kl95/tests/rc15-timing-performance.test.js:38:115)
      at Test.runInAsyncScope (node:async_hooks:227:14)
      at Test.run (node:internal/test_runner/test:1382:25)
      at Test.processPendingSubtests (node:internal/test_runner/test:960:18)
      at Test.postRun (node:internal/test_runner/test:1522:19)
      at Test.run (node:internal/test_runner/test:1447:12)
      at async Test.processPendingSubtests (node:internal/test_runner/test:960:7) {
    generatedMessage: true,
    code: 'ERR_ASSERTION',
    actual: false,
    expected: true,
    operator: '==',
    diff: 'simple'
  }

test at tests/rc15-timing-performance.test.js:34:65
✖ production callback: 10 FPS chirality -1 integrates one second of motion and independent emission delta (1.031311ms)
  AssertionError [ERR_ASSERTION]: The expression evaluated to a falsy value:

    assert.ok(f.dtSec<=1/30)

[Large assertion diff omitted.]

    assert.ok(f.dtSec<=1/30)

      at TestContext.<anonymous> (file:///tmp/auralprint-timing-mutations-4xa0kl95/tests/rc15-timing-performance.test.js:38:115)
      at Test.runInAsyncScope (node:async_hooks:227:14)
      at Test.run (node:internal/test_runner/test:1382:25)
      at Test.processPendingSubtests (node:internal/test_runner/test:960:18)
      at Test.postRun (node:internal/test_runner/test:1522:19)
      at Test.run (node:internal/test_runner/test:1447:12)
      at async Test.processPendingSubtests (node:internal/test_runner/test:960:7) {
    generatedMessage: true,
    code: 'ERR_ASSERTION',
    actual: false,
    expected: true,
    operator: '==',
    diff: 'simple'
  }

test at tests/rc15-timing-performance.test.js:34:65
✖ production callback: 5 FPS chirality -1 integrates one second of motion and independent emission delta (1.158283ms)
  AssertionError [ERR_ASSERTION]: The expression evaluated to a falsy value:

    assert.ok(f.dtSec<=1/30)

      at TestContext.<anonymous> (file:///tmp/auralprint-timing-mutations-4xa0kl95/tests/rc15-timing-performance.test.js:38:115)
      at Test.runInAsyncScope (node:async_hooks:227:14)
      at Test.run (node:internal/test_runner/test:1382:25)
      at Test.processPendingSubtests (node:internal/test_runner/test:960:18)
      at Test.postRun (node:internal/test_runner/test:1522:19)
      at Test.run (node:internal/test_runner/test:1447:12)
      at async Test.processPendingSubtests (node:internal/test_runner/test:960:7) {
    generatedMessage: true,
    code: 'ERR_ASSERTION',
    actual: false,
    expected: true,
    operator: '==',
    diff: 'simple'
  }

test at tests/rc15-timing-performance.test.js:34:65
✖ production callback: 5 FPS chirality 1 integrates one second of motion and independent emission delta (0.989958ms)
  AssertionError [ERR_ASSERTION]: The expression evaluated to a falsy value:

    assert.ok(f.dtSec<=1/30)

      at TestContext.<anonymous> (file:///tmp/auralprint-timing-mutations-4xa0kl95/tests/rc15-timing-performance.test.js:38:115)
      at Test.runInAsyncScope (node:async_hooks:227:14)
      at Test.run (node:internal/test_runner/test:1382:25)
      at Test.processPendingSubtests (node:internal/test_runner/test:960:18)
      at Test.postRun (node:internal/test_runner/test:1522:19)
      at Test.run (node:internal/test_runner/test:1447:12)
      at async Test.processPendingSubtests (node:internal/test_runner/test:960:7) {
    generatedMessage: true,
    code: 'ERR_ASSERTION',
    actual: false,
    expected: true,
    operator: '==',
    diff: 'simple'
  }

test at tests/rc15-timing-performance.test.js:141:1
✖ smaller selected emission delta never slows independent motion (1.379096ms)
  AssertionError [ERR_ASSERTION]: Expected values to be strictly equal:

  0.2 !== 0.01

      at TestContext.<anonymous> (file:///tmp/auralprint-timing-mutations-4xa0kl95/tests/rc15-timing-performance.test.js:142:171)
      at Test.runInAsyncScope (node:async_hooks:227:14)
      at Test.run (node:internal/test_runner/test:1382:25)
      at Test.processPendingSubtests (node:internal/test_runner/test:960:18)
      at Test.postRun (node:internal/test_runner/test:1522:19)
      at Test.run (node:internal/test_runner/test:1447:12)
      at async Test.processPendingSubtests (node:internal/test_runner/test:960:7) {
    generatedMessage: true,
    code: 'ERR_ASSERTION',
    actual: 0.2,
    expected: 0.01,
    operator: 'strictEqual',
    diff: 'simple'
  }
