✔ production callback: 120 FPS chirality -1 integrates one second of motion and independent emission delta (12.851215ms)
✔ production callback: 120 FPS chirality 1 integrates one second of motion and independent emission delta (2.561215ms)
✔ production callback: 60 FPS chirality -1 integrates one second of motion and independent emission delta (1.961999ms)
✔ production callback: 60 FPS chirality 1 integrates one second of motion and independent emission delta (2.078335ms)
✔ production callback: 30 FPS chirality -1 integrates one second of motion and independent emission delta (1.272165ms)
✔ production callback: 30 FPS chirality 1 integrates one second of motion and independent emission delta (1.203421ms)
✔ production callback: 10 FPS chirality -1 integrates one second of motion and independent emission delta (0.844088ms)
✔ production callback: 10 FPS chirality 1 integrates one second of motion and independent emission delta (0.842745ms)
✔ production callback: 5 FPS chirality -1 integrates one second of motion and independent emission delta (0.916627ms)
✔ production callback: 5 FPS chirality 1 integrates one second of motion and independent emission delta (0.980514ms)
✔ motion threshold: frozen CONFIG .5, exact boundary, just above, invalid/negative/zero intervals (0.834392ms)
✔ production callback: 120-second stall ages/expires history, retains fractions, no catch-up, recovers (1.276812ms)
✔ production callback: hidden/rebased foreground never integrates missed work; invalid timestamps recover (0.889005ms)
✔ Orb lock reads current phase; free Ring/Orb pause freeze while lifetime expires without debt (1.415942ms)
✔ slow 5 FPS history spans real TTL motion, fade uses real particle age (1.457385ms)
✔ slow 10 FPS history spans real TTL motion, fade uses real particle age (0.84582ms)
✔ ordered expiry [] at 1: 0 retirements/0 age inspections (0.281025ms)
✔ ordered expiry [0] at 0.9: 0 retirements/1 age inspections (0.201094ms)
✔ ordered expiry [0] at 1: 1 retirements/1 age inspections (0.090727ms)
✔ ordered expiry [0,0.5,1] at 0.9: 0 retirements/1 age inspections (0.090507ms)
✔ ordered expiry [0,0.5,1] at 1: 1 retirements/2 age inspections (0.071548ms)
✔ ordered expiry [0,0.5,1] at 1.5: 2 retirements/3 age inspections (0.106581ms)
✔ ordered expiry [0,0.5,1] at 2: 3 retirements/3 age inspections (0.456661ms)
✔ ordered expiry [0,0,0,1] at 1: 3 retirements/4 age inspections (0.078158ms)
✔ 100,000 unexpired ordered particles require one age inspection, including live TTL changes (70.824185ms)
✔ unordered supported timestamps use safe fallback; transfer/eviction/reset preserve or restore ordering flag (0.477502ms)
✔ different Orb TTLs retire independently, last-tail spacing resumes on empty trail without coordinate cache (0.450712ms)
✔ direct Orb and frame callers retain default delta convention; explicit motion wraps independently (0.339804ms)
✔ motion policy is ephemeral; schema-10 budgets/spacing persist with no new timing field (1.431567ms)
✔ smaller selected emission delta never slows independent motion (5.717651ms)
✔ template structure reader retains nested ancestry and duplicate IDs across void tags and comments (0.600529ms)
✔ preset buttons exist once under Scene Settings and never under Visualizers (0.351202ms)
✔ Settings copy retains canonical Scene IDs alongside Visualizers (0.275167ms)
✔ Scene panel initializes idempotently from the canonical source enum (0.984239ms)
✔ Scene refresh is reference guarded and source readouts follow selected labels (0.380355ms)
✔ Scene controls mutate only historical schema-10 fields (0.326203ms)
✔ Visualizers contains one inventory, Ring editor, Orb editor host, management and all 13 bulk fields (0.606888ms)
✔ retired Orbs workspace and escape hatch are absent and every template ID is unique (0.422559ms)
✔ Performance resource controls have scene ownership, explicit numeric labels, help and warning (0.417662ms)
✔ budget numeric editing commits change only, refuses invalid/empty, preserves focus and listener identity (0.829024ms)
✖ diagnostics read actual governor fields even with unchanged settings; unchanged text avoids DOM writes (0.976348ms)
ℹ tests 41
ℹ suites 0
ℹ pass 40
ℹ fail 1
ℹ cancelled 0
ℹ skipped 0
ℹ todo 0
ℹ duration_ms 150.969395

✖ failing tests:

test at tests/scene-panel.test.js:179:1
✖ diagnostics read actual governor fields even with unchanged settings; unchanged text avoids DOM writes (0.976348ms)
  AssertionError [ERR_ASSERTION]: Expected values to be strictly equal:

  0 !== 1

      at TestContext.<anonymous> (file:///tmp/auralprint-timing-mutations-4xa0kl95/tests/scene-panel.test.js:186:99)
      at Test.runInAsyncScope (node:async_hooks:227:14)
      at Test.run (node:internal/test_runner/test:1382:25)
      at Test.processPendingSubtests (node:internal/test_runner/test:960:18)
      at Test.postRun (node:internal/test_runner/test:1522:19)
      at Test.run (node:internal/test_runner/test:1447:12)
      at async Test.processPendingSubtests (node:internal/test_runner/test:960:7) {
    generatedMessage: true,
    code: 'ERR_ASSERTION',
    actual: 0,
    expected: 1,
    operator: 'strictEqual',
    diff: 'simple'
  }
