✔ production callback: 120 FPS chirality -1 integrates one second of motion and independent emission delta (8.184684ms)
✔ production callback: 120 FPS chirality 1 integrates one second of motion and independent emission delta (2.232889ms)
✔ production callback: 60 FPS chirality -1 integrates one second of motion and independent emission delta (1.760153ms)
✔ production callback: 60 FPS chirality 1 integrates one second of motion and independent emission delta (1.867425ms)
✔ production callback: 30 FPS chirality -1 integrates one second of motion and independent emission delta (1.30164ms)
✔ production callback: 30 FPS chirality 1 integrates one second of motion and independent emission delta (1.145143ms)
✔ production callback: 10 FPS chirality -1 integrates one second of motion and independent emission delta (0.9383ms)
✔ production callback: 10 FPS chirality 1 integrates one second of motion and independent emission delta (0.887673ms)
✔ production callback: 5 FPS chirality -1 integrates one second of motion and independent emission delta (0.834062ms)
✔ production callback: 5 FPS chirality 1 integrates one second of motion and independent emission delta (1.230642ms)
✔ motion threshold: frozen CONFIG .5, exact boundary, just above, invalid/negative/zero intervals (1.383083ms)
✔ production callback: 120-second stall ages/expires history, retains fractions, no catch-up, recovers (0.780892ms)
✔ production callback: hidden/rebased foreground never integrates missed work; invalid timestamps recover (0.87244ms)
✔ Orb lock reads current phase; free Ring/Orb pause freeze while lifetime expires without debt (1.307288ms)
✔ slow 5 FPS history spans real TTL motion, fade uses real particle age (1.369372ms)
✔ slow 10 FPS history spans real TTL motion, fade uses real particle age (0.853842ms)
✔ ordered expiry [] at 1: 0 retirements/0 age inspections (0.255787ms)
✔ ordered expiry [0] at 0.9: 0 retirements/1 age inspections (0.145059ms)
✔ ordered expiry [0] at 1: 1 retirements/1 age inspections (0.083997ms)
✔ ordered expiry [0,0.5,1] at 0.9: 0 retirements/1 age inspections (0.121934ms)
✔ ordered expiry [0,0.5,1] at 1: 1 retirements/2 age inspections (0.080001ms)
✔ ordered expiry [0,0.5,1] at 1.5: 2 retirements/3 age inspections (0.069115ms)
✔ ordered expiry [0,0.5,1] at 2: 3 retirements/3 age inspections (0.062154ms)
✔ ordered expiry [0,0,0,1] at 1: 3 retirements/4 age inspections (0.051418ms)
✔ 100,000 unexpired ordered particles require one age inspection, including live TTL changes (76.340943ms)
✖ unordered supported timestamps use safe fallback; transfer/eviction/reset preserve or restore ordering flag (6.111848ms)
✔ different Orb TTLs retire independently, last-tail spacing resumes on empty trail without coordinate cache (0.33028ms)
✔ direct Orb and frame callers retain default delta convention; explicit motion wraps independently (0.242376ms)
✔ motion policy is ephemeral; schema-10 budgets/spacing persist with no new timing field (1.700633ms)
✔ smaller selected emission delta never slows independent motion (1.070009ms)
✔ template structure reader retains nested ancestry and duplicate IDs across void tags and comments (0.384171ms)
✔ preset buttons exist once under Scene Settings and never under Visualizers (0.391442ms)
✔ Settings copy retains canonical Scene IDs alongside Visualizers (0.334205ms)
✔ Scene panel initializes idempotently from the canonical source enum (0.782344ms)
✔ Scene refresh is reference guarded and source readouts follow selected labels (0.393856ms)
✔ Scene controls mutate only historical schema-10 fields (0.420366ms)
✔ Visualizers contains one inventory, Ring editor, Orb editor host, management and all 13 bulk fields (0.669293ms)
✔ retired Orbs workspace and escape hatch are absent and every template ID is unique (0.553447ms)
✔ Performance resource controls have scene ownership, explicit numeric labels, help and warning (0.353735ms)
✔ budget numeric editing commits change only, refuses invalid/empty, preserves focus and listener identity (0.856296ms)
✔ diagnostics read actual governor fields even with unchanged settings; unchanged text avoids DOM writes (0.378192ms)
ℹ tests 41
ℹ suites 0
ℹ pass 40
ℹ fail 1
ℹ cancelled 0
ℹ skipped 0
ℹ todo 0
ℹ duration_ms 154.002804

✖ failing tests:

test at tests/rc15-timing-performance.test.js:115:1
✖ unordered supported timestamps use safe fallback; transfer/eviction/reset preserve or restore ordering flag (6.111848ms)
  AssertionError [ERR_ASSERTION]: Expected values to be strictly equal:

  1 !== 4

      at TestContext.<anonymous> (file:///tmp/auralprint-timing-mutations-4xa0kl95/tests/rc15-timing-performance.test.js:117:119)
      at Test.runInAsyncScope (node:async_hooks:227:14)
      at Test.run (node:internal/test_runner/test:1382:25)
      at Test.processPendingSubtests (node:internal/test_runner/test:960:18)
      at Test.postRun (node:internal/test_runner/test:1522:19)
      at Test.run (node:internal/test_runner/test:1447:12)
      at async Test.processPendingSubtests (node:internal/test_runner/test:960:7) {
    generatedMessage: true,
    code: 'ERR_ASSERTION',
    actual: 1,
    expected: 4,
    operator: 'strictEqual',
    diff: 'simple'
  }
