✔ production callback: 120 FPS chirality -1 integrates one second of motion and independent emission delta (8.676068ms)
✔ production callback: 120 FPS chirality 1 integrates one second of motion and independent emission delta (3.733459ms)
✔ production callback: 60 FPS chirality -1 integrates one second of motion and independent emission delta (4.167256ms)
✔ production callback: 60 FPS chirality 1 integrates one second of motion and independent emission delta (1.556815ms)
✔ production callback: 30 FPS chirality -1 integrates one second of motion and independent emission delta (1.493711ms)
✔ production callback: 30 FPS chirality 1 integrates one second of motion and independent emission delta (1.798271ms)
✔ production callback: 10 FPS chirality -1 integrates one second of motion and independent emission delta (0.861423ms)
✔ production callback: 10 FPS chirality 1 integrates one second of motion and independent emission delta (0.775523ms)
✔ production callback: 5 FPS chirality -1 integrates one second of motion and independent emission delta (0.960243ms)
✔ production callback: 5 FPS chirality 1 integrates one second of motion and independent emission delta (0.831548ms)
✔ motion threshold: frozen CONFIG .5, exact boundary, just above, invalid/negative/zero intervals (0.770857ms)
✔ production callback: 120-second stall ages/expires history, retains fractions, no catch-up, recovers (0.803225ms)
✔ production callback: hidden/rebased foreground never integrates missed work; invalid timestamps recover (1.294699ms)
✔ Orb lock reads current phase; free Ring/Orb pause freeze while lifetime expires without debt (1.284333ms)
✔ slow 5 FPS history spans real TTL motion, fade uses real particle age (1.410094ms)
✔ slow 10 FPS history spans real TTL motion, fade uses real particle age (0.837987ms)
✔ ordered expiry [] at 1: 0 retirements/0 age inspections (0.302457ms)
✔ ordered expiry [0] at 0.9: 0 retirements/1 age inspections (0.150688ms)
✔ ordered expiry [0] at 1: 1 retirements/1 age inspections (0.087262ms)
✖ ordered expiry [0,0.5,1] at 0.9: 0 retirements/1 age inspections (0.764947ms)
✖ ordered expiry [0,0.5,1] at 1: 1 retirements/2 age inspections (0.258211ms)
✔ ordered expiry [0,0.5,1] at 1.5: 2 retirements/3 age inspections (0.095734ms)
✔ ordered expiry [0,0.5,1] at 2: 3 retirements/3 age inspections (0.088073ms)
✔ ordered expiry [0,0,0,1] at 1: 3 retirements/4 age inspections (0.361377ms)
✖ 100,000 unexpired ordered particles require one age inspection, including live TTL changes (81.164793ms)
✔ unordered supported timestamps use safe fallback; transfer/eviction/reset preserve or restore ordering flag (0.639968ms)
✔ different Orb TTLs retire independently, last-tail spacing resumes on empty trail without coordinate cache (0.268896ms)
✔ direct Orb and frame callers retain default delta convention; explicit motion wraps independently (0.323029ms)
✔ motion policy is ephemeral; schema-10 budgets/spacing persist with no new timing field (1.468041ms)
✔ smaller selected emission delta never slows independent motion (7.307748ms)
✔ template structure reader retains nested ancestry and duplicate IDs across void tags and comments (0.465565ms)
✔ preset buttons exist once under Scene Settings and never under Visualizers (0.27055ms)
✔ Settings copy retains canonical Scene IDs alongside Visualizers (0.226423ms)
✔ Scene panel initializes idempotently from the canonical source enum (0.786691ms)
✔ Scene refresh is reference guarded and source readouts follow selected labels (0.35025ms)
✔ Scene controls mutate only historical schema-10 fields (0.384802ms)
✔ Visualizers contains one inventory, Ring editor, Orb editor host, management and all 13 bulk fields (0.648231ms)
✔ retired Orbs workspace and escape hatch are absent and every template ID is unique (1.69174ms)
✔ Performance resource controls have scene ownership, explicit numeric labels, help and warning (0.329909ms)
✔ budget numeric editing commits change only, refuses invalid/empty, preserves focus and listener identity (1.06348ms)
✔ diagnostics read actual governor fields even with unchanged settings; unchanged text avoids DOM writes (0.328217ms)
ℹ tests 41
ℹ suites 0
ℹ pass 38
ℹ fail 3
ℹ cancelled 0
ℹ skipped 0
ℹ todo 0
ℹ duration_ms 165.030712

✖ failing tests:

test at tests/rc15-timing-performance.test.js:104:188
✖ ordered expiry [0,0.5,1] at 0.9: 0 retirements/1 age inspections (0.764947ms)
  AssertionError [ERR_ASSERTION]: Expected values to be strictly equal:

  3 !== 1

      at TestContext.<anonymous> (file:///tmp/auralprint-timing-mutations-4xa0kl95/tests/rc15-timing-performance.test.js:105:127)
      at Test.runInAsyncScope (node:async_hooks:227:14)
      at Test.run (node:internal/test_runner/test:1382:25)
      at Test.processPendingSubtests (node:internal/test_runner/test:960:18)
      at Test.postRun (node:internal/test_runner/test:1522:19)
      at Test.run (node:internal/test_runner/test:1447:12)
      at async Test.processPendingSubtests (node:internal/test_runner/test:960:7) {
    generatedMessage: true,
    code: 'ERR_ASSERTION',
    actual: 3,
    expected: 1,
    operator: 'strictEqual',
    diff: 'simple'
  }

test at tests/rc15-timing-performance.test.js:104:188
✖ ordered expiry [0,0.5,1] at 1: 1 retirements/2 age inspections (0.258211ms)
  AssertionError [ERR_ASSERTION]: Expected values to be strictly equal:

  3 !== 2

      at TestContext.<anonymous> (file:///tmp/auralprint-timing-mutations-4xa0kl95/tests/rc15-timing-performance.test.js:105:127)
      at Test.runInAsyncScope (node:async_hooks:227:14)
      at Test.run (node:internal/test_runner/test:1382:25)
      at Test.processPendingSubtests (node:internal/test_runner/test:960:18)
      at Test.postRun (node:internal/test_runner/test:1522:19)
      at Test.run (node:internal/test_runner/test:1447:12)
      at async Test.processPendingSubtests (node:internal/test_runner/test:960:7) {
    generatedMessage: true,
    code: 'ERR_ASSERTION',
    actual: 3,
    expected: 2,
    operator: 'strictEqual',
    diff: 'simple'
  }

test at tests/rc15-timing-performance.test.js:108:1
✖ 100,000 unexpired ordered particles require one age inspection, including live TTL changes (81.164793ms)
  AssertionError [ERR_ASSERTION]: Expected values to be strictly equal:

  100000 !== 1

      at TestContext.<anonymous> (file:///tmp/auralprint-timing-mutations-4xa0kl95/tests/rc15-timing-performance.test.js:109:97)
      at Test.runInAsyncScope (node:async_hooks:227:14)
      at Test.run (node:internal/test_runner/test:1382:25)
      at Test.processPendingSubtests (node:internal/test_runner/test:960:18)
      at Test.postRun (node:internal/test_runner/test:1522:19)
      at Test.run (node:internal/test_runner/test:1447:12)
      at async Test.processPendingSubtests (node:internal/test_runner/test:960:7) {
    generatedMessage: true,
    code: 'ERR_ASSERTION',
    actual: 100000,
    expected: 1,
    operator: 'strictEqual',
    diff: 'simple'
  }
