✔ budgets: one integer normalization contract for sanitation, resolution and active governor (7.775386ms)
✔ budgets: schema 10 zero/upper limits round trip, historical missing defaults and Orb spacing survive (2.785084ms)
✔ budgets: increasing capacity preserves nodes/fractions/priority; decreasing retires globally oldest with deterministic ties (5.40534ms)
✖ budgets: zero emissions preserves history; zero retention trims all, refuses safely and recovers without debt (1.11022ms)
✔ budgets: actual upper-budget admissions exceed both retired immutable ceilings (32.87705ms)
✔ budgets: fairness survives changing/zero budgets, fractions and spacing remain separate eligibility (0.794632ms)
✔ budgets: runtime synchronization preserves governor identity, trim precedes render, injection is isolated (1.375341ms)
✔ budgets: canonical lifecycle, preset replacement and default reset never restore stale policy (2.087649ms)
✔ budgets: full 1,048,576 retention boundary is usable, evicts one oldest and trims safely to zero (1128.263591ms)
ℹ tests 9
ℹ suites 0
ℹ pass 8
ℹ fail 1
ℹ cancelled 0
ℹ skipped 0
ℹ todo 0
ℹ duration_ms 1255.210594

✖ failing tests:

test at tests/rc15-budgets.test.js:87:1
✖ budgets: zero emissions preserves history; zero retention trims all, refuses safely and recovers without debt (1.11022ms)
  TypeError: Cannot read properties of undefined (reading 'heapIndex')
      at ParticleGovernor.retire (file:///tmp/auralprint-budget-mutations-qmm5_a1u/src/js/render/particle-governor.js:169:24)
      at ParticleGovernor.admit (file:///tmp/auralprint-budget-mutations-qmm5_a1u/src/js/render/particle-governor.js:159:66)
      at TrailSystem.emitAt (file:///tmp/auralprint-budget-mutations-qmm5_a1u/src/js/render/trail-system.js:54:24)
      at TestContext.<anonymous> (file:///tmp/auralprint-budget-mutations-qmm5_a1u/tests/rc15-budgets.test.js:97:66)
      at Test.runInAsyncScope (node:async_hooks:227:14)
      at Test.run (node:internal/test_runner/test:1382:25)
      at Test.processPendingSubtests (node:internal/test_runner/test:960:18)
      at Test.postRun (node:internal/test_runner/test:1522:19)
      at Test.run (node:internal/test_runner/test:1447:12)
      at async Test.processPendingSubtests (node:internal/test_runner/test:960:7)
