✖ budgets: one integer normalization contract for sanitation, resolution and active governor (6.015462ms)
✖ budgets: schema 10 zero/upper limits round trip, historical missing defaults and Orb spacing survive (1.047205ms)
✔ budgets: increasing capacity preserves nodes/fractions/priority; decreasing retires globally oldest with deterministic ties (5.776371ms)
✔ budgets: zero emissions preserves history; zero retention trims all, refuses safely and recovers without debt (0.651876ms)
✖ budgets: actual upper-budget admissions exceed both retired immutable ceilings (5.412591ms)
✔ budgets: fairness survives changing/zero budgets, fractions and spacing remain separate eligibility (0.821342ms)
✔ budgets: runtime synchronization preserves governor identity, trim precedes render, injection is isolated (1.759583ms)
✔ budgets: canonical lifecycle, preset replacement and default reset never restore stale policy (2.168662ms)
✔ budgets: full 1,048,576 retention boundary is usable, evicts one oldest and trims safely to zero (874.235096ms)
ℹ tests 9
ℹ suites 0
ℹ pass 6
ℹ fail 3
ℹ cancelled 0
ℹ skipped 0
ℹ todo 0
ℹ duration_ms 926.989004

✖ failing tests:

test at tests/rc15-budgets.test.js:42:1
✖ budgets: one integer normalization contract for sanitation, resolution and active governor (6.015462ms)
  AssertionError [ERR_ASSERTION]: Expected values to be strictly equal:

  512 !== 16384

      at TestContext.<anonymous> (file:///tmp/auralprint-budget-mutations-qmm5_a1u/tests/rc15-budgets.test.js:51:14)
      at Test.runInAsyncScope (node:async_hooks:227:14)
      at Test.run (node:internal/test_runner/test:1382:25)
      at Test.start (node:internal/test_runner/test:1242:17)
      at startSubtestAfterBootstrap (node:internal/test_runner/harness:387:17) {
    generatedMessage: true,
    code: 'ERR_ASSERTION',
    actual: 512,
    expected: 16384,
    operator: 'strictEqual',
    diff: 'simple'
  }

test at tests/rc15-budgets.test.js:60:1
✖ budgets: schema 10 zero/upper limits round trip, historical missing defaults and Orb spacing survive (1.047205ms)
  AssertionError [ERR_ASSERTION]: Expected values to be strictly deep-equal:
  + actual - expected

    {
      maxActiveParticles: 1048576,
  +   maxEmissionsPerFrame: 512
  -   maxEmissionsPerFrame: 16384
    }

      at TestContext.<anonymous> (file:///tmp/auralprint-budget-mutations-qmm5_a1u/tests/rc15-budgets.test.js:64:85)
      at Test.runInAsyncScope (node:async_hooks:227:14)
      at Test.run (node:internal/test_runner/test:1382:25)
      at Test.processPendingSubtests (node:internal/test_runner/test:960:18)
      at Test.postRun (node:internal/test_runner/test:1522:19)
      at Test.run (node:internal/test_runner/test:1447:12)
      at async startSubtestAfterBootstrap (node:internal/test_runner/harness:387:3) {
    generatedMessage: true,
    code: 'ERR_ASSERTION',
    actual: [Object],
    expected: [Object],
    operator: 'deepStrictEqual',
    diff: 'simple'
  }

test at tests/rc15-budgets.test.js:103:1
✖ budgets: actual upper-budget admissions exceed both retired immutable ceilings (5.412591ms)
  AssertionError [ERR_ASSERTION]: Expected values to be strictly equal:

  512 !== 16384

      at TestContext.<anonymous> (file:///tmp/auralprint-budget-mutations-qmm5_a1u/tests/rc15-budgets.test.js:109:14)
      at Test.runInAsyncScope (node:async_hooks:227:14)
      at Test.run (node:internal/test_runner/test:1382:25)
      at Test.processPendingSubtests (node:internal/test_runner/test:960:18)
      at Test.postRun (node:internal/test_runner/test:1522:19)
      at Test.run (node:internal/test_runner/test:1447:12)
      at async Test.processPendingSubtests (node:internal/test_runner/test:960:7) {
    generatedMessage: true,
    code: 'ERR_ASSERTION',
    actual: 512,
    expected: 16384,
    operator: 'strictEqual',
    diff: 'simple'
  }
