not ok 4 - RC-19: normal Stop then disposal fences queued completion without double native stop
  ---
  duration_ms: 3.787581
  type: 'test'
  location: '/workspace/Auralprint1/tests/rc19-recorder-disposal.test.js:198:1'
  failureType: 'testCodeFailure'
  error: |-
    Expected values to be strictly equal:

    2 !== 1

  code: 'ERR_ASSERTION'
  name: 'AssertionError'
  expected: 1
  actual: 2
  operator: 'strictEqual'
  stack: |-
    TestContext.<anonymous> (file:///workspace/Auralprint1/tests/rc19-recorder-disposal.test.js:202:28)
    async Test.run (node:internal/test_runner/test:1389:7)
    async Test.processPendingSubtests (node:internal/test_runner/test:960:7)
  ...
not ok 5 - RC-19: inactive backend is not stopped unnecessarily
  ---
  duration_ms: 2.451876
  type: 'test'
  location: '/workspace/Auralprint1/tests/rc19-recorder-disposal.test.js:207:1'
  failureType: 'testCodeFailure'
  error: |-
    Expected values to be strictly equal:

    1 !== 0

  code: 'ERR_ASSERTION'
  name: 'AssertionError'
  expected: 0
  actual: 1
  operator: 'strictEqual'
  stack: |-
    TestContext.<anonymous> (file:///workspace/Auralprint1/tests/rc19-recorder-disposal.test.js:209:28)
    async Test.run (node:internal/test_runner/test:1389:7)
    async Test.processPendingSubtests (node:internal/test_runner/test:960:7)
  ...
# tests 17
# pass 15
# fail 2
