not ok 2 - RC-19: active disposal stops native encoding once (queued events) and preserves live owner
  ---
  duration_ms: 5.08511
  type: 'test'
  location: '/workspace/Auralprint1/tests/rc19-recorder-disposal.test.js:179:3'
  failureType: 'testCodeFailure'
  error: |-
    Expected values to be strictly equal:

    1 !== 0

  code: 'ERR_ASSERTION'
  name: 'AssertionError'
  expected: 0
  actual: 1
  operator: 'strictEqual'
  stack: |-
    TestContext.<anonymous> (file:///workspace/Auralprint1/tests/rc19-recorder-disposal.test.js:186:12)
    async Test.run (node:internal/test_runner/test:1389:7)
    async Test.processPendingSubtests (node:internal/test_runner/test:960:7)
  ...
not ok 3 - RC-19: active disposal stops native encoding once (synchronous events) and preserves live owner
  ---
  duration_ms: 3.46947
  type: 'test'
  location: '/workspace/Auralprint1/tests/rc19-recorder-disposal.test.js:179:3'
  failureType: 'testCodeFailure'
  error: |-
    Expected values to be strictly equal:

    1 !== 0

  code: 'ERR_ASSERTION'
  name: 'AssertionError'
  expected: 0
  actual: 1
  operator: 'strictEqual'
  stack: |-
    TestContext.<anonymous> (file:///workspace/Auralprint1/tests/rc19-recorder-disposal.test.js:186:12)
    async Test.run (node:internal/test_runner/test:1389:7)
    async Test.processPendingSubtests (node:internal/test_runner/test:960:7)
  ...
not ok 7 - RC-19: native stop exception reports failure with actual recording state and still cleans up
  ---
  duration_ms: 2.946307
  type: 'test'
  location: '/workspace/Auralprint1/tests/rc19-recorder-disposal.test.js:229:3'
  failureType: 'testCodeFailure'
  error: |-
    Expected values to be strictly equal:

    1 !== 0

  code: 'ERR_ASSERTION'
  name: 'AssertionError'
  expected: 0
  actual: 1
  operator: 'strictEqual'
  stack: |-
    TestContext.<anonymous> (file:///workspace/Auralprint1/tests/rc19-recorder-disposal.test.js:236:64)
    async Test.run (node:internal/test_runner/test:1389:7)
    async Test.processPendingSubtests (node:internal/test_runner/test:960:7)
  ...
not ok 8 - RC-19: native stop exception reports failure with actual inactive state and still cleans up
  ---
  duration_ms: 2.022782
  type: 'test'
  location: '/workspace/Auralprint1/tests/rc19-recorder-disposal.test.js:229:3'
  failureType: 'testCodeFailure'
  error: |-
    Expected values to be strictly equal:

    1 !== 0

  code: 'ERR_ASSERTION'
  name: 'AssertionError'
  expected: 0
  actual: 1
  operator: 'strictEqual'
  stack: |-
    TestContext.<anonymous> (file:///workspace/Auralprint1/tests/rc19-recorder-disposal.test.js:236:64)
    async Test.run (node:internal/test_runner/test:1389:7)
    async Test.processPendingSubtests (node:internal/test_runner/test:960:7)
  ...
not ok 9 - RC-19: exceptional ondataavailable detachment still fences callbacks and releases remaining ownership
  ---
  duration_ms: 2.607646
  type: 'test'
  location: '/workspace/Auralprint1/tests/rc19-recorder-disposal.test.js:247:3'
  failureType: 'testCodeFailure'
  error: |-
    Expected values to be strictly equal:

    1 !== 0

  code: 'ERR_ASSERTION'
  name: 'AssertionError'
  expected: 0
  actual: 1
  operator: 'strictEqual'
  stack: |-
    TestContext.<anonymous> (file:///workspace/Auralprint1/tests/rc19-recorder-disposal.test.js:254:12)
    async Test.run (node:internal/test_runner/test:1389:7)
    async Test.processPendingSubtests (node:internal/test_runner/test:960:7)
  ...
not ok 10 - RC-19: exceptional onstop detachment still fences callbacks and releases remaining ownership
  ---
  duration_ms: 2.369023
  type: 'test'
  location: '/workspace/Auralprint1/tests/rc19-recorder-disposal.test.js:247:3'
  failureType: 'testCodeFailure'
  error: |-
    Expected values to be strictly equal:

    1 !== 0

  code: 'ERR_ASSERTION'
  name: 'AssertionError'
  expected: 0
  actual: 1
  operator: 'strictEqual'
  stack: |-
    TestContext.<anonymous> (file:///workspace/Auralprint1/tests/rc19-recorder-disposal.test.js:254:12)
    async Test.run (node:internal/test_runner/test:1389:7)
    async Test.processPendingSubtests (node:internal/test_runner/test:960:7)
  ...
not ok 11 - RC-19: exceptional onerror detachment still fences callbacks and releases remaining ownership
  ---
  duration_ms: 3.210638
  type: 'test'
  location: '/workspace/Auralprint1/tests/rc19-recorder-disposal.test.js:247:3'
  failureType: 'testCodeFailure'
  error: |-
    Expected values to be strictly equal:

    1 !== 0

  code: 'ERR_ASSERTION'
  name: 'AssertionError'
  expected: 0
  actual: 1
  operator: 'strictEqual'
  stack: |-
    TestContext.<anonymous> (file:///workspace/Auralprint1/tests/rc19-recorder-disposal.test.js:254:12)
    async Test.run (node:internal/test_runner/test:1389:7)
    async Test.processPendingSubtests (node:internal/test_runner/test:960:7)
  ...
not ok 12 - RC-19: throwing audio-owner cleanup never falls back to stopping shared upstream tracks
  ---
  duration_ms: 2.3395
  type: 'test'
  location: '/workspace/Auralprint1/tests/rc19-recorder-disposal.test.js:258:1'
  failureType: 'testCodeFailure'
  error: |-
    Expected values to be strictly equal:

    1 !== 0

  code: 'ERR_ASSERTION'
  name: 'AssertionError'
  expected: 0
  actual: 1
  operator: 'strictEqual'
  stack: |-
    TestContext.<anonymous> (file:///workspace/Auralprint1/tests/rc19-recorder-disposal.test.js:262:10)
    async Test.run (node:internal/test_runner/test:1389:7)
    async Test.processPendingSubtests (node:internal/test_runner/test:960:7)
  ...
not ok 13 - RC-19: file playback tap is released by AudioEngine without disturbing playback or analysis
  ---
  duration_ms: 2.108638
  type: 'test'
  location: '/workspace/Auralprint1/tests/rc19-recorder-disposal.test.js:265:1'
  failureType: 'testCodeFailure'
  error: |-
    Expected values to be strictly equal:

    2 !== 1

  code: 'ERR_ASSERTION'
  name: 'AssertionError'
  expected: 1
  actual: 2
  operator: 'strictEqual'
  stack: |-
    TestContext.<anonymous> (file:///workspace/Auralprint1/tests/rc19-recorder-disposal.test.js:269:10)
    async Test.run (node:internal/test_runner/test:1389:7)
    async Test.processPendingSubtests (node:internal/test_runner/test:960:7)
  ...
not ok 15 - RC-19: failed constructor acquisition/start then disposal creates no export or native stop
  ---
  duration_ms: 2.28526
  type: 'test'
  location: '/workspace/Auralprint1/tests/rc19-recorder-disposal.test.js:280:3'
  failureType: 'testCodeFailure'
  error: |-
    Expected values to be strictly equal:

    1 !== 0

  code: 'ERR_ASSERTION'
  name: 'AssertionError'
  expected: 0
  actual: 1
  operator: 'strictEqual'
  stack: |-
    TestContext.<anonymous> (file:///workspace/Auralprint1/tests/rc19-recorder-disposal.test.js:285:12)
    async Test.run (node:internal/test_runner/test:1389:7)
    async Test.processPendingSubtests (node:internal/test_runner/test:960:7)
  ...
not ok 16 - RC-19: failed start acquisition/start then disposal creates no export or native stop
  ---
  duration_ms: 2.160375
  type: 'test'
  location: '/workspace/Auralprint1/tests/rc19-recorder-disposal.test.js:280:3'
  failureType: 'testCodeFailure'
  error: |-
    Expected values to be strictly equal:

    1 !== 0

  code: 'ERR_ASSERTION'
  name: 'AssertionError'
  expected: 0
  actual: 1
  operator: 'strictEqual'
  stack: |-
    TestContext.<anonymous> (file:///workspace/Auralprint1/tests/rc19-recorder-disposal.test.js:285:12)
    async Test.run (node:internal/test_runner/test:1389:7)
    async Test.processPendingSubtests (node:internal/test_runner/test:960:7)
  ...
not ok 17 - RC-19: native error then dispose is terminal and cannot resurrect an export
  ---
  duration_ms: 2.225531
  type: 'test'
  location: '/workspace/Auralprint1/tests/rc19-recorder-disposal.test.js:289:1'
  failureType: 'testCodeFailure'
  error: |-
    Expected values to be strictly equal:

    1 !== 0

  code: 'ERR_ASSERTION'
  name: 'AssertionError'
  expected: 0
  actual: 1
  operator: 'strictEqual'
  stack: |-
    TestContext.<anonymous> (file:///workspace/Auralprint1/tests/rc19-recorder-disposal.test.js:293:43)
    async Test.run (node:internal/test_runner/test:1389:7)
    async Test.processPendingSubtests (node:internal/test_runner/test:960:7)
  ...
# tests 17
# pass 5
# fail 12
