not ok 12 - RC-19: throwing audio-owner cleanup never falls back to stopping shared upstream tracks
  ---
  duration_ms: 2.685681
  type: 'test'
  location: '/workspace/Auralprint1/tests/rc19-recorder-disposal.test.js:258:1'
  failureType: 'testCodeFailure'
  error: |-
    Expected values to be strictly equal:

    1 !== 0

  code: 'ERR_ASSERTION'
  name: 'AssertionError'
  expected: 0
  actual: 1
  operator: 'strictEqual'
  stack: |-
    TestContext.<anonymous> (file:///workspace/Auralprint1/tests/rc19-recorder-disposal.test.js:262:10)
    async Test.run (node:internal/test_runner/test:1389:7)
    async Test.processPendingSubtests (node:internal/test_runner/test:960:7)
  ...
# tests 17
# pass 16
# fail 1
