
> test
> node --test

✔ AnalysisFrame represents not-ready analysis without exposing Web Audio objects (1.520325ms)
✔ AnalysisFrame exposes ready channel and spectrum data as producer-owned references (1.444352ms)
✔ orb routing uses one channel for waveform, full energy, and targeted spectrum (0.420301ms)
✔ a later AnalysisFrame update follows BandBank replacement arrays (0.865769ms)
✔ Analysis controls initialize idempotently and commit their canonical fields (1.759217ms)
✔ frequency edits reject malformed and crossed bounds without coupled mutation (1.275463ms)
✔ HUD uses AnalysisFrame metadata and active count without rebuilding ordinary refreshes (0.890074ms)
✔ HUD distinguishes configured and effective floor when Nyquist constrains geometry (0.350407ms)
✔ template gives migrated controls one Analysis owner (0.603231ms)
✔ BandBank rebuild owns distinct reusable L/R/C arrays and replaces all on definition changes (1.11135ms)
✔ channel-neutral BandBank computation writes only its target and global dominant is set from C (0.520578ms)
✔ BandBank derives Nyquist-bounded floor geometry without rewriting configuration (0.896244ms)
✔ zero-width bands do not consume an energized final FFT bin (0.297499ms)
✔ ordinary and ceiling-only Nyquist clamps retain expected effective limits (0.408173ms)
✔ a configured floor exactly at Nyquist leaves every higher band empty (2.53972ms)
✔ RC-07: count-2 URL input represents 1 kHz after canonical import/resolve/rebuild (2.963526ms)
✔ RC-07: import and runtime share minimum/maximum validation without mutating preferences (5.049454ms)
✔ RC-07: every supported count/distribution covers 0 through Nyquist, including clamped ceilings (117.34331ms)
✔ RC-08: bins below the aligned 22.5 kHz top boundary cannot energize a targeted Orb (7.275552ms)
✔ RC-08: correct FFT geometry preserves inclusive adjacent overlap and final-bin clamping (0.966076ms)
✔ AUD-001: stale second resume resolve cannot replace, play, disconnect or revoke winner (10.378282ms)
✔ AUD-001: stale second resume reject cannot replace, play, disconnect or revoke winner (2.805051ms)
✔ AUD-001: pending File initial cannot reclaim mic or release its tracks (2.679896ms)
✔ AUD-001: pending File attachment cannot reclaim mic or release its tracks (3.004236ms)
✔ AUD-001: pending File initial cannot reclaim stream or release its tracks (2.874985ms)
✔ AUD-001: pending File attachment cannot reclaim stream or release its tracks (2.523436ms)
✔ AUD-001: current attachment and callbacks retain ordinary File behavior (2.725814ms)
✔ AUD-002: current constructor failure settles once and permits valid retry (2.331833ms)
✔ AUD-002: current initial-resume failure settles once and permits valid retry (2.288719ms)
✔ AUD-002: current attachment-resume failure settles once and permits valid retry (2.421395ms)
✔ AUD-002: obsolete initial resume resolve after clear settles without writes or resources (4.218819ms)
✔ AUD-002: obsolete initial resume reject after clear settles without writes or resources (1.758486ms)
✔ AUD-002: obsolete initial resume resolve after file settles without writes or resources (2.447123ms)
✔ AUD-002: obsolete initial resume reject after file settles without writes or resources (2.157805ms)
✔ AUD-002: obsolete initial resume resolve after mic settles without writes or resources (1.993683ms)
✔ AUD-002: obsolete initial resume reject after mic settles without writes or resources (1.840167ms)
✔ AUD-002: obsolete initial resume resolve after stream settles without writes or resources (3.581858ms)
✔ AUD-002: obsolete initial resume reject after stream settles without writes or resources (1.97129ms)
✔ AUD-002: engine constructor failure is a controlled false outcome before media allocation (1.515938ms)
✔ AUD-002: engine initial resume failure is a controlled false outcome (1.323353ms)
✔ AUD-002: failure followed by different File retains only its new resources (1.745927ms)
✔ AUD-002: already stale constructor request never starts context creation (1.212811ms)
✔ AUD-002: closed cached context reports failure without pretending retry recreated it (1.996237ms)
✔ AUD-002: direct engine obsolete initial rejection returns false without escaping (2.677493ms)
✔ F4-CLEANUP-01: before-transfer attachment failure releases all owned nodes before retry (16.259726ms)
✔ F4-CLEANUP-01: first-gain attachment failure releases all owned nodes before retry (6.871235ms)
✔ F4-CLEANUP-01: partial-gains attachment failure releases all owned nodes before retry (3.905045ms)
✔ F4-CLEANUP-01: partial-analysers attachment failure releases all owned nodes before retry (4.308351ms)
✔ F4-CLEANUP-01: analyser-setup attachment failure releases all owned nodes before retry (7.01352ms)
✔ F4-CLEANUP-01: connected-graph attachment failure releases all owned nodes before retry (8.917636ms)
✔ F4-CLEANUP-01: hard decoder native-error-before-rejection cleans installed owner before any recovery (4.316392ms)
✔ F4-CLEANUP-01: hard decoder play-rejection-only cleans installed owner before any recovery (4.30791ms)
✔ F4-CLEANUP-01: native error after File session commitment uses manager cleanup once (3.79943ms)
✔ F4-CLEANUP-01: obsolete hard failure cannot clean or rewrite file owner (5.850828ms)
✔ F4-CLEANUP-01: obsolete hard failure cannot clean or rewrite failed-file owner (3.417877ms)
✔ F4-CLEANUP-01: obsolete hard failure cannot clean or rewrite clear owner (3.592724ms)
✔ F4-CLEANUP-01: obsolete hard failure cannot clean or rewrite mic owner (3.850674ms)
✔ F4-CLEANUP-01: obsolete hard failure cannot clean or rewrite stream owner (11.671472ms)
✔ F4-CLEANUP-01: failed File releases output but retains recorder tap for valid reconnection (4.772686ms)
✔ F4-CLEANUP-01: recoverable loaded Play resume failure retains identity, graph and position (5.947872ms)
✔ F4-CLEANUP-01: engine media identity protects direct API replacement without a UI request ID (4.817873ms)
✔ state.source exists and starts in the idle none state (1.660171ms)
✔ input source manager init marks unsupported capabilities when media APIs are absent (0.505786ms)
✔ activateFile transitions through requesting to active and forwards load arguments (0.465227ms)
✔ activateFile failure leaves attempted kind in error without a live session (0.200386ms)
✔ teardownActiveSource is idempotent and unloads the active session only once (0.343377ms)
✔ activateMic tears down an active file source, attaches the microphone stream, and marks the source active (0.757038ms)
✔ activateMic reports denied microphone permission as a recoverable error (0.363176ms)
✔ activateStream tears down an active file source, attaches shared stream audio, and marks the source active (0.500479ms)
✔ activateStream accepts audio-only display capture and uses the audio track label (0.428173ms)
✔ Stream requests supported stereo/fidelity preferences without mandatory constraints (0.456334ms)
✔ Stream omits unsupported audio fields and still activates (0.318069ms)
✔ Stream falls back to audio:true when constraint inspection is missing, empty, or throws (0.681977ms)
✔ Stream stores the actual returned channel count and keeps the original live stream (0.364798ms)
✔ Stream leaves channel count unknown for absent, unavailable, or invalid track settings (0.431858ms)
✔ Stream metadata describes the track selected by MediaStreamAudioSourceNode ID ordering (0.164483ms)
✔ Stream channel metadata resets on file, mic, end, failure, and a new pending session (0.919177ms)
✔ activateStream rejects shared streams that do not provide usable audio (0.153627ms)
✔ activateStream treats cancelled or denied picker results conservatively (0.176831ms)
✔ activateStream reports blocked stream capture honestly when the browser context forbids it (0.160887ms)
✔ file -> mic -> file switches cleanly through the source manager contract (0.633566ms)
✔ mic -> stream switches cleanly and stops the previous live session once (0.354614ms)
✔ stream -> mic switches cleanly and stops the previous shared stream once (0.204321ms)
✔ a late microphone grant is stopped and discarded after teardown (0.490013ms)
✔ a late stream grant is stopped and discarded after teardown (0.226324ms)
✔ external microphone end tears down the stream and leaves a recoverable mic error (0.252393ms)
✔ stream ignores video-track end while audio remains live (0.176921ms)
✔ stream ends only after all audio tracks have ended (0.381353ms)
✔ external shared stream end tears down the stream, resets live visuals, and leaves a recoverable stream error (0.31156ms)
✔ teardownActiveSource stops stream-backed sessions even when the kind is mic (0.240546ms)
✔ unsupported microphone activation reports unsupported state without mutating file transport fields (0.160567ms)
✔ unsupported stream activation reports unsupported state without mutating file transport fields (0.79931ms)
✔ URL preset serialization excludes runtime source state (2.037328ms)
✔ AUD-001: stale File continuation after teardown cannot publish over newer mic (0.510964ms)
✔ AUD-001: stale File continuation after teardown cannot publish over newer stream (0.168138ms)
✔ AUD-002: manager settles current engine throw into one source failure (0.219995ms)
✔ AUD-002: manager settles current engine reject into one source failure (0.224271ms)
✔ AUD-002: manager contains obsolete engine rejection after clear without source/audio writes (0.54149ms)
✔ AUD-002: manager contains obsolete engine rejection after file without source/audio writes (0.193846ms)
✔ AUD-002: manager contains obsolete engine rejection after mic without source/audio writes (0.25087ms)
✔ AUD-002: manager contains obsolete engine rejection after stream without source/audio writes (0.155479ms)
✔ RC-03: stale mic resume cannot destroy winning stream graph (11.899248ms)
✔ RC-03: stale mic resume rejection cannot commit an attachment error (4.229865ms)
✔ RC-03 positive control: ordinary mic to stream switch (4.633941ms)
✔ RC-03: stale stream resume cannot destroy winning mic graph (3.58326ms)
✔ RC-03: stale stream resume rejection cannot commit an attachment error (4.301671ms)
✔ RC-03 positive control: ordinary stream to mic switch (4.545992ms)
✔ RC-03 positive control: normal mic graph and explicit File-mode teardown (3.272511ms)
✔ RC-03: explicit teardown cancels pending mic attachment (2.478018ms)
✔ RC-03: current mic attachment failure still reports error and releases tracks (2.463387ms)
✔ RC-03 positive control: normal stream graph and explicit File-mode teardown (2.472401ms)
✔ RC-03: explicit teardown cancels pending stream attachment (1.475589ms)
✔ RC-03: current stream attachment failure still reports error and releases tracks (1.680651ms)
✔ RC-03: optional attachment guard also protects a running context (2.884989ms)
✔ exact targeting preserves sparse selections and explicitly treats empty input as full spectrum (1.459625ms)
✔ range selection validates both bounds without silently clamping or reversing intent (0.337508ms)
✔ search finds configured names, repeated names, indices, and empty results without changing selection (0.566607ms)
✔ generated IDs retain ordinary and sparse max-suffix allocation (1.069539ms)
✔ opaque string identities remain unchanged and allow Add and Duplicate (1.805676ms)
✔ collection identity repair reserves later explicit identities (0.314254ms)
✔ Orb collection normalization allows zero/one/N, preserves order, and repairs IDs deterministically (0.4606ms)
✔ collection create, duplicate, find, and remove preserve stable identity and deep ownership (0.453389ms)
✔ ID-aware Orb reconciliation preserves survivors and freshens additions across zero/one/N (1.732458ms)
✔ runtime collection APIs mutate preferences and reconcile Orbs and adapters by stable ID (1.653872ms)
✔ designed phase sync does not teleport live phase until Reset Visuals (0.564283ms)
✔ ten differently targeted Orbs reset and advance in same-phase groups (2.002767ms)
✔ dynamic editor supports zero, one, and N Orbs and disables bulk at zero (11.277721ms)
✔ editor reconciliation retains roots by ID, reorders nodes, and replaces only structural changes (4.193372ms)
✔ generated controls commit by persistent ID after reorder and focusOrb is ID based (3.846108ms)
✔ bulk helper keeps mixed and zero semantics (0.327954ms)
✔ minimum placement distance controls bind by ID, report pixels and mixed state, and retain focus/listeners (2.061704ms)
✔ RC-11: mixed Bulk select represents no concrete value and applies every concrete choice once (5.060261ms)
✔ refresh synchronizes invalidated content without moving stable roots or disturbing focus (4.42986ms)
✔ programmatic select synchronization keeps generated readouts aligned with selected options (1.240542ms)
✔ every schema-10 Orb setting has a generated writable control (1.391434ms)
✔ phase is presented accessibly in degrees and commits radians by stable ID (6.337066ms)
✔ nested controls remain independent and canonical normalization refreshes their values (1.993413ms)
✔ ten arbitrary-ID Orb cards retain independent phase and nested values (3.436914ms)
✔ RC-15 phase 1: individual editor has no overlap controls and stale Bulk controls have no listener (2.317231ms)
▶ RC-01: timeout-protected allocation/import gate and direct huge-ID regressions
  ✔ exact allocation after ORB9007199254740990 (1.569066ms)
  ✔ exact allocation after ORB9007199254740991 (0.374803ms)
  ✔ exact allocation after ORB9007199254740992 (0.152415ms)
  ✔ exact allocation after ORB9007199254740993 (0.118054ms)
  ✔ exact allocation after ORB9999999999999999999999999999999999999999 (0.128099ms)
  ✔ exact allocation after a 400-digit suffix (0.140908ms)
  ✔ duplicate huge identities repair deterministically without changing order or stealing explicit IDs (1.319919ms)
  ✔ audited schema-10 payload decodes, sanitizes and re-encodes with string identities (1.126734ms)
  ✔ Add after a single huge-ID import preserves the source and creates a distinct ID (0.489392ms)
  ✔ Duplicate after a single huge-ID import preserves the source and creates a distinct ID (0.400782ms)
  ✔ real URL decode/sanitize/apply accepts huge IDs and supports runtime Add and Duplicate (3.735605ms)
✔ RC-01: timeout-protected allocation/import gate and direct huge-ID regressions (58.94411ms)
✔ normalizeOrbDef owns and independently reconstructs every schema-10 behavior group (2.008796ms)
✔ schema 9 copies legacy global behavior independently into every Orb (1.874287ms)
✔ schema 10 round-trip preserves divergent Orbs and omits obsolete globals (1.440156ms)
✔ runtime Orbs use independent motion, response, waveform, and particle settings (1.176447ms)
✔ bulk Orb helpers report mixed state without mutation and unify only on interaction (0.458287ms)
✔ schema 10 round-trips zero, one, two, and many Orb collections without defaults (4.122777ms)
✔ zero-Orb bulk reads and writes are explicit harmless no-ops (0.208828ms)
✔ RC-09: URL import reserves later explicit identity before missing-ID fallback and sharing (2.701668ms)
✔ RC-09: collection owns missing/duplicate repair while valid opaque identities retain configuration (5.158817ms)
✔ Schema 9 — Scene-node historical format recovers the actual emitted loss case (4.609215ms)
✔ schema constants preserve 10 and every supported legacy integer 2–9 (0.233414ms)
✔ field inventory recursively covers every CONFIG default with distinguishable legal fixture values (1.35507ms)
✔ complete non-default schema-10 fixture round-trips every field through URL and canonical replacement (1.714781ms)
✔ pure codec round-trips the same complete fixture without browser globals or preference mutation (0.902102ms)
✔ CONFIG.defaults round-trips semantically and remains immutable (1.035429ms)
✔ zero Orbs round-trip without fabricating defaults (0.598774ms)
✔ schema-10 URL import preserves opaque identities including the Ring type name (1.921267ms)
✔ duplicate Orb IDs retain canonical collection repair and array order (2.676742ms)
✔ unknown fields at every nesting level are stripped on both encode and decode (1.082098ms)
✔ runtime/session mutations and injected preference runtime fields never enter encoded payloads (3.195287ms)
✔ malformed values preserve existing clamps, defaults, enum rejection and dependent rules (0.906609ms)
✔ nonfinite numbers and wrong nested types default without creating new sanitation semantics (2.880373ms)
✔ URL application replaces preferences only and leaves runtime derivation caller-owned (0.359991ms)
✔ codec distinguishes malformed and unsupported payloads while URL failures return false atomically (0.735587ms)
✔ URL sanitation exceptions return false without replacing canonical preferences (0.372309ms)
✔ URL hash stays unpadded base64url UTF-8 JSON and preserves pathname/search (1.545231ms)
✔ schema-10 field survives independently: audio.fftSize (0.54859ms)
✔ schema-10 field survives independently: audio.muted (0.330117ms)
✔ schema-10 field survives independently: audio.repeatMode (0.474801ms)
✔ schema-10 field survives independently: audio.rmsGain (0.356246ms)
✔ schema-10 field survives independently: audio.smoothingTimeConstant (0.312892ms)
✔ schema-10 field survives independently: audio.volume (0.337689ms)
✔ schema-10 field survives independently: bands.ceilingHz (0.486638ms)
✔ schema-10 field survives independently: bands.count (0.475683ms)
✔ schema-10 field survives independently: bands.distributionMode (0.316377ms)
✔ schema-10 field survives independently: bands.floorHz (0.369926ms)
✔ schema-10 field survives independently: bands.overlay.alpha (0.63661ms)
✔ schema-10 field survives independently: bands.overlay.connectAdjacent (0.33874ms)
✔ schema-10 field survives independently: bands.overlay.enabled (0.324379ms)
✔ schema-10 field survives independently: bands.overlay.lineAlpha (0.351729ms)
✔ schema-10 field survives independently: bands.overlay.lineWidthPx (0.371368ms)
✔ schema-10 field survives independently: bands.overlay.maxRadiusFrac (0.402534ms)
✔ schema-10 field survives independently: bands.overlay.minRadiusFrac (0.436635ms)
✔ schema-10 field survives independently: bands.overlay.phaseMode (0.329407ms)
✔ schema-10 field survives independently: bands.overlay.pointSizePx (0.305872ms)
✔ schema-10 field survives independently: bands.overlay.ringSpeedRadPerSec (0.412359ms)
✔ schema-10 field survives independently: bands.overlay.waveformRadialDisplaceFrac (0.292351ms)
✔ schema-10 field survives independently: bands.particleColorSource (0.353501ms)
✔ schema-10 field survives independently: bands.rainbow.hueOffsetDeg (0.662749ms)
✔ schema-10 field survives independently: bands.rainbow.saturation (0.474561ms)
✔ schema-10 field survives independently: bands.rainbow.value (0.605264ms)
✔ schema-10 field survives independently: particleSafety.maxActiveParticles (0.402024ms)
✔ schema-10 field survives independently: particleSafety.maxEmissionsPerFrame (0.302857ms)
✔ schema-10 field survives independently: timing.maxDeltaTimeSec (0.274766ms)
✔ schema-10 field survives independently: visuals.backgroundColor (0.323488ms)
✔ schema-10 field survives independently: visuals.particleColor (0.278671ms)
✔ Schema 2 — documented legacy input migrates meaningful configuration and re-encodes as canonical schema 10 (1.107575ms)
✔ Schema 3 — documented legacy input migrates meaningful configuration and re-encodes as canonical schema 10 (0.646234ms)
✔ Schema 4 — documented legacy input migrates meaningful configuration and re-encodes as canonical schema 10 (0.862884ms)
✔ Schema 5 — documented legacy input migrates meaningful configuration and re-encodes as canonical schema 10 (1.258398ms)
✔ Schema 6 — documented legacy input migrates meaningful configuration and re-encodes as canonical schema 10 (0.929693ms)
✔ Schema 7 — documented legacy input migrates meaningful configuration and re-encodes as canonical schema 10 (0.648537ms)
✔ Schema 8 — documented legacy input migrates meaningful configuration and re-encodes as canonical schema 10 (0.71816ms)
✔ Schema 9 — later top-level format migrates meaningful configuration and re-encodes as canonical schema 10 (0.821563ms)
✔ schema-9 hybrids give whole top-level Orb/Ring settings precedence, including explicit emptiness (0.605093ms)
✔ schema-9 Scene recovery fills only absent top-level groups and honors Ring node.enabled (0.456044ms)
✔ schema-9 Scene layout/visibility and node-relative placement are intentionally discarded (0.428413ms)
✔ schema-9 Scene recovery handles empty Orbs and malformed/unknown nodes safely (0.336577ms)
✔ every schema <=9 with Orbs copies global behavior into independent nested ownership (1.607012ms)
✔ bandNames migration validates unique indices and canonical bandIds take precedence (0.675007ms)
✔ legacy logSpacing boolean migrates only when canonical distribution is absent (0.223029ms)
✔ legacy audio.loop migrates with valid canonical repeatMode precedence (0.177272ms)
✔ schema-10 output strips all legacy aliases, global behavior and historical Scene state (2.689381ms)
✔ encoding polluted current preferences strips legacy-only paths without overriding canonical values (0.299092ms)
✔ partial presets replace live preferences with canonical defaults for omitted settings (0.234035ms)
✔ AUD-001: entry handles distinguish identical names and duplicate File references (1.285998ms)
✔ AUD-001: shuffle and navigation preserve entry handles and method return contracts (0.49493ms)
✔ budgets: one integer normalization contract for sanitation, resolution and active governor (9.110521ms)
✔ budgets: schema 10 zero/upper limits round trip, historical missing defaults and Orb spacing survive (2.57408ms)
✔ budgets: increasing capacity preserves nodes/fractions/priority; decreasing retires globally oldest with deterministic ties (6.25161ms)
✔ budgets: zero emissions preserves history; zero retention trims all, refuses safely and recovers without debt (0.931535ms)
✔ budgets: actual upper-budget admissions exceed both retired immutable ceilings (32.453959ms)
✔ budgets: fairness survives changing/zero budgets, fractions and spacing remain separate eligibility (0.607136ms)
✔ budgets: runtime synchronization preserves governor identity, trim precedes render, injection is isolated (2.163955ms)
✔ budgets: canonical lifecycle, preset replacement and default reset never restore stale policy (1.718757ms)
﹣ budgets: full 1,048,576 retention boundary is usable, evicts one oldest and trims safely to zero (0.274065ms) # SKIP
✔ budgets: both zero settings leave Orb motion and free Spectral Ring active, pause still refuses emission (0.639214ms)
✔ integrated: eligible low-rate demand survives sustained competition, reorder and live policy changes without debt (209.27365ms)
✔ integrated synthetic 16-Orb history: 120 FPS covers TTL rotation; Trace suffix remains independent (96.174531ms)
✔ integrated synthetic 16-Orb history: 60 FPS covers TTL rotation; Trace suffix remains independent (36.189891ms)
✔ integrated synthetic 16-Orb history: 10 FPS covers TTL rotation; Trace suffix remains independent (2.908885ms)
✔ integrated synthetic 16-Orb history: 5 FPS covers TTL rotation; Trace suffix remains independent (2.095033ms)
✔ integrated: 200 lifecycle/policy churn cycles preserve survivors, release replaced owners and retain bounded scheduling work (112.346838ms)
✔ integrated: unordered transfer, TTL edits, oldest trim and empty-tail spacing preserve ownership (0.445337ms)
✔ integrated: long-running phase modulo stays finite; track reset keeps phase and visual reset restores design (2.443187ms)
✔ RC-15 phase 1: emitted particles at identical and nearby coordinates coexist until real-time TTL with spacing disabled (2.443378ms)
✔ RC-15 phase 1: trail reset clears retained particles and fractional emission state (0.201838ms)
✔ RC-15 phase 1: development schema-10 overlap input decodes, strips, and preserves all remaining fields (2.145828ms)
✔ RC-15 phase 1: timing ceiling is frozen CONFIG authority across codec and preference resolution (1.728833ms)
✔ RC-15 phase 1: effective simulation delta rejects invalid elapsed time and independently caps manipulated settings (0.261827ms)
✔ RC-15 phase 1: production animation boundary discards stall time with no later catch-up and keeps real clocks (2.377911ms)
✔ RC-15 phase 1: per-Orb burst guard is independent of imported timing and bounded by CONFIG rate limits (0.739542ms)
✔ RC-15 phase 2: default budgets are independent and frozen; governor state is absent from presets (3.115229ms)
✔ RC-15 phase 2: exact aggregate frame limit with 0 accepted Orbs (0.876494ms)
✔ RC-15 phase 2: exact aggregate frame limit with 1 accepted Orbs (1.766107ms)
✔ RC-15 phase 2: exact aggregate frame limit with 2 accepted Orbs (0.843215ms)
✔ RC-15 phase 2: exact aggregate frame limit with 256 accepted Orbs (13.07898ms)
✔ RC-15 phase 2: exact aggregate frame limit with 4096 accepted Orbs (110.001866ms)
✔ RC-15 phase 2: normal 60/120 Hz scenes preserve exact fractional frequency, positions and color (32.969407ms)
✔ RC-15 phase 2: high, nonfinite and corrupt demand cannot create debt or unbounded loops (13.904098ms)
✔ RC-15 phase 2: one-particle quanta and persistent service priority prevent later-Orb starvation with a tiny budget (0.660215ms)
✔ RC-15 phase 2: fairness skips zero demand, serves unequal rates, wraps and survives reorder/removal/add (1.391465ms)
✔ RC-15 phase 2: denied whole demand is discarded while fractional remainder stays smooth (0.818489ms)
✔ RC-15 phase 2: pause, stall resume and zero delta do not create a compensating burst or disturb Ring phase (5.054953ms)
✔ RC-15 phase 2: exact retention boundaries and same-timestamp oldest ordering retire before insertion (0.46039ms)
✔ RC-15 phase 2: oldest means birth timestamp across trails, with independent TTL expiry and replacement (0.803366ms)
✔ RC-15 phase 2: actual 16,384-particle cap holds during sustained aggregate overload (19.796487ms)
✔ RC-15 phase 2: retired particles disappear from actual particle drawing and chronological trace suffix (1.00246ms)
✔ RC-15 phase 2: lifecycle removal/reset/disposal releases heap nodes, cursor and scene ownership (0.724921ms)
✔ RC-15 phase 2: canonical Add/Duplicate/Remove, track reset and repeated preset replacement account exactly (1.790643ms)
✔ RC-15 phase 2: admission itself enforces the shared frame ceiling across direct trail emission paths (0.285862ms)
✔ RC-15 phase 2: heap retirement agrees with an independent oldest model through churn (7.400886ms)
✔ RC-15 phase 2: full adapter rebuild preserves surviving Orb history and clears replaced owners (0.493118ms)
✔ RC-15 phase 2: periodic low-rate demand cannot starve through cursor/clock alignment (0.775916ms)
✔ RC-15 phase 3: immutable admission policy accepts zero and exactly 4096; rejects 4097 before element access (33.820903ms)
✔ RC-15 phase 3: admission rejection includes both schema-9 forms, respecting top-level precedence (1.265408ms)
✔ RC-15 phase 3: oversized import/replacement/resolution preserves prior preferences and runtime references (3.448451ms)
✔ RC-15 phase 3: Add/Duplicate refuse at cap before reading identities; no persistent or runtime change (81.965718ms)
✔ RC-15 phase 3: duplicate-heavy repair is linear in identity reads and preserves late IDs/huge suffixes (75.939436ms)
✔ RC-15 phase 3: runtime admission fails before disposal, construction, synchronization or history loss (1.111061ms)
✔ RC-15 phase 3: normal rendering preserves coordinates, size/age/fade, chronological suffix and trace colors without arrays (1.870041ms)
✔ RC-15 phase 3: aggregate arcs/trace traversal bounded with 0 Orbs at maximum traces (2.071648ms)
✔ RC-15 phase 3: aggregate arcs/trace traversal bounded with 2 Orbs at maximum traces (27.555934ms)
✔ RC-15 phase 3: aggregate arcs/trace traversal bounded with 64 Orbs at maximum traces (34.083741ms)
✔ RC-15 phase 3: aggregate arcs/trace traversal bounded with 256 Orbs at maximum traces (22.342486ms)
✔ RC-15 phase 3: aggregate arcs/trace traversal bounded with 1024 Orbs at maximum traces (34.594294ms)
✔ RC-15 phase 3: aggregate arcs/trace traversal bounded with 4096 Orbs at maximum traces (72.237511ms)
✔ RC-15 phase 3: zero-particle ceiling scene still updates all Orbs and current Ring phase with finite work (69.54063ms)
✔ RC-15 phase 3: saturated churn/reorder/reset/replacement leaves no stale heap, trail or allocation ownership (130.081751ms)
✔ RC-15 phase 3: governed preset round-trip keeps schema 10 and omits live state/obsolete overlap (1.303214ms)
✔ RC-15 phase 3: replaceable Orb lifecycle adapters share governance without depending on extra adapter metadata (3.516822ms)
✔ spacing default: first emission, repeated position, below/exact/above threshold, and incremental motion (1.705708ms)
✔ spacing uses squared two-dimensional distance and only the most recent retained position (0.459098ms)
✔ CSS spacing and production Orb DPR wiring at DPR 1 (0.667856ms)
✔ CSS spacing and production Orb DPR wiring at DPR 2 (0.224832ms)
✔ stationary trail becomes eligible after TTL expiry, eviction, or explicit reset without a coordinate cache (0.455352ms)
✔ independent Orbs at identical locations admit independently and suppress before shared allocation (1.048458ms)
✔ many high-rate stationary Orbs cannot consume fairness slots or starve moving eligible Orbs (1.975116ms)
✔ rate below frame rate remains authoritative even after large movement; fractions survive spatial rejection (3.505195ms)
✔ zero fully bypasses comparisons, preserves duplicate rate demand, and obeys both global ceilings (1.498833ms)
✔ nonzero default still enforces the canonical aggregate ceilings with 1024 useful moving candidates (37.424153ms)
✔ running spacing changes preserve particles and fractions, and paused runtime emits nothing (0.951004ms)
✔ schema 10 spacing round trip, absent and invalid values, and obsolete overlap remains unrelated (4.602955ms)
✔ canonical creation, duplication, ID reconciliation, preset apply, track/visual reset, rebuild and disposal (2.089886ms)
✔ production callback: 120 FPS chirality -1 integrates one second of motion and independent emission delta (8.253606ms)
✔ production callback: 120 FPS chirality 1 integrates one second of motion and independent emission delta (3.385708ms)
✔ production callback: 60 FPS chirality -1 integrates one second of motion and independent emission delta (2.220489ms)
✔ production callback: 60 FPS chirality 1 integrates one second of motion and independent emission delta (1.973794ms)
✔ production callback: 30 FPS chirality -1 integrates one second of motion and independent emission delta (2.088453ms)
✔ production callback: 30 FPS chirality 1 integrates one second of motion and independent emission delta (1.615826ms)
✔ production callback: 10 FPS chirality -1 integrates one second of motion and independent emission delta (1.410583ms)
✔ production callback: 10 FPS chirality 1 integrates one second of motion and independent emission delta (1.087585ms)
✔ production callback: 5 FPS chirality -1 integrates one second of motion and independent emission delta (0.890775ms)
✔ production callback: 5 FPS chirality 1 integrates one second of motion and independent emission delta (1.244898ms)
✔ motion threshold: frozen CONFIG .5, exact boundary, just above, invalid/negative/zero intervals (1.173012ms)
✔ production callback: 120-second stall ages/expires history, retains fractions, no catch-up, recovers (0.976752ms)
✔ production callback: hidden/rebased foreground never integrates missed work; invalid timestamps recover (1.01563ms)
✔ Orb lock reads current phase; free Ring/Orb pause freeze while lifetime expires without debt (1.47619ms)
✔ slow 5 FPS history spans real TTL motion, fade uses real particle age (1.962447ms)
✔ slow 10 FPS history spans real TTL motion, fade uses real particle age (1.999803ms)
✔ ordered expiry [] at 1: 0 retirements/0 age inspections (0.270359ms)
✔ ordered expiry [0] at 0.9: 0 retirements/1 age inspections (0.1152ms)
✔ ordered expiry [0] at 1: 1 retirements/1 age inspections (0.164583ms)
✔ ordered expiry [0,0.5,1] at 0.9: 0 retirements/1 age inspections (0.075691ms)
✔ ordered expiry [0,0.5,1] at 1: 1 retirements/2 age inspections (0.050375ms)
✔ ordered expiry [0,0.5,1] at 1.5: 2 retirements/3 age inspections (0.052828ms)
✔ ordered expiry [0,0.5,1] at 2: 3 retirements/3 age inspections (0.05404ms)
✔ ordered expiry [0,0,0,1] at 1: 3 retirements/4 age inspections (0.052738ms)
✔ 100,000 unexpired ordered particles require one age inspection, including live TTL changes (66.627919ms)
✔ unordered supported timestamps use safe fallback; transfer/eviction/reset preserve or restore ordering flag (0.530543ms)
✔ different Orb TTLs retire independently, last-tail spacing resumes on empty trail without coordinate cache (0.256578ms)
✔ direct Orb and frame callers retain default delta convention; explicit motion wraps independently (0.192404ms)
✔ motion policy is ephemeral; schema-10 budgets/spacing persist with no new timing field (1.385285ms)
✔ smaller selected emission delta never slows independent motion (0.904015ms)
✔ RC-16: zero (1.81519ms)
✔ RC-16: highest (0.102801ms)
✔ RC-16: interior (0.164323ms)
✔ RC-16: invalid type/value 0 (0.136251ms)
✔ RC-16: invalid type/value 1 (0.127859ms)
✔ RC-16: invalid type/value 2 (0.088952ms)
✔ RC-16: invalid type/value 3 (0.086177ms)
✔ RC-16: invalid type/value 4 (0.106187ms)
✔ RC-16: invalid type/value 5 (0.219214ms)
✔ RC-16: invalid type/value 6 (0.218993ms)
✔ RC-16: invalid type/value 7 (0.124664ms)
✔ RC-16: invalid type/value 8 (0.154979ms)
✔ RC-16: invalid type/value 9 (0.096583ms)
✔ RC-16: invalid type/value 10 (0.110504ms)
✔ RC-16: invalid type/value 11 (0.080098ms)
✔ RC-16: invalid type/value 12 (0.147739ms)
✔ RC-16: invalid type/value 13 (0.157242ms)
✔ RC-16: invalid type/value 14 (0.051266ms)
✔ RC-16: invalid type/value 15 (0.041801ms)
✔ RC-16: invalid type/value 16 (0.031016ms)
✔ RC-16: invalid type/value 17 (0.044967ms)
✔ RC-16: stable first occurrences, fresh arrays, empty/all-invalid collections and legacy names (0.80594ms)
✔ RC-16: independent Orb normalization and duplication retain configuration and ordering (0.568739ms)
✔ RC-16: validated human text remains an explicit numbers-only model boundary (0.355455ms)
✔ RC-16: schemas 2–10 discard entries without losing scenes or reviving aliases (5.556533ms)
✔ RC-16: inspected historical fixtures keep all expected values, including both schema-9 forms (2.287047ms)
✔ RC-16: original URL import and actual Orb.step radius now match the empty control (1.758416ms)
ℹ Original malformed URL radius: 721 px; empty control: 721 px; explicit silent Band 0: 10 px.
✔ RC-16: real AnalysisFrame/runtime responses preserve distinct L/R/C energy, waveform and radius (2.075053ms)
ℹ [{"chanId":"L","fullRadius":721,"selectedRadius":299.6666666666667,"band0Radius":89},{"chanId":"R","fullRadius":247,"selectedRadius":326,"band0Radius":168},{"chanId":"C","fullRadius":484,"selectedRadius":405.0000000000001,"band0Radius":247}]
✔ RC-16: URL round-trip, runtime reconciliation and duplication preserve scene/history and errors (7.034095ms)
✔ RC-17 normalization: zero (1.473616ms)
✔ RC-17 normalization: negative zero (0.124984ms)
✔ RC-17 normalization: quarter (0.148689ms)
✔ RC-17 normalization: half (0.146486ms)
✔ RC-17 normalization: three quarters (0.115811ms)
✔ RC-17 normalization: TAU (0.102361ms)
✔ RC-17 normalization: 2TAU (0.100909ms)
✔ RC-17 normalization: -TAU (0.127829ms)
✔ RC-17 normalization: -2TAU (0.108951ms)
✔ RC-17 normalization: 450 degrees (0.506278ms)
✔ RC-17 normalization: negative quarter (0.131244ms)
✔ RC-17 normalization: many turns positive (0.092957ms)
✔ RC-17 normalization: many turns negative (0.060088ms)
✔ RC-17 normalization: canonical inputs retain exact bits, without degree quantization or boundary snapping (2.356169ms)
✔ RC-17 normalization: invalid types/nonfinite numbers use only a finite normalized fallback (0.343577ms)
✔ RC-17 presets: schema 2 applies the same phase boundary (1.423081ms)
✔ RC-17 presets: schema 3 applies the same phase boundary (0.457996ms)
✔ RC-17 presets: schema 4 applies the same phase boundary (0.464085ms)
✔ RC-17 presets: schema 5 applies the same phase boundary (0.375875ms)
✔ RC-17 presets: schema 6 applies the same phase boundary (0.268556ms)
✔ RC-17 presets: schema 7 applies the same phase boundary (0.871517ms)
✔ RC-17 presets: schema 8 applies the same phase boundary (0.309327ms)
✔ RC-17 presets: schema 9 applies the same phase boundary (0.450775ms)
✔ RC-17 presets: schema 10 applies the same phase boundary (0.357267ms)
✔ RC-17 presets: historical fixtures and both schema-9 formats retain unrelated canonical settings (2.428125ms)
✔ RC-17 collection: defaults, creation and independent duplication use canonical designed phase (0.371659ms)
✔ RC-17 URL/replacement: import/export preserve precise phase, canonical shape and independent runtime history (2.686497ms)
✔ RC-17 geometry: equivalent phases produce actual matching coordinates, waveform sampling and phase color (255.374922ms)
✔ RC-17 lifecycle: moving edit and orb Ring preserve history until explicit visual reset (1.329393ms)
✔ RC-17 lifecycle: moving edit and free Ring preserve history until explicit visual reset (0.504815ms)
✔ RC-17 UI: generated controls reflect imported canonical design, fractional values and shared display/ARIA (6.478354ms)
✔ RC-17 UI: native endpoint input resynchronizes in the same commit, stable IDs/focus/listeners survive reorder and replacement (5.705794ms)
✔ RC-17 UI: Arrow keys move one degree while preserving imported fractions and synchronizing endpoint zero (2.596714ms)
✔ RC-18: production Space/callback freezes free Ring and Orb while analysis continues (5.688328ms)
ℹ {"phaseMode":"free","pausedOrb":1.2000000000000002,"pausedRing":1.2000000000000002,"samplesDuringPause":100,"resumedOrb":1.4000000000000004,"resumedRing":1.4000000000000004}
✔ RC-18: production Space/callback freezes orb Ring and Orb while analysis continues (2.293736ms)
ℹ {"phaseMode":"orb","pausedOrb":1.2000000000000002,"pausedRing":1.2000000000000002,"samplesDuringPause":100,"resumedOrb":1.4000000000000004,"resumedRing":1.4000000000000004}
✔ RC-19: uninitialized and idle disposal are safe and acquire no resources (7.135595ms)
✔ RC-19: active disposal stops native encoding once (queued events) and preserves live owner (11.114049ms)
✔ RC-19: active disposal stops native encoding once (synchronous events) and preserves live owner (5.317401ms)
✔ RC-19: normal Stop then disposal fences queued completion without double native stop (2.535183ms)
✔ RC-19: inactive backend is not stopped unnecessarily (2.080321ms)
[RecorderEngine] dispose-stop-failed Error: stop refused
    at NativeRecorder.stop (file:///workspace/Auralprint1/tests/rc19-recorder-disposal.test.js:72:15)
    at Object.dispose (file:///tmp/rc19-wxLiWF/recorder-engine.mjs:1374:63)
    at TestContext.<anonymous> (file:///workspace/Auralprint1/tests/rc19-recorder-disposal.test.js:232:27)
    at async Test.run (node:internal/test_runner/test:1389:7)
    at async Test.processPendingSubtests (node:internal/test_runner/test:960:7)
[RecorderEngine] dispose-stop-failed Error: stop refused
    at NativeRecorder.stop (file:///workspace/Auralprint1/tests/rc19-recorder-disposal.test.js:72:15)
    at Object.dispose (file:///tmp/rc19-wxLiWF/recorder-engine.mjs:1374:63)
    at TestContext.<anonymous> (file:///workspace/Auralprint1/tests/rc19-recorder-disposal.test.js:232:27)
    at async Test.run (node:internal/test_runner/test:1389:7)
    at async Test.processPendingSubtests (node:internal/test_runner/test:960:7)
[RecorderEngine] recorder-handler-release-failed Error: cannot detach ondataavailable
    at NativeRecorder.set (file:///workspace/Auralprint1/tests/rc19-recorder-disposal.test.js:60:63)
    at releaseMediaRecorderInstance (file:///tmp/rc19-wxLiWF/recorder-engine.mjs:520:31)
    at releaseActiveSession (file:///tmp/rc19-wxLiWF/recorder-engine.mjs:531:30)
    at Object.dispose (file:///tmp/rc19-wxLiWF/recorder-engine.mjs:1387:22)
    at TestContext.<anonymous> (file:///workspace/Auralprint1/tests/rc19-recorder-disposal.test.js:249:27)
    at async Test.run (node:internal/test_runner/test:1389:7)
    at async Test.processPendingSubtests (node:internal/test_runner/test:960:7)
[RecorderEngine] recorder-handler-release-failed Error: cannot detach onstop
    at NativeRecorder.set (file:///workspace/Auralprint1/tests/rc19-recorder-disposal.test.js:60:63)
    at releaseMediaRecorderInstance (file:///tmp/rc19-wxLiWF/recorder-engine.mjs:520:31)
    at releaseActiveSession (file:///tmp/rc19-wxLiWF/recorder-engine.mjs:531:30)
    at Object.dispose (file:///tmp/rc19-wxLiWF/recorder-engine.mjs:1387:22)
    at TestContext.<anonymous> (file:///workspace/Auralprint1/tests/rc19-recorder-disposal.test.js:249:27)
    at async Test.run (node:internal/test_runner/test:1389:7)
    at async Test.processPendingSubtests (node:internal/test_runner/test:960:7)
[RecorderEngine] recorder-handler-release-failed Error: cannot detach onerror
    at NativeRecorder.set (file:///workspace/Auralprint1/tests/rc19-recorder-disposal.test.js:60:63)
    at releaseMediaRecorderInstance (file:///tmp/rc19-wxLiWF/recorder-engine.mjs:520:31)
    at releaseActiveSession (file:///tmp/rc19-wxLiWF/recorder-engine.mjs:531:30)
    at Object.dispose (file:///tmp/rc19-wxLiWF/recorder-engine.mjs:1387:22)
    at TestContext.<anonymous> (file:///workspace/Auralprint1/tests/rc19-recorder-disposal.test.js:249:27)
    at async Test.run (node:internal/test_runner/test:1389:7)
    at async Test.processPendingSubtests (node:internal/test_runner/test:960:7)
[RecorderEngine] audio-stream-release-failed Error: owner cleanup refused
    at Object.releaseStream (file:///workspace/Auralprint1/tests/rc19-recorder-disposal.test.js:138:80)
    at releaseAudioStream (file:///tmp/rc19-wxLiWF/recorder-engine.mjs:661:22)
    at releaseMergedStream (file:///tmp/rc19-wxLiWF/recorder-engine.mjs:887:12)
    at releaseActiveSession (file:///tmp/rc19-wxLiWF/recorder-engine.mjs:533:29)
    at Object.dispose (file:///tmp/rc19-wxLiWF/recorder-engine.mjs:1387:22)
    at TestContext.<anonymous> (file:///workspace/Auralprint1/tests/rc19-recorder-disposal.test.js:260:25)
    at async Test.run (node:internal/test_runner/test:1389:7)
    at async Test.processPendingSubtests (node:internal/test_runner/test:960:7)
[RecorderEngine] media-recorder-create-failed Error: MediaRecorder could not be created: constructor refused
    at createRecorderError (file:///tmp/rc19-wxLiWF/recorder-engine.mjs:297:17)
    at Object.start (file:///tmp/rc19-wxLiWF/recorder-engine.mjs:1187:15)
    at TestContext.<anonymous> (file:///workspace/Auralprint1/tests/rc19-recorder-disposal.test.js:282:25)
    at async Test.run (node:internal/test_runner/test:1389:7)
    at async Test.processPendingSubtests (node:internal/test_runner/test:960:7) {
  recordingCode: 'media-recorder-create-failed',
  cause: Error: constructor refused
      at new NativeRecorder (file:///workspace/Auralprint1/tests/rc19-recorder-disposal.test.js:54:37)
      at Object.start (file:///tmp/rc19-wxLiWF/recorder-engine.mjs:1185:33)
      at TestContext.<anonymous> (file:///workspace/Auralprint1/tests/rc19-recorder-disposal.test.js:282:25)
      at async Test.run (node:internal/test_runner/test:1389:7)
      at async Test.processPendingSubtests (node:internal/test_runner/test:960:7)
}
[RecorderEngine] media-recorder-start-failed Error: MediaRecorder could not start: start refused
    at createRecorderError (file:///tmp/rc19-wxLiWF/recorder-engine.mjs:297:17)
    at Object.start (file:///tmp/rc19-wxLiWF/recorder-engine.mjs:1220:15)
    at TestContext.<anonymous> (file:///workspace/Auralprint1/tests/rc19-recorder-disposal.test.js:282:25)
    at async Test.run (node:internal/test_runner/test:1389:7)
    at async Test.processPendingSubtests (node:internal/test_runner/test:960:7) {
  recordingCode: 'media-recorder-start-failed',
  cause: Error: start refused
      at NativeRecorder.start (file:///workspace/Auralprint1/tests/rc19-recorder-disposal.test.js:65:39)
      at Object.start (file:///tmp/rc19-wxLiWF/recorder-engine.mjs:1218:31)
      at TestContext.<anonymous> (file:///workspace/Auralprint1/tests/rc19-recorder-disposal.test.js:282:25)
      at async Test.run (node:internal/test_runner/test:1389:7)
      at async Test.processPendingSubtests (node:internal/test_runner/test:960:7)
}
[RecorderEngine] recorder-error Error: native fatal error
    at NativeRecorder.error (file:///workspace/Auralprint1/tests/rc19-recorder-disposal.test.js:86:31)
    at TestContext.<anonymous> (file:///workspace/Auralprint1/tests/rc19-recorder-disposal.test.js:290:115)
    at async Test.run (node:internal/test_runner/test:1389:7)
    at async Test.processPendingSubtests (node:internal/test_runner/test:960:7)
✔ RC-19: explicit reinit creates a clean session immune to old callbacks and queued timers (34.486766ms)
✔ RC-19: native stop exception reports failure with actual recording state and still cleans up (3.526377ms)
✔ RC-19: native stop exception reports failure with actual inactive state and still cleans up (2.398862ms)
✔ RC-19: exceptional ondataavailable detachment still fences callbacks and releases remaining ownership (2.518308ms)
✔ RC-19: exceptional onstop detachment still fences callbacks and releases remaining ownership (2.092509ms)
✔ RC-19: exceptional onerror detachment still fences callbacks and releases remaining ownership (2.501844ms)
✔ RC-19: throwing audio-owner cleanup never falls back to stopping shared upstream tracks (3.346671ms)
✔ RC-19: file playback tap is released by AudioEngine without disturbing playback or analysis (3.707173ms)
✔ RC-19: failed capture acquisition/start then disposal creates no export or native stop (1.78142ms)
✔ RC-19: failed constructor acquisition/start then disposal creates no export or native stop (2.667028ms)
✔ RC-19: failed start acquisition/start then disposal creates no export or native stop (2.336489ms)
✔ RC-19: native error then dispose is terminal and cannot resurrect an export (3.175579ms)
✔ RC-20 portable/hosted contracts and isolated failure/mutation controls (893.416329ms)
ℹ test_artifact_external_portable_icon (__main__.Packaging.test_artifact_external_portable_icon) ... ok
test_artifact_malformed_manifest (__main__.Packaging.test_artifact_malformed_manifest) ... ok
test_artifact_missing_favicon (__main__.Packaging.test_artifact_missing_favicon) ... ok
test_artifact_missing_manifest_icon (__main__.Packaging.test_artifact_missing_manifest_icon) ... ok
test_artifact_root_only_hosted_metadata (__main__.Packaging.test_artifact_root_only_hosted_metadata) ... ok
test_artifact_root_relative_launch_and_scope (__main__.Packaging.test_artifact_root_relative_launch_and_scope) ... ok
test_artifact_shared_runtime_divergence (__main__.Packaging.test_artifact_shared_runtime_divergence) ... ok
test_artifact_stale_version_each_edition (__main__.Packaging.test_artifact_stale_version_each_edition) ... ok
test_both_contracts_and_asset_integrity (__main__.Packaging.test_both_contracts_and_asset_integrity) ... ok
test_build_absent_manifest_reference (__main__.Packaging.test_build_absent_manifest_reference) ... ok
test_build_corrupt_png_payload (__main__.Packaging.test_build_corrupt_png_payload) ... ok
test_build_external_portable_link (__main__.Packaging.test_build_external_portable_link) ... ok
test_build_invalid_icon (__main__.Packaging.test_build_invalid_icon) ... ok
test_build_malformed_manifest (__main__.Packaging.test_build_malformed_manifest) ... ok
test_build_missing_and_duplicate_markers (__main__.Packaging.test_build_missing_and_duplicate_markers) ... ok
test_build_missing_favicon (__main__.Packaging.test_build_missing_favicon) ... ok
test_build_missing_manifest_icon (__main__.Packaging.test_build_missing_manifest_icon) ... ok
test_build_rejects_external_scripts_and_stylesheets (__main__.Packaging.test_build_rejects_external_scripts_and_stylesheets) ... ok
test_build_unresolved_marker (__main__.Packaging.test_build_unresolved_marker) ... ok
test_build_unsafe_svg (__main__.Packaging.test_build_unsafe_svg) ... ok
test_build_wrong_manifest_mime (__main__.Packaging.test_build_wrong_manifest_mime) ... ok
test_build_wrong_png_dimensions (__main__.Packaging.test_build_wrong_png_dimensions) ... ok
test_old_declarations_are_a_preserved_negative_control (__main__.Packaging.test_old_declarations_are_a_preserved_negative_control) ... ok

----------------------------------------------------------------------
Ran 23 tests in 0.818s

OK

✔ RC-21: one-band, multi-band and empty targeting keep the selected channel's waveform and energy (4.392192ms)
ℹ [{"chanId":"L","bandIds":[0],"selected":0.9,"full":0.8,"waveform":0.75},{"chanId":"L","bandIds":[0,1],"selected":0.8,"full":0.8,"waveform":0.75},{"chanId":"L","bandIds":[],"selected":null,"full":0.8,"waveform":0.75},{"chanId":"R","bandIds":[0],"selected":0.1,"full":0.2,"waveform":-0.5},{"chanId":"R","bandIds":[0,1],"selected":0.2,"full":0.2,"waveform":-0.5},{"chanId":"R","bandIds":[],"selected":null,"full":0.2,"waveform":-0.5},{"chanId":"C","bandIds":[0],"selected":0.5,"full":0.6,"waveform":0.25},{"chanId":"C","bandIds":[0,1],"selected":0.45,"full":0.6,"waveform":0.25},{"chanId":"C","bandIds":[],"selected":null,"full":0.6,"waveform":0.25}]
✔ RC-21: actual rendered help explains channel ownership and band/empty targeting (7.581056ms)
ℹ Channel selects both the Orb's waveform and its band energies (Left, Right, or Center). Selected bands use that channel's energy. With no bands selected, the Orb uses its channel's full-spectrum energy.
✔ RC-22: collision cancellation/acceptance through generated button delegation preserves Ring and survivor (8.431901ms)
ℹ {"confirmation":"Remove Orb 1 (spectral-ring)? This cannot be undone.","persisted":["ORB1"],"ringSurvived":true,"focus":{"action":"edit","orbId":"ORB1"}}
✔ RC-22: reorder numbers and middle/end/empty nearest-survivor focus follow current runtime order (2.026309ms)
✔ RC-22: accepted opaque ID "spectral-ring" remains safe and removable (1.849922ms)
✔ RC-22: accepted opaque ID "ORB0" remains safe and removable (0.70743ms)
✔ RC-22: accepted opaque ID "ORB123" remains safe and removable (0.616125ms)
✔ RC-22: accepted opaque ID "custom string" remains safe and removable (0.598408ms)
✔ RC-22: accepted opaque ID "custom![]#\"<>&" remains safe and removable (0.957271ms)
✔ RC-22: stale missing target cannot confirm or remove a matching Ring (1.05749ms)
✔ RC-22: failed removal keeps focus, settings and list; refresh/init do not duplicate listeners (0.695633ms)
✔ RC-22: generated Edit/Add/Duplicate actions retain stable IDs, numbering and focus (2.531779ms)
[RecorderEngine] media-recorder-create-failed Error: MediaRecorder could not be created: injected constructor failure
    at createRecorderError (file:///workspace/Auralprint1/src/js/recording/recorder-engine.js:297:17)
    at Object.start (file:///workspace/Auralprint1/src/js/recording/recorder-engine.js:1187:15)
    at TestContext.<anonymous> (file:///workspace/Auralprint1/tests/recording-export.test.js:126:35)
    ... 5 lines matching cause stack trace ...
    at async startSubtestAfterBootstrap (node:internal/test_runner/harness:387:3) {
  recordingCode: 'media-recorder-create-failed',
  cause: Error: injected constructor failure
      at new FakeRecorder (file:///workspace/Auralprint1/tests/recording-export.test.js:32:37)
      at Object.start (file:///workspace/Auralprint1/src/js/recording/recorder-engine.js:1185:33)
      at TestContext.<anonymous> (file:///workspace/Auralprint1/tests/recording-export.test.js:126:35)
      at Test.runInAsyncScope (node:async_hooks:227:14)
      at Test.run (node:internal/test_runner/test:1382:25)
      at Test.processPendingSubtests (node:internal/test_runner/test:960:18)
      at Test.postRun (node:internal/test_runner/test:1522:19)
      at Test.run (node:internal/test_runner/test:1447:12)
      at async startSubtestAfterBootstrap (node:internal/test_runner/harness:387:3)
}
✔ RC-06: successful A survives failed B acquisition (35.887897ms)
[RecorderEngine] media-recorder-start-failed Error: MediaRecorder could not start: injected start failure
    at createRecorderError (file:///workspace/Auralprint1/src/js/recording/recorder-engine.js:297:17)
    at Object.start (file:///workspace/Auralprint1/src/js/recording/recorder-engine.js:1220:15)
    at TestContext.<anonymous> (file:///workspace/Auralprint1/tests/recording-export.test.js:126:35)
    ... 5 lines matching cause stack trace ...
    at async Test.processPendingSubtests (node:internal/test_runner/test:960:7) {
  recordingCode: 'media-recorder-start-failed',
  cause: Error: injected start failure
      at FakeRecorder.start (file:///workspace/Auralprint1/tests/recording-export.test.js:38:31)
      at Object.start (file:///workspace/Auralprint1/src/js/recording/recorder-engine.js:1218:31)
      at TestContext.<anonymous> (file:///workspace/Auralprint1/tests/recording-export.test.js:126:35)
      at Test.runInAsyncScope (node:async_hooks:227:14)
      at Test.run (node:internal/test_runner/test:1382:25)
      at Test.processPendingSubtests (node:internal/test_runner/test:960:18)
      at Test.postRun (node:internal/test_runner/test:1522:19)
      at Test.run (node:internal/test_runner/test:1447:12)
      at async Test.processPendingSubtests (node:internal/test_runner/test:960:7)
}
✔ RC-06: successful A survives failed B constructor (2.644727ms)
✔ RC-06: successful A survives failed B start (1.553516ms)
[RecorderEngine] recorder-error Error: injected recorder error
    at FakeRecorder.error (file:///workspace/Auralprint1/tests/recording-export.test.js:47:39)
    at TestContext.<anonymous> (file:///workspace/Auralprint1/tests/recording-export.test.js:150:5)
    at async Test.run (node:internal/test_runner/test:1389:7)
    at async Test.processPendingSubtests (node:internal/test_runner/test:960:7)
✔ RC-06: successful A survives B recorder error and stale callbacks (3.89925ms)
[RecorderEngine] no-captured-chunks Error: Recording finished without any captured data.
    at createRecorderError (file:///workspace/Auralprint1/src/js/recording/recorder-engine.js:297:17)
    at assembleCompletedRecordingExport (file:///workspace/Auralprint1/src/js/recording/recorder-engine.js:689:13)
    at finalizeStoppedRecorder (file:///workspace/Auralprint1/src/js/recording/recorder-engine.js:1032:31)
    at runtime.mediaRecorder.onstop (file:///workspace/Auralprint1/src/js/recording/recorder-engine.js:1213:44)
    at FakeRecorder.finish (file:///workspace/Auralprint1/tests/recording-export.test.js:46:29)
    at TestContext.<anonymous> (file:///workspace/Auralprint1/tests/recording-export.test.js:188:7)
    at async Test.run (node:internal/test_runner/test:1389:7)
    at async Test.processPendingSubtests (node:internal/test_runner/test:960:7) {
  recordingCode: 'no-captured-chunks'
}
✔ RC-06: successful A survives B finalization failure (noChunks) (1.618223ms)
[RecorderEngine] empty-recording-export Error: Recording export is empty.
    at createRecorderError (file:///workspace/Auralprint1/src/js/recording/recorder-engine.js:297:17)
    at assembleCompletedRecordingExport (file:///workspace/Auralprint1/src/js/recording/recorder-engine.js:696:13)
    at finalizeStoppedRecorder (file:///workspace/Auralprint1/src/js/recording/recorder-engine.js:1032:31)
    at runtime.mediaRecorder.onstop (file:///workspace/Auralprint1/src/js/recording/recorder-engine.js:1213:44)
    at FakeRecorder.finish (file:///workspace/Auralprint1/tests/recording-export.test.js:46:29)
    at TestContext.<anonymous> (file:///workspace/Auralprint1/tests/recording-export.test.js:188:7)
    at async Test.run (node:internal/test_runner/test:1389:7)
    at async Test.processPendingSubtests (node:internal/test_runner/test:960:7) {
  recordingCode: 'empty-recording-export'
}
✔ RC-06: successful A survives B finalization failure (emptyBlob) (2.307045ms)
[RecorderEngine] export-filename-unresolved Error: Recording export filename could not be resolved.
    at createRecorderError (file:///workspace/Auralprint1/src/js/recording/recorder-engine.js:297:17)
    at assembleCompletedRecordingExport (file:///workspace/Auralprint1/src/js/recording/recorder-engine.js:701:13)
    at finalizeStoppedRecorder (file:///workspace/Auralprint1/src/js/recording/recorder-engine.js:1032:31)
    at runtime.mediaRecorder.onstop (file:///workspace/Auralprint1/src/js/recording/recorder-engine.js:1213:44)
    at FakeRecorder.finish (file:///workspace/Auralprint1/tests/recording-export.test.js:46:29)
    at TestContext.<anonymous> (file:///workspace/Auralprint1/tests/recording-export.test.js:188:7)
    at async Test.run (node:internal/test_runner/test:1389:7)
    at async Test.processPendingSubtests (node:internal/test_runner/test:960:7) {
  recordingCode: 'export-filename-unresolved'
}
✔ RC-06: successful A survives B finalization failure (filename) (1.526526ms)
[RecorderEngine] object-url-create-failed Error: Recording export URL could not be created: injected URL creation failure
    at createRecorderError (file:///workspace/Auralprint1/src/js/recording/recorder-engine.js:297:17)
    at assembleCompletedRecordingExport (file:///workspace/Auralprint1/src/js/recording/recorder-engine.js:708:13)
    at finalizeStoppedRecorder (file:///workspace/Auralprint1/src/js/recording/recorder-engine.js:1032:31)
    ... 4 lines matching cause stack trace ...
    at async Test.processPendingSubtests (node:internal/test_runner/test:960:7) {
  recordingCode: 'object-url-create-failed',
  cause: Error: injected URL creation failure
      at URL.createObjectURL (file:///workspace/Auralprint1/tests/recording-export.test.js:64:33)
      at assembleCompletedRecordingExport (file:///workspace/Auralprint1/src/js/recording/recorder-engine.js:706:23)
      at finalizeStoppedRecorder (file:///workspace/Auralprint1/src/js/recording/recorder-engine.js:1032:31)
      at runtime.mediaRecorder.onstop (file:///workspace/Auralprint1/src/js/recording/recorder-engine.js:1213:44)
      at FakeRecorder.finish (file:///workspace/Auralprint1/tests/recording-export.test.js:46:29)
      at TestContext.<anonymous> (file:///workspace/Auralprint1/tests/recording-export.test.js:188:7)
      at async Test.run (node:internal/test_runner/test:1389:7)
      at async Test.processPendingSubtests (node:internal/test_runner/test:960:7)
}
✔ RC-06: successful A survives B finalization failure (objectUrl) (1.707105ms)
[RecorderEngine] finalize-failed Error: injected Blob failure
    at new globalThis.Blob (file:///workspace/Auralprint1/tests/recording-export.test.js:184:81)
    at assembleCompletedRecordingExport (file:///workspace/Auralprint1/src/js/recording/recorder-engine.js:692:18)
    at finalizeStoppedRecorder (file:///workspace/Auralprint1/src/js/recording/recorder-engine.js:1032:31)
    at runtime.mediaRecorder.onstop (file:///workspace/Auralprint1/src/js/recording/recorder-engine.js:1213:44)
    at FakeRecorder.finish (file:///workspace/Auralprint1/tests/recording-export.test.js:46:29)
    at TestContext.<anonymous> (file:///workspace/Auralprint1/tests/recording-export.test.js:188:7)
    at async Test.run (node:internal/test_runner/test:1389:7)
    at async Test.processPendingSubtests (node:internal/test_runner/test:960:7)
✔ RC-06: successful A survives B finalization failure (blobThrows) (1.766382ms)
[RecorderEngine] finalize-failed Error: injected failure after URL assembly
    at Object.getRenderTap (file:///workspace/Auralprint1/tests/recording-export.test.js:80:15)
    at readSupportDetails (file:///workspace/Auralprint1/src/js/recording/recorder-engine.js:188:36)
    at finalizeStoppedRecorder (file:///workspace/Auralprint1/src/js/recording/recorder-engine.js:1041:18)
    at runtime.mediaRecorder.onstop (file:///workspace/Auralprint1/src/js/recording/recorder-engine.js:1213:44)
    at FakeRecorder.finish (file:///workspace/Auralprint1/tests/recording-export.test.js:46:29)
    at TestContext.<anonymous> (file:///workspace/Auralprint1/tests/recording-export.test.js:188:7)
    at async Test.run (node:internal/test_runner/test:1389:7)
    at async Test.processPendingSubtests (node:internal/test_runner/test:960:7)
[RecorderEngine] stop-failed Error: injected stop failure
    at FakeRecorder.stop (file:///workspace/Auralprint1/tests/recording-export.test.js:42:30)
    at Object.stop (file:///workspace/Auralprint1/src/js/recording/recorder-engine.js:1306:29)
    at TestContext.<anonymous> (file:///workspace/Auralprint1/tests/recording-export.test.js:211:35)
    at Test.runInAsyncScope (node:async_hooks:227:14)
    at Test.run (node:internal/test_runner/test:1382:25)
    at Test.processPendingSubtests (node:internal/test_runner/test:960:18)
    at Test.postRun (node:internal/test_runner/test:1522:19)
    at Test.run (node:internal/test_runner/test:1447:12)
    at async Test.processPendingSubtests (node:internal/test_runner/test:960:7)
✔ RC-06: successful A survives B finalization failure (afterUrl) (2.149321ms)
✔ RC-06: successful A survives B stop exception (1.967491ms)
✔ RC-06: successful A survives B inactive recorder (1.82523ms)
✔ RC-06: successful B commits before revoking A exactly once; repeated replacement does not leak (4.071034ms)
✔ RC-06: first recording works without a previous export (0.75472ms)
✔ RC-06: reset retains the completed export (0.892375ms)
✔ RC-06: completed-export disposal revokes and clears exactly once (0.513002ms)
✔ AUD-002 / RC-06: retained export survives File AudioContext startup failure (11.594937ms)
✔ F4-CLEANUP-01 / RC-06: retained export survives decoder File cleanup (4.555454ms)
✔ F4-CLEANUP-01 / RC-06: retained export survives graph File cleanup (3.296505ms)
✔ RC-10: rendered Orb lock uses current-frame first Orb after variable deltas and reconciliation (3.526196ms)
✔ template structure reader retains nested ancestry and duplicate IDs across void tags and comments (2.45831ms)
✔ preset buttons exist once under Scene Settings and never under Visualizers (0.40368ms)
✔ Settings copy retains canonical Scene IDs alongside Visualizers (0.342208ms)
✔ Scene panel initializes idempotently from the canonical source enum (1.044371ms)
✔ Scene refresh is reference guarded and source readouts follow selected labels (0.717846ms)
✔ Scene controls mutate only historical schema-10 fields (0.45081ms)
✔ Visualizers contains one inventory, Ring editor, Orb editor host, management and all 13 bulk fields (0.657476ms)
✔ retired Orbs workspace and escape hatch are absent and every template ID is unique (1.177889ms)
✔ Performance resource controls have scene ownership, explicit numeric labels, help and warning (0.62617ms)
✔ budget numeric editing commits change only, refuses invalid/empty, preserves focus and listener identity (1.16496ms)
✔ diagnostics read actual governor fields even with unchanged settings; unchanged text avoids DOM writes (0.47149ms)
✔ RC-14: touchcancel terminates touch drag ownership before unrelated moves (1.771711ms)
✔ RC-14: touchend terminates touch drag ownership before unrelated moves (0.313215ms)
✔ RC-14: reset terminates touch drag ownership before unrelated moves (0.304151ms)
✔ RC-14: load terminates touch drag ownership before unrelated moves (0.341256ms)
✔ RC-14: init terminates touch drag ownership before unrelated moves (0.167499ms)
✔ non-divisible waveform buckets include a final-sample impulse (1.301603ms)
✔ short buffers retain a terminal impulse at the end of the timeline (0.178135ms)
✔ a middle impulse maps to the corresponding middle waveform region (0.149753ms)
✔ multi-channel terminal peaks use absolute magnitude (0.119968ms)
✔ ordinary long buffers use proportional intervals and peak semantics (0.41133ms)
✔ zero-length channel data returns finite zero-filled peaks (0.195541ms)
✔ Spectral Ring editor exposes every schema-10 presentation field and owned limits (2.091928ms)
✔ Spectral Ring refresh is runtime-settings reference guarded (0.321735ms)
✔ Stream graph preserves L/R output indices, Center adaptation, and upstream recorder ownership (7.032362ms)
[RecorderEngine] dispose-stop-failed TypeError: recorder.stop is not a function
    at Object.dispose (file:///workspace/Auralprint1/src/js/recording/recorder-engine.js:1374:63)
    at Object.restore (file:///workspace/Auralprint1/tests/targeted-audit.test.js:605:28)
    at TestContext.<anonymous> (file:///workspace/Auralprint1/tests/targeted-audit.test.js:2938:13)
    at Test.runInAsyncScope (node:async_hooks:227:14)
    at Test.run (node:internal/test_runner/test:1382:25)
    at Test.processPendingSubtests (node:internal/test_runner/test:960:18)
    at Test.postRun (node:internal/test_runner/test:1522:19)
    at Test.run (node:internal/test_runner/test:1447:12)
    at async Test.processPendingSubtests (node:internal/test_runner/test:960:7)
[RecorderEngine] dispose-stop-failed TypeError: recorder.stop is not a function
    at Object.dispose (file:///workspace/Auralprint1/src/js/recording/recorder-engine.js:1374:63)
    at Object.restore (file:///workspace/Auralprint1/tests/targeted-audit.test.js:605:28)
    at TestContext.<anonymous> (file:///workspace/Auralprint1/tests/targeted-audit.test.js:2966:13)
    at Test.runInAsyncScope (node:async_hooks:227:14)
    at Test.run (node:internal/test_runner/test:1382:25)
    at Test.processPendingSubtests (node:internal/test_runner/test:960:18)
    at Test.postRun (node:internal/test_runner/test:1522:19)
    at Test.run (node:internal/test_runner/test:1447:12)
    at async Test.processPendingSubtests (node:internal/test_runner/test:960:7)
[RecorderEngine] dispose-stop-failed TypeError: recorder.stop is not a function
    at Object.dispose (file:///workspace/Auralprint1/src/js/recording/recorder-engine.js:1374:63)
    at Object.restore (file:///workspace/Auralprint1/tests/targeted-audit.test.js:605:28)
    at TestContext.<anonymous> (file:///workspace/Auralprint1/tests/targeted-audit.test.js:2995:13)
    at Test.runInAsyncScope (node:async_hooks:227:14)
    at Test.run (node:internal/test_runner/test:1382:25)
    at Test.processPendingSubtests (node:internal/test_runner/test:960:18)
    at Test.postRun (node:internal/test_runner/test:1522:19)
    at Test.run (node:internal/test_runner/test:1447:12)
    at async Test.processPendingSubtests (node:internal/test_runner/test:960:7)
✔ development version metadata and schema remain aligned (2.420043ms)
✔ per-Orb commits use one canonical runtime sync and Orb editor refresh authority (0.695627ms)
✔ normalizeOrbDef preserves fallback routing when chanId and bandIds are omitted (1.143839ms)
✔ normalizeOrbDef still honors explicit incoming routing and band selections (0.186155ms)
✔ normalizeOrbDef clamps hue and sanitizes Build 115 orb fields (0.222068ms)
✔ normalizeOrbDef defaults missing v8 orb fields to Build 115 values (0.130092ms)
✔ URL preset schema 9 round-trips per-orb Build 115 fields (2.308979ms)
✔ UI refreshAllUiText renders generated per-Orb editor cards (22.631536ms)
✔ UI refreshAllUiText represents the current VisualizerRuntime composition (6.245891ms)
✔ URL preset schema 8 orb payloads migrate to Build 115 defaults (1.186582ms)
✔ buildWaveformPeaks keeps mono peak behavior unchanged (0.339391ms)
✔ buildWaveformPeaks includes non-silent right-channel data (0.153797ms)
✔ scrubber touchmove does not cancel window scrolling outside an active drag (0.634357ms)
✔ scrubber active touch drag still prevents default and seeks (0.224011ms)
✔ Scrubber.draw keeps the Build 113 idle file copy when no source is active (0.441903ms)
✔ Scrubber.draw uses honest microphone copy instead of fake track text (0.296278ms)
✔ Scrubber.draw uses honest stream copy instead of fake track text (0.242178ms)
✔ AudioEngine.loadFile does not tear down the freshly created media element during attach (6.639102ms)
✔ AudioEngine.loadFile clears loaded state and reports late file errors after a paused load succeeds (0.335786ms)
✔ deferred file playback errors clear the active file session and block recording restart (1.816772ms)
✔ AudioEngine.getRecorderTap reuses active live-stream audio without local playback or lifecycle ownership (0.467259ms)
✔ readSourceUiModel keeps microphone mode honest about file-only affordances (0.240636ms)
✔ readSourceUiModel keeps stream mode honest about live-source affordances (0.211252ms)
✔ Stream status exposes 2ch, mono, and multichannel capture separately from analysed content (0.162139ms)
✔ Stream status retains the existing format when capture channel count is unknown (0.119617ms)
✔ inactive Stream and Mic status never expose stale Stream capture metadata (0.196399ms)
✔ readSourceUiModel treats File as the idle workflow side without implying an active file source (0.114689ms)
✔ readSourceUiModel surfaces retained live-input errors after returning to file-workflow idle (0.090554ms)
✔ URL preset serialization excludes runtime source and recording state (0.504775ms)
✔ URL preset round-trips persisted config fields that were previously dropped on decode (0.701826ms)
✔ UI clears retained live-input errors on explicit file-workflow reset (6.777977ms)
✔ UI clears retained live-input errors when Clear Queue resets file workflow to empty (2.004048ms)
✔ UI clears retained live-input errors when removing the last queued file resets file workflow to empty (1.855549ms)
✔ UI refreshAllUiText keeps file-mode status and selector copy honest in idle and loaded states (2.612848ms)
✔ UI source selector copy reflects support, requesting, active, and error truth (5.307165ms)
✔ UI disables file-only controls with clear file-mode-only affordances in live workflows (2.890908ms)
✔ first-run load hint hides when a file source becomes active (1.514686ms)
✔ first-run load hint hides when microphone input becomes active (1.074396ms)
✔ first-run load hint hides when stream input becomes active (1.145151ms)
✔ first-run load hint stays visible while microphone permission is still being requested (1.275884ms)
✔ first-run load hint stays visible while stream permission is still being requested (6.522339ms)
✔ first-run load hint stays visible after denied live-source activation errors (2.905549ms)
✔ first-run load hint stays hidden after a successful live session returns to idle file workflow (1.812075ms)
✔ UI keeps queue panel recoverable across live source switches and audio panel hiding (3.324007ms)
✔ UI finalizing locks destructive file transport actions while leaving non-destructive file controls available (8.850796ms)
✔ UI refreshes an already-open queue when recording enters finalizing (1.407037ms)
✔ UI re-enables an already-open queue when recording leaves finalizing (1.294632ms)
✔ UI finalizing blocks destructive file transport interactions and keeps file workflow state stable (1.570138ms)
✔ UI restores the recording panel after global hide when it was previously visible (1.220562ms)
✔ UI keeps the recording launcher reachable after global hide when the panel was already hidden (1.071733ms)
✔ UI workspace launcher toggles panels and active states without hiding launchers (1.328381ms)
✔ UI workspace launcher collapse keeps the shell recoverable (1.079524ms)
✔ dynamic Orb editor keeps stable card identity across UI refresh (1.070791ms)
✔ dynamic Orb editor does not retain fixed-slot controls (1.065444ms)
✔ global view toggle restores the prior panel selection and disclosure keys do not pause simulation (2.93965ms)
✔ UI blocks live-source switching during active recording without touching the active source session (1.1583ms)
✔ UI refreshRecordingUi renders source-aware recording copy across file and live workflows (7.736522ms)
✔ RecorderEngine.start allows an active microphone source without file transport state (2.136183ms)
✔ RecorderEngine.start merges live stream audio even when no file transport is loaded (0.59613ms)
✔ RecorderEngine.start keeps active stream capture video-only when recording audio is disabled (0.500439ms)
✔ UI.getRecordingUiModel allows active stream sessions to start recording without a loaded file (0.30528ms)
✔ prepareWatchBuild creates clean build output directories (19.404513ms)
✔ Spectral Ring presentation has one Visualizers owner while shared colors live in Scene (0.779822ms)
✔ 115L exposes one Scene color owner and removes the active Bands shell (0.36601ms)
✔ preset sanitation uses Scene color and Spectral Ring line limit owners (0.175168ms)
✔ Copy Share Link writes the canonical schema-10 hash and reports only in Settings (3.762395ms)
✔ Share clipboard fallback retains the URL and reports only in Settings (2.620088ms)
✔ Apply URL Preset uses canonical apply, conditional BandBank rebuild and Settings feedback (2.774316ms)
✔ missing and invalid URL presets report only in Settings and retain preferences (1.974875ms)
✔ Reset All Settings restores complete CONFIG defaults and reports only in Settings (2.213157ms)
✔ Scene control commits use Settings feedback while Bulk Orb commits use Visualizers feedback (3.811948ms)
✔ M.H Analysis edits report only through Analysis, including validation and band rebuild options (3.361483ms)
✔ M.H repeat, mute and volume use the existing Audio toast and restore source status after expiry (7.135034ms)
✔ M.H individual Orb and Spectral Ring edits emit only Visualizer feedback (13.619027ms)
✔ M.H generic preference application is status-neutral and internal synchronization stays silent (2.794246ms)
✔ Settings toasts survive applyPrefs, replace prior timers, and restore the default lane (2.2351ms)
✔ hashchange preset application also reports through Settings without an Orb toast (2.176533ms)
✔ Visualizers bulk motion.angularSpeedRadPerSec reports mixed and applies canonically to every Orb (2.774386ms)
✔ Visualizers bulk response.minRadiusFrac reports mixed and applies canonically to every Orb (2.62831ms)
✔ Visualizers bulk response.maxRadiusFrac reports mixed and applies canonically to every Orb (2.805422ms)
✔ Visualizers bulk response.waveformRadialDisplaceFrac reports mixed and applies canonically to every Orb (4.71091ms)
✔ Visualizers bulk trace.lines reports mixed and applies canonically to every Orb (16.842806ms)
✔ Visualizers bulk trace.numLines reports mixed and applies canonically to every Orb (2.152398ms)
✔ Visualizers bulk trace.lineColorMode reports mixed and applies canonically to every Orb (2.981622ms)
✔ Visualizers bulk particles.emitPerSecond reports mixed and applies canonically to every Orb (1.685178ms)
✔ Visualizers bulk particles.sizeMaxPx reports mixed and applies canonically to every Orb (1.750434ms)
✔ Visualizers bulk particles.sizeMinPx reports mixed and applies canonically to every Orb (1.978531ms)
✔ Visualizers bulk particles.sizeToMinSec reports mixed and applies canonically to every Orb (1.758235ms)
✔ Visualizers bulk particles.ttlSec reports mixed and applies canonically to every Orb (1.679249ms)
✔ Visualizers bulk particles.minPlacementDistancePx reports mixed and applies canonically to every Orb (1.687241ms)
✔ Ring and persistent-ID Orb Edit open existing editors inside Visualizers (2.617204ms)
✔ collection actions create and remove local editors and recover focus through zero Orbs (7.230425ms)
✔ M.C relocated Orb roots, disclosure, picker, focus and scroll survive normal commits (3.413499ms)
✔ spacing individual live edit retains Orb phase, particles, editor focus, and survives unrelated collection changes (3.39963ms)
✔ Visualizers tooltip discovery includes Ring, bulk and newly added Orb controls exactly once (6.592423ms)
✔ Visualizers focus round-trip and H/View restore the same layout with local editors (2.330059ms)
✔ RC-13: queue removal retains neighboring action focus and empty queue restores Hide (3.187496ms)
✔ RC-13: queue activation/refresh preserves row focus and never steals outside focus (3.360852ms)
✔ RC-12: picker admits empty MIME to canonical activation (2.330321ms)
✔ RC-12: picker admits application/ogg to canonical activation (2.419912ms)
✔ RC-12: picker admits application/octet-stream to canonical activation (2.093881ms)
✔ RC-12: picker admits video/mp4 to canonical activation (2.521402ms)
✔ RC-12: picker admits audio/wav to canonical activation (2.319695ms)
✔ RC-12: picker decoder failure remains truthful for admitted metadata (3.905245ms)
✔ RC-12: drop admits empty MIME to canonical activation (2.566059ms)
✔ RC-12: drop admits application/ogg to canonical activation (3.144723ms)
✔ RC-12: drop admits application/octet-stream to canonical activation (2.054073ms)
✔ RC-12: drop admits video/mp4 to canonical activation (1.987534ms)
✔ RC-12: drop admits audio/wav to canonical activation (2.290711ms)
✔ RC-12: drop decoder failure remains truthful for admitted metadata (1.954375ms)
✔ RC-02: clear during delayed context resume leaves an empty workflow (2.581852ms)
✔ RC-02: final-remove during delayed context resume leaves an empty workflow (1.851423ms)
✔ RC-02: Clear during delayed load-time play resolve ignores stale commits and callbacks (3.689437ms)
✔ RC-02: Clear during delayed load-time play reject ignores stale commits and callbacks (2.657864ms)
✔ RC-02: two-file picker batch cannot repopulate after Clear (2.024018ms)
✔ RC-02: two-file drop batch cannot repopulate after Clear (1.978962ms)
✔ RC-02: ordinary single file still loads, plays, and notifies recording (2.494352ms)
✔ RC-02: ordinary A/B/C picker batch preserves order and first activation (2.64869ms)
✔ RC-02: picker B/C appends once without replacing active A (2.898278ms)
✔ RC-02: ordinary A/B/C drop batch preserves order and first activation (3.035391ms)
✔ RC-02: drop B/C appends once without replacing active A (2.190995ms)
✔ RC-02: a new user action can load normally after cancellation (3.132355ms)
✔ Ring commits retain the singleton editor and truthful inventory visibility (2.871549ms)
✔ RC-05: next track defers during finalization and loads/plays exactly once after completion (17.222846ms)
✔ RC-05: Repeat One defers during finalization and loads/plays exactly once after completion (5.082824ms)
✔ RC-05: Repeat All defers during finalization and loads/plays exactly once after completion (4.623686ms)
✔ RC-05: no-next/repeat-off clears pending ownership before reentrant and repeated refresh (3.734434ms)
✔ RC-05: export failure still releases EOF without overwriting recording error (11.370317ms)
✔ RC-05: stale pending EOF is discarded after queue-file (3.064474ms)
✔ RC-05: stale pending EOF is discarded after media-element (1.875208ms)
✔ RC-05: stale pending EOF is discarded after live-workflow (2.201019ms)
✔ RC-05: stale pending EOF is discarded after teardown (3.300783ms)
✔ RC-05: stale pending EOF is discarded after clear (2.385051ms)
✔ RC-05: stale pending EOF is discarded after replacement (2.672877ms)
✔ RC-05: repeat one is captured at EOF despite later preference none (2.511148ms)
✔ RC-05: repeat none is captured at EOF despite later preference one (2.42487ms)
✔ RC-05: repeat all is captured at EOF despite later preference none (2.162993ms)
✔ RC-05: ordinary EOF in idle advances immediately through normal File ownership (2.183243ms)
✔ RC-05: ordinary EOF in recording advances immediately through normal File ownership (1.821299ms)
✔ RC-05: ordinary EOF in complete advances immediately through normal File ownership (1.924691ms)
✔ RC-05: ordinary EOF in error advances immediately through normal File ownership (2.272304ms)
✔ RC-15 phase 3: tooltip discovery indexes labels once while preserving associations and listener identity (5.627789ms)
✔ RC-15 budgets: committed Settings edits synchronize without recreating governor, Orb history or focus (2.811821ms)
✔ AUD-001: pending selected removal authorizes only successor (distinct) (2.630914ms)
✔ AUD-001: pending selected removal authorizes only successor (same-name) (2.027793ms)
✔ AUD-001: pending selected removal authorizes only successor (same-file) (1.384784ms)
✔ AUD-001: pending replacement removal preserves requested autoplay true (2.415446ms)
✔ AUD-001: pending replacement removal preserves requested autoplay false (1.803162ms)
✔ AUD-001: unrelated removal at 0 preserves pending B entry and intent (2.034754ms)
✔ AUD-001: unrelated removal at 2 preserves pending B entry and intent (1.584169ms)
✔ AUD-001: A to B to C supersession authorizes only C (1.683906ms)
✔ AUD-001: removal during native media Play resolve cannot complete removed A (1.716384ms)
✔ AUD-001: removal during native media Play reject cannot complete removed A (1.790723ms)
✔ AUD-001 / RC-05: deferred EOF cannot transfer to a duplicate File entry (1.743925ms)
✔ AUD-001: request guard requires selected entry identity (same-name) (1.700681ms)
✔ AUD-001: request guard requires selected entry identity (same-file) (1.473195ms)
✔ AUD-002: UI picker current startup failure settles and notifies exactly once (2.295328ms)
✔ AUD-002: UI drop current startup failure settles and notifies exactly once (1.93752ms)
✔ AUD-002: UI next current startup failure settles and notifies exactly once (2.548633ms)
✔ AUD-002: UI prev current startup failure settles and notifies exactly once (2.896166ms)
✔ AUD-002: UI row current startup failure settles and notifies exactly once (2.280557ms)
✔ AUD-002: UI shortcut-next current startup failure settles and notifies exactly once (2.514141ms)
✔ AUD-002: UI shortcut-prev current startup failure settles and notifies exactly once (3.644351ms)
✔ AUD-002: UI eof current startup failure settles and notifies exactly once (2.599688ms)
✔ AUD-002: UI repeat-one current startup failure settles and notifies exactly once (2.787686ms)
✔ AUD-002: UI remove-successor current startup failure settles and notifies exactly once (3.030123ms)
✔ AUD-002: UI Play rejection boundary current is owned and contained (3.182328ms)
✔ AUD-002: UI Play rejection boundary clear is owned and contained (1.988225ms)
✔ AUD-002: UI Play rejection boundary replacement is owned and contained (2.529224ms)
✔ AUD-002: synchronous load-time native Play throw reaches structured UI failure (1.892033ms)
✔ F4-CLEANUP-01: UI picker hard decoder failure cleans resources and notifies exactly once (3.113437ms)
✔ F4-CLEANUP-01: UI drop hard decoder failure cleans resources and notifies exactly once (2.186658ms)
✔ RC-04: Clear during delayed Play resolve leaves the workflow idle without commits (6.919626ms)
✔ RC-04: Clear during delayed Play reject leaves the workflow idle without commits (2.870477ms)
✔ RC-04: Clear during delayed resume never invokes old Play (2.535974ms)
✔ RC-04: replacement (paused) during resume retains ownership (2.666376ms)
✔ RC-04: replacement (paused) during Play resolve retains ownership (2.550926ms)
✔ RC-04: replacement (paused) during Play reject retains ownership (3.233304ms)
✔ RC-04: replacement (playing) during resume retains ownership (2.678615ms)
✔ RC-04: replacement (playing) during Play resolve retains ownership (2.327206ms)
✔ RC-04: replacement (playing) during Play reject retains ownership (2.413213ms)
✔ RC-04: ordinary Play succeeds and clears the current playback error (2.741578ms)
✔ RC-04: ordinary Pause is synchronous and reflects the current element (2.016436ms)
✔ RC-04: current Play rejection retains truthful playback failure (2.332794ms)
✔ RC-04: Play with no loaded element is a quiet no-op (1.196216ms)
✔ AUD-002: current Play resume failure retains File/media/session and retry clears its error (5.033672ms)
✔ AUD-002: obsolete Play resume rejects after clear without reads or writes (2.267968ms)
✔ AUD-002: obsolete Play resume rejects after replacement without reads or writes (2.753655ms)
✔ AUD-002: obsolete Play resume rejects after File to mic without touching winner (3.46776ms)
✔ AUD-002: obsolete Play resume rejects after File to stream without touching winner (3.288746ms)
✔ AUD-002: synchronous current native Play throw is a recoverable media error (2.433813ms)
✔ AUD-002: Play retry after failed resume and File replacement acts only on replacement (2.379423ms)
✔ live URL preset preserves the old runtime band definition until the canonical apply rebuilds BandBank (3.543211ms)
✔ live URL preset with an unchanged band definition avoids a BandBank rebuild (0.701176ms)
✔ current visualizers have stable identities and deterministic overlay-before-orb composition (1.935678ms)
✔ Orb adapter consumes AnalysisFrame routing and preserves pause and selected-band semantics (0.29779ms)
✔ selected Orb analysis routes L/R/C spectra and preserves first-band tie semantics (0.233785ms)
✔ ColorPolicy scopes only inherited dominant color to a selected target (0.386921ms)
✔ Orb visualizer passes selected dominant context through Orb.step into inherited particle color (0.802665ms)
✔ Spectral Ring freezes free motion while paused and preserves current Orb lock (0.339672ms)
✔ Spectral Ring enablement controls render without introducing separate state (0.249368ms)
✔ visuals and track resets retain their distinct phase and trail contracts (0.225082ms)
✔ rebuild disposes old participants exactly once and wraps only current Orb objects (0.299352ms)
✔ reconcile retains surviving adapters, disposes removals once, and reorders by Orb order (0.502602ms)
✔ zero-Orb orb-locked Spectral Ring remains stable and resets safely (0.141899ms)
✔ inventory follows runtime order across Spectral Ring and zero/one/two/N Orbs (1.584089ms)
✔ inventory reports lifecycle visibility, Orb targets, and unknown types truthfully (0.239563ms)
✔ panel refresh is reference-guarded, responds to replacement, and keeps Add Orb available at zero (1.515267ms)
✔ panel initialization is idempotent and Add Orb wires once (0.357147ms)
✔ Orb management uses stable IDs, confirmation, and excludes non-Orb rows (0.523443ms)
✔ RC-15 phase 3: refused Add/Duplicate at admission ceiling preserve focused DOM and collection (71.735859ms)
✔ RC-13: Queue Hide preserves visible focus ownership — Audio visible (1.445665ms)
✔ RC-13: Queue Hide preserves visible focus ownership — Audio hidden (0.211072ms)
✔ RC-13: Queue Hide preserves visible focus ownership — Audio hidden with collapsed launcher (0.141269ms)
✔ RC-13: Queue Hide preserves visible focus ownership — Audio hidden attribute (0.159155ms)
✔ RC-13: Queue Hide preserves visible focus ownership — Audio visible without Queue toggle (0.198042ms)
✔ RC-13: Queue Hide preserves visible focus ownership — outside focus (0.119907ms)
✔ RC-13: visible focus owns panel stacking and Queue Hide restores the real toggle (0.367383ms)
✔ workspace owns deterministic visibility, restore, focus, record, collapse, and idempotent wiring (1.850142ms)
✔ Record restore remains eligible only while hooks are enabled (0.304028ms)
ℹ tests 694
ℹ suites 0
ℹ pass 693
ℹ fail 0
ℹ cancelled 0
ℹ skipped 1
ℹ todo 0
ℹ duration_ms 7035.698541
