✖ RC-05: next track defers during finalization and loads/plays exactly once after completion (65.605457ms)
ℹ tests 1
ℹ suites 0
ℹ pass 0
ℹ fail 1
ℹ cancelled 0
ℹ skipped 0
ℹ todo 0
ℹ duration_ms 142.715661

✖ failing tests:

test at tests/targeted-audit.test.js:3820:3
✖ RC-05: next track defers during finalization and loads/plays exactly once after completion (65.605457ms)
  AssertionError [ERR_ASSERTION]: Expected values to be strictly equal:

  0 !== 1

      at file:///workspace/Auralprint1/tests/targeted-audit.test.js:3839:14
      at async file:///workspace/Auralprint1/tests/targeted-audit.test.js:3622:9
      at async withUiWireHarnessState (file:///workspace/Auralprint1/tests/targeted-audit.test.js:304:12)
      at async withRc02FileWorkflow (file:///workspace/Auralprint1/tests/targeted-audit.test.js:3607:5)
      at async TestContext.<anonymous> (file:///workspace/Auralprint1/tests/targeted-audit.test.js:3821:5)
      at async Test.run (node:internal/test_runner/test:1389:7)
      at async startSubtestAfterBootstrap (node:internal/test_runner/harness:387:3) {
    generatedMessage: true,
    code: 'ERR_ASSERTION',
    actual: 0,
    expected: 1,
    operator: 'strictEqual',
    diff: 'simple'
  }
