✔ dynamic editor supports zero, one, and N Orbs and disables bulk at zero (15.13873ms)
✔ editor reconciliation retains roots by ID, reorders nodes, and replaces only structural changes (3.237886ms)
✔ generated controls commit by persistent ID after reorder and focusOrb is ID based (10.626818ms)
✔ bulk helper keeps mixed and zero semantics (0.284661ms)
✔ minimum placement distance controls bind by ID, report pixels and mixed state, and retain focus/listeners (2.842068ms)
✔ RC-11: mixed Bulk select represents no concrete value and applies every concrete choice once (7.117783ms)
✔ refresh synchronizes invalidated content without moving stable roots or disturbing focus (4.742651ms)
✔ programmatic select synchronization keeps generated readouts aligned with selected options (0.898729ms)
✔ every schema-10 Orb setting has a generated writable control (0.689292ms)
✔ phase is presented accessibly in degrees and commits radians by stable ID (1.586799ms)
✔ nested controls remain independent and canonical normalization refreshes their values (1.469181ms)
✔ ten arbitrary-ID Orb cards retain independent phase and nested values (3.750851ms)
✔ RC-15 phase 1: individual editor has no overlap controls and stale Bulk controls have no listener (2.730688ms)
✔ spacing default: first emission, repeated position, below/exact/above threshold, and incremental motion (0.757796ms)
✔ spacing uses squared two-dimensional distance and only the most recent retained position (0.412244ms)
✔ CSS spacing and production Orb DPR wiring at DPR 1 (0.583933ms)
✔ CSS spacing and production Orb DPR wiring at DPR 2 (0.473916ms)
✔ stationary trail becomes eligible after TTL expiry, eviction, or explicit reset without a coordinate cache (0.393164ms)
✔ independent Orbs at identical locations admit independently and suppress before shared allocation (0.291631ms)
✔ many high-rate stationary Orbs cannot consume fairness slots or starve moving eligible Orbs (1.44795ms)
✔ rate below frame rate remains authoritative even after large movement; fractions survive spatial rejection (2.772492ms)
✔ zero fully bypasses comparisons, preserves duplicate rate demand, and obeys both global ceilings (1.077319ms)
✔ nonzero default still enforces the canonical aggregate ceilings with 1024 useful moving candidates (37.562326ms)
✔ running spacing changes preserve particles and fractions, and paused runtime emits nothing (0.75421ms)
✔ schema 10 spacing round trip, absent and invalid values, and obsolete overlap remains unrelated (29.070556ms)
✔ canonical creation, duplication, ID reconciliation, preset apply, track/visual reset, rebuild and disposal (1.648312ms)
✔ development version metadata and schema remain aligned (0.227714ms)
✔ per-Orb commits use one canonical runtime sync and Orb editor refresh authority (0.439275ms)
✔ normalizeOrbDef preserves fallback routing when chanId and bandIds are omitted (0.127743ms)
✔ normalizeOrbDef still honors explicit incoming routing and band selections (0.088634ms)
✔ normalizeOrbDef clamps hue and sanitizes Build 115 orb fields (0.091278ms)
✔ normalizeOrbDef defaults missing v8 orb fields to Build 115 values (0.084738ms)
✔ URL preset schema 9 round-trips per-orb Build 115 fields (1.035866ms)
✔ UI refreshAllUiText renders generated per-Orb editor cards (14.50975ms)
✔ UI refreshAllUiText represents the current VisualizerRuntime composition (3.799225ms)
✔ URL preset schema 8 orb payloads migrate to Build 115 defaults (0.596462ms)
✔ buildWaveformPeaks keeps mono peak behavior unchanged (0.220774ms)
✔ buildWaveformPeaks includes non-silent right-channel data (0.107152ms)
✔ scrubber touchmove does not cancel window scrolling outside an active drag (0.521458ms)
✔ scrubber active touch drag still prevents default and seeks (0.19821ms)
✔ Scrubber.draw keeps the Build 113 idle file copy when no source is active (0.556231ms)
✔ Scrubber.draw uses honest microphone copy instead of fake track text (0.326373ms)
✔ Scrubber.draw uses honest stream copy instead of fake track text (0.220554ms)
✔ AudioEngine.loadFile does not tear down the freshly created media element during attach (3.65068ms)
✔ AudioEngine.loadFile clears loaded state and reports late file errors after a paused load succeeds (0.381907ms)
✔ deferred file playback errors clear the active file session and block recording restart (1.869917ms)
✔ AudioEngine.getRecorderTap reuses active live-stream audio without local playback or lifecycle ownership (0.311571ms)
✔ readSourceUiModel keeps microphone mode honest about file-only affordances (0.220293ms)
✔ readSourceUiModel keeps stream mode honest about live-source affordances (0.104799ms)
✔ Stream status exposes 2ch, mono, and multichannel capture separately from analysed content (0.133362ms)
✔ Stream status retains the existing format when capture channel count is unknown (0.106321ms)
✔ inactive Stream and Mic status never expose stale Stream capture metadata (0.115445ms)
✔ readSourceUiModel treats File as the idle workflow side without implying an active file source (0.095574ms)
✔ readSourceUiModel surfaces retained live-input errors after returning to file-workflow idle (0.074723ms)
✔ URL preset serialization excludes runtime source and recording state (0.437782ms)
✔ URL preset round-trips persisted config fields that were previously dropped on decode (0.539195ms)
✔ UI clears retained live-input errors on explicit file-workflow reset (2.654283ms)
✔ UI clears retained live-input errors when Clear Queue resets file workflow to empty (1.702905ms)
✔ UI clears retained live-input errors when removing the last queued file resets file workflow to empty (1.482762ms)
✔ UI refreshAllUiText keeps file-mode status and selector copy honest in idle and loaded states (10.446706ms)
✔ UI source selector copy reflects support, requesting, active, and error truth (4.091677ms)
✔ UI disables file-only controls with clear file-mode-only affordances in live workflows (2.0304ms)
✔ first-run load hint hides when a file source becomes active (0.924678ms)
✔ first-run load hint hides when microphone input becomes active (0.708962ms)
✔ first-run load hint hides when stream input becomes active (0.803575ms)
✔ first-run load hint stays visible while microphone permission is still being requested (0.911008ms)
✔ first-run load hint stays visible while stream permission is still being requested (0.71387ms)
✔ first-run load hint stays visible after denied live-source activation errors (1.550324ms)
✔ first-run load hint stays hidden after a successful live session returns to idle file workflow (0.984308ms)
✔ UI keeps queue panel recoverable across live source switches and audio panel hiding (2.132425ms)
✔ UI finalizing locks destructive file transport actions while leaving non-destructive file controls available (1.474189ms)
✔ UI refreshes an already-open queue when recording enters finalizing (1.565196ms)
✔ UI re-enables an already-open queue when recording leaves finalizing (1.615262ms)
✔ UI finalizing blocks destructive file transport interactions and keeps file workflow state stable (1.798359ms)
✔ UI restores the recording panel after global hide when it was previously visible (1.452256ms)
✔ UI keeps the recording launcher reachable after global hide when the panel was already hidden (1.169979ms)
✔ UI workspace launcher toggles panels and active states without hiding launchers (1.334187ms)
✔ UI workspace launcher collapse keeps the shell recoverable (1.21733ms)
✔ dynamic Orb editor keeps stable card identity across UI refresh (1.418445ms)
✔ dynamic Orb editor does not retain fixed-slot controls (1.282699ms)
✔ global view toggle restores the prior panel selection and disclosure keys do not pause simulation (1.464104ms)
✔ UI blocks live-source switching during active recording without touching the active source session (1.433167ms)
✔ UI refreshRecordingUi renders source-aware recording copy across file and live workflows (33.04121ms)
✔ RecorderEngine.start allows an active microphone source without file transport state (0.790475ms)
✔ RecorderEngine.start merges live stream audio even when no file transport is loaded (0.556702ms)
✔ RecorderEngine.start keeps active stream capture video-only when recording audio is disabled (0.250549ms)
✔ UI.getRecordingUiModel allows active stream sessions to start recording without a loaded file (0.280825ms)
✔ prepareWatchBuild creates clean build output directories (8.137068ms)
✔ Spectral Ring presentation has one Visualizers owner while shared colors live in Scene (0.795423ms)
✔ 115L exposes one Scene color owner and removes the active Bands shell (0.375197ms)
✔ preset sanitation uses Scene color and Spectral Ring line limit owners (0.173823ms)
✔ Copy Share Link writes the canonical schema-10 hash and reports only in Settings (3.559312ms)
✔ Share clipboard fallback retains the URL and reports only in Settings (2.224464ms)
✔ Apply URL Preset uses canonical apply, conditional BandBank rebuild and Settings feedback (2.577528ms)
✔ missing and invalid URL presets report only in Settings and retain preferences (2.024451ms)
✔ Reset All Settings restores complete CONFIG defaults and reports only in Settings (1.990019ms)
✔ Scene control commits use Settings feedback while Bulk Orb commits use Visualizers feedback (18.453222ms)
✔ M.H Analysis edits report only through Analysis, including validation and band rebuild options (2.953787ms)
✔ M.H repeat, mute and volume use the existing Audio toast and restore source status after expiry (3.953968ms)
✔ M.H individual Orb and Spectral Ring edits emit only Visualizer feedback (1.873222ms)
✔ M.H generic preference application is status-neutral and internal synchronization stays silent (1.529954ms)
✔ Settings toasts survive applyPrefs, replace prior timers, and restore the default lane (29.159751ms)
✔ hashchange preset application also reports through Settings without an Orb toast (1.654271ms)
✔ Visualizers bulk motion.angularSpeedRadPerSec reports mixed and applies canonically to every Orb (2.305516ms)
✔ Visualizers bulk response.minRadiusFrac reports mixed and applies canonically to every Orb (1.715825ms)
✔ Visualizers bulk response.maxRadiusFrac reports mixed and applies canonically to every Orb (1.833443ms)
✔ Visualizers bulk response.waveformRadialDisplaceFrac reports mixed and applies canonically to every Orb (1.624417ms)
✔ Visualizers bulk trace.lines reports mixed and applies canonically to every Orb (1.939382ms)
✔ Visualizers bulk trace.numLines reports mixed and applies canonically to every Orb (1.906122ms)
✔ Visualizers bulk trace.lineColorMode reports mixed and applies canonically to every Orb (2.046755ms)
✔ Visualizers bulk particles.emitPerSecond reports mixed and applies canonically to every Orb (1.621141ms)
✔ Visualizers bulk particles.sizeMaxPx reports mixed and applies canonically to every Orb (1.69327ms)
✔ Visualizers bulk particles.sizeMinPx reports mixed and applies canonically to every Orb (1.625528ms)
✔ Visualizers bulk particles.sizeToMinSec reports mixed and applies canonically to every Orb (1.85789ms)
✔ Visualizers bulk particles.ttlSec reports mixed and applies canonically to every Orb (1.484264ms)
✔ Visualizers bulk particles.minPlacementDistancePx reports mixed and applies canonically to every Orb (1.927404ms)
✔ Ring and persistent-ID Orb Edit open existing editors inside Visualizers (2.888046ms)
✔ collection actions create and remove local editors and recover focus through zero Orbs (6.192053ms)
✔ M.C relocated Orb roots, disclosure, picker, focus and scroll survive normal commits (3.025535ms)
✔ spacing individual live edit retains Orb phase, particles, editor focus, and survives unrelated collection changes (3.509627ms)
✔ Visualizers tooltip discovery includes Ring, bulk and newly added Orb controls exactly once (6.900674ms)
✔ Visualizers focus round-trip and H/View restore the same layout with local editors (2.289712ms)
✔ RC-13: queue removal retains neighboring action focus and empty queue restores Hide (2.852373ms)
✔ RC-13: queue activation/refresh preserves row focus and never steals outside focus (2.98967ms)
✔ RC-12: picker admits empty MIME to canonical activation (2.491487ms)
✔ RC-12: picker admits application/ogg to canonical activation (2.055453ms)
✔ RC-12: picker admits application/octet-stream to canonical activation (2.392938ms)
✔ RC-12: picker admits video/mp4 to canonical activation (2.377826ms)
✔ RC-12: picker admits audio/wav to canonical activation (2.320409ms)
✔ RC-12: picker decoder failure remains truthful for admitted metadata (2.832472ms)
✔ RC-12: drop admits empty MIME to canonical activation (2.31485ms)
✔ RC-12: drop admits application/ogg to canonical activation (2.418727ms)
✔ RC-12: drop admits application/octet-stream to canonical activation (21.159283ms)
✔ RC-12: drop admits video/mp4 to canonical activation (2.449404ms)
✔ RC-12: drop admits audio/wav to canonical activation (2.093305ms)
✔ RC-12: drop decoder failure remains truthful for admitted metadata (1.597665ms)
✔ RC-02: clear during delayed context resume leaves an empty workflow (1.849676ms)
✔ RC-02: final-remove during delayed context resume leaves an empty workflow (1.564516ms)
✔ RC-02: Clear during delayed load-time play resolve ignores stale commits and callbacks (2.142149ms)
✔ RC-02: Clear during delayed load-time play reject ignores stale commits and callbacks (1.992663ms)
✔ RC-02: two-file picker batch cannot repopulate after Clear (1.717717ms)
✔ RC-02: two-file drop batch cannot repopulate after Clear (1.704877ms)
✔ RC-02: ordinary single file still loads, plays, and notifies recording (2.286998ms)
✔ RC-02: ordinary A/B/C picker batch preserves order and first activation (1.783256ms)
✔ RC-02: picker B/C appends once without replacing active A (1.943549ms)
✔ RC-02: ordinary A/B/C drop batch preserves order and first activation (1.687602ms)
✔ RC-02: drop B/C appends once without replacing active A (1.549543ms)
✔ RC-02: a new user action can load normally after cancellation (2.627012ms)
✔ Ring commits retain the singleton editor and truthful inventory visibility (21.698439ms)
✔ RC-05: next track defers during finalization and loads/plays exactly once after completion (4.35206ms)
✔ RC-05: Repeat One defers during finalization and loads/plays exactly once after completion (2.223342ms)
✔ RC-05: Repeat All defers during finalization and loads/plays exactly once after completion (2.097943ms)
✔ RC-05: no-next/repeat-off clears pending ownership before reentrant and repeated refresh (1.8982ms)
✔ RC-05: export failure still releases EOF without overwriting recording error (1.786862ms)
✔ RC-05: stale pending EOF is discarded after queue-file (1.914865ms)
✔ RC-05: stale pending EOF is discarded after media-element (1.6396ms)
✔ RC-05: stale pending EOF is discarded after live-workflow (2.304385ms)
✔ RC-05: stale pending EOF is discarded after teardown (1.426867ms)
✔ RC-05: stale pending EOF is discarded after clear (1.853833ms)
✔ RC-05: stale pending EOF is discarded after replacement (2.47361ms)
✔ RC-05: repeat one is captured at EOF despite later preference none (23.290766ms)
✔ RC-05: repeat none is captured at EOF despite later preference one (2.018222ms)
✔ RC-05: repeat all is captured at EOF despite later preference none (1.981766ms)
✔ RC-05: ordinary EOF in idle advances immediately through normal File ownership (2.296472ms)
✔ RC-05: ordinary EOF in recording advances immediately through normal File ownership (2.158955ms)
✔ RC-05: ordinary EOF in complete advances immediately through normal File ownership (2.064702ms)
✔ RC-05: ordinary EOF in error advances immediately through normal File ownership (1.885671ms)
✔ RC-15 phase 3: tooltip discovery indexes labels once while preserving associations and listener identity (5.564564ms)
ℹ tests 168
ℹ suites 0
ℹ pass 168
ℹ fail 0
ℹ cancelled 0
ℹ skipped 0
ℹ todo 0
ℹ duration_ms 610.175843
