✔ dynamic editor supports zero, one, and N Orbs and disables bulk at zero (10.936531ms)
✔ editor reconciliation retains roots by ID, reorders nodes, and replaces only structural changes (3.730526ms)
✔ generated controls commit by persistent ID after reorder and focusOrb is ID based (1.106555ms)
✔ bulk helper keeps mixed and zero semantics (0.200083ms)
✔ minimum placement distance controls bind by ID, report pixels and mixed state, and retain focus/listeners (2.050404ms)
✔ RC-11: mixed Bulk select represents no concrete value and applies every concrete choice once (5.037293ms)
✔ refresh synchronizes invalidated content without moving stable roots or disturbing focus (1.401952ms)
✔ programmatic select synchronization keeps generated readouts aligned with selected options (3.989878ms)
✔ every schema-10 Orb setting has a generated writable control (1.052673ms)
✔ phase is presented accessibly in degrees and commits radians by stable ID (2.346551ms)
✔ nested controls remain independent and canonical normalization refreshes their values (2.308524ms)
✔ ten arbitrary-ID Orb cards retain independent phase and nested values (4.145825ms)
✔ RC-15 phase 1: individual editor has no overlap controls and stale Bulk controls have no listener (1.303473ms)
✔ normalizeOrbDef owns and independently reconstructs every schema-10 behavior group (0.171209ms)
✔ schema 9 copies legacy global behavior independently into every Orb (1.25538ms)
✔ schema 10 round-trip preserves divergent Orbs and omits obsolete globals (0.974816ms)
✔ runtime Orbs use independent motion, response, waveform, and particle settings (0.817828ms)
✔ bulk Orb helpers report mixed state without mutation and unify only on interaction (0.135875ms)
✔ schema 10 round-trips zero, one, two, and many Orb collections without defaults (1.879985ms)
✔ zero-Orb bulk reads and writes are explicit harmless no-ops (0.10554ms)
✔ Schema 9 — Scene-node historical format recovers the actual emitted loss case (0.451934ms)
✔ schema constants preserve 10 and every supported legacy integer 2–9 (0.096055ms)
✔ field inventory recursively covers every CONFIG default with distinguishable legal fixture values (0.550523ms)
✔ complete non-default schema-10 fixture round-trips every field through URL and canonical replacement (0.73971ms)
✔ pure codec round-trips the same complete fixture without browser globals or preference mutation (0.446245ms)
✔ CONFIG.defaults round-trips semantically and remains immutable (0.533037ms)
✔ zero Orbs round-trip without fabricating defaults (0.349208ms)
✔ schema-10 URL import preserves opaque identities including the Ring type name (0.623514ms)
✔ duplicate Orb IDs retain canonical collection repair and array order (0.423441ms)
✔ unknown fields at every nesting level are stripped on both encode and decode (0.757787ms)
✔ runtime/session mutations and injected preference runtime fields never enter encoded payloads (0.834083ms)
✔ malformed values preserve existing clamps, defaults, enum rejection and dependent rules (0.578706ms)
✔ nonfinite numbers and wrong nested types default without creating new sanitation semantics (0.72019ms)
✔ URL application replaces preferences only and leaves runtime derivation caller-owned (0.368377ms)
✔ codec distinguishes malformed and unsupported payloads while URL failures return false atomically (0.836536ms)
✔ URL sanitation exceptions return false without replacing canonical preferences (0.287996ms)
✔ URL hash stays unpadded base64url UTF-8 JSON and preserves pathname/search (0.643034ms)
✔ schema-10 field survives independently: audio.fftSize (0.458013ms)
✔ schema-10 field survives independently: audio.muted (0.372604ms)
✔ schema-10 field survives independently: audio.repeatMode (0.319093ms)
✔ schema-10 field survives independently: audio.rmsGain (0.309138ms)
✔ schema-10 field survives independently: audio.smoothingTimeConstant (0.366765ms)
✔ schema-10 field survives independently: audio.volume (0.308758ms)
✔ schema-10 field survives independently: bands.ceilingHz (0.29733ms)
✔ schema-10 field survives independently: bands.count (0.341077ms)
✔ schema-10 field survives independently: bands.distributionMode (0.312063ms)
✔ schema-10 field survives independently: bands.floorHz (0.302457ms)
✔ schema-10 field survives independently: bands.overlay.alpha (0.37631ms)
✔ schema-10 field survives independently: bands.overlay.connectAdjacent (0.308998ms)
✔ schema-10 field survives independently: bands.overlay.enabled (0.330149ms)
✔ schema-10 field survives independently: bands.overlay.lineAlpha (0.312743ms)
✔ schema-10 field survives independently: bands.overlay.lineWidthPx (0.29718ms)
✔ schema-10 field survives independently: bands.overlay.maxRadiusFrac (0.348127ms)
✔ schema-10 field survives independently: bands.overlay.minRadiusFrac (0.359494ms)
✔ schema-10 field survives independently: bands.overlay.phaseMode (0.306353ms)
✔ schema-10 field survives independently: bands.overlay.pointSizePx (0.337811ms)
✔ schema-10 field survives independently: bands.overlay.ringSpeedRadPerSec (0.300074ms)
✔ schema-10 field survives independently: bands.overlay.waveformRadialDisplaceFrac (0.471033ms)
✔ schema-10 field survives independently: bands.particleColorSource (0.318943ms)
✔ schema-10 field survives independently: bands.rainbow.hueOffsetDeg (0.311201ms)
✔ schema-10 field survives independently: bands.rainbow.saturation (0.325473ms)
✔ schema-10 field survives independently: bands.rainbow.value (0.298431ms)
✔ schema-10 field survives independently: timing.maxDeltaTimeSec (0.300414ms)
✔ schema-10 field survives independently: visuals.backgroundColor (0.442159ms)
✔ schema-10 field survives independently: visuals.particleColor (0.318312ms)
✔ Schema 2 — documented legacy input migrates meaningful configuration and re-encodes as canonical schema 10 (0.796105ms)
✔ Schema 3 — documented legacy input migrates meaningful configuration and re-encodes as canonical schema 10 (0.574439ms)
✔ Schema 4 — documented legacy input migrates meaningful configuration and re-encodes as canonical schema 10 (0.580709ms)
✔ Schema 5 — documented legacy input migrates meaningful configuration and re-encodes as canonical schema 10 (0.673249ms)
✔ Schema 6 — documented legacy input migrates meaningful configuration and re-encodes as canonical schema 10 (0.698897ms)
✔ Schema 7 — documented legacy input migrates meaningful configuration and re-encodes as canonical schema 10 (0.565075ms)
✔ Schema 8 — documented legacy input migrates meaningful configuration and re-encodes as canonical schema 10 (0.56181ms)
✔ Schema 9 — later top-level format migrates meaningful configuration and re-encodes as canonical schema 10 (0.89869ms)
✔ schema-9 hybrids give whole top-level Orb/Ring settings precedence, including explicit emptiness (0.657235ms)
✔ schema-9 Scene recovery fills only absent top-level groups and honors Ring node.enabled (3.079841ms)
✔ schema-9 Scene layout/visibility and node-relative placement are intentionally discarded (0.368528ms)
✔ schema-9 Scene recovery handles empty Orbs and malformed/unknown nodes safely (0.326705ms)
✔ every schema <=9 with Orbs copies global behavior into independent nested ownership (0.987114ms)
✔ bandNames migration validates unique indices and canonical bandIds take precedence (0.181635ms)
✔ legacy logSpacing boolean migrates only when canonical distribution is absent (0.273053ms)
✔ legacy audio.loop migrates with valid canonical repeatMode precedence (0.189336ms)
✔ schema-10 output strips all legacy aliases, global behavior and historical Scene state (2.820548ms)
✔ encoding polluted current preferences strips legacy-only paths without overriding canonical values (0.253553ms)
✔ partial presets replace live preferences with canonical defaults for omitted settings (0.241866ms)
✔ RC-15 phase 1: emitted particles at identical and nearby coordinates coexist until real-time TTL with spacing disabled (0.646278ms)
✔ RC-15 phase 1: trail reset clears retained particles and fractional emission state (0.156978ms)
✔ RC-15 phase 1: development schema-10 overlap input decodes, strips, and preserves all remaining fields (0.639578ms)
✔ RC-15 phase 1: timing ceiling is frozen CONFIG authority across codec and preference resolution (1.554512ms)
✔ RC-15 phase 1: effective simulation delta rejects invalid elapsed time and independently caps manipulated settings (0.246293ms)
✔ RC-15 phase 1: production animation boundary discards stall time with no later catch-up and keeps real clocks (2.386267ms)
✔ RC-15 phase 1: per-Orb burst guard is independent of imported timing and bounded by CONFIG rate limits (0.811237ms)
✔ RC-15 phase 2: CONFIG budgets are independent, frozen, and absent from presets (0.311671ms)
✔ RC-15 phase 2: exact aggregate frame limit with 0 accepted Orbs (0.861854ms)
✔ RC-15 phase 2: exact aggregate frame limit with 1 accepted Orbs (0.83926ms)
✔ RC-15 phase 2: exact aggregate frame limit with 2 accepted Orbs (0.623864ms)
✔ RC-15 phase 2: exact aggregate frame limit with 256 accepted Orbs (12.056586ms)
✔ RC-15 phase 2: exact aggregate frame limit with 4096 accepted Orbs (105.967194ms)
✔ RC-15 phase 2: normal 60/120 Hz scenes preserve exact fractional frequency, positions and color (26.799759ms)
✔ RC-15 phase 2: high, nonfinite and corrupt demand cannot create debt or unbounded loops (15.003787ms)
✔ RC-15 phase 2: one-particle quanta and persistent service priority prevent later-Orb starvation with a tiny budget (0.714552ms)
✔ RC-15 phase 2: fairness skips zero demand, serves unequal rates, wraps and survives reorder/removal/add (0.851869ms)
✔ RC-15 phase 2: denied whole demand is discarded while fractional remainder stays smooth (1.134537ms)
✔ RC-15 phase 2: pause, stall resume and zero delta do not create a compensating burst or disturb Ring phase (6.566508ms)
✔ RC-15 phase 2: exact retention boundaries and same-timestamp oldest ordering retire before insertion (0.757977ms)
✔ RC-15 phase 2: oldest means birth timestamp across trails, with independent TTL expiry and replacement (1.175408ms)
✔ RC-15 phase 2: actual 16,384-particle cap holds during sustained aggregate overload (22.262873ms)
✔ RC-15 phase 2: retired particles disappear from actual particle drawing and chronological trace suffix (1.093906ms)
✔ RC-15 phase 2: lifecycle removal/reset/disposal releases heap nodes, cursor and scene ownership (0.728562ms)
✔ RC-15 phase 2: canonical Add/Duplicate/Remove, track reset and repeated preset replacement account exactly (2.119708ms)
✔ RC-15 phase 2: admission itself enforces the shared frame ceiling across direct trail emission paths (0.53551ms)
✔ RC-15 phase 2: heap retirement agrees with an independent oldest model through churn (7.670199ms)
✔ RC-15 phase 2: full adapter rebuild preserves surviving Orb history and clears replaced owners (0.320225ms)
✔ RC-15 phase 2: periodic low-rate demand cannot starve through cursor/clock alignment (0.500888ms)
✔ RC-15 phase 3: immutable admission policy accepts zero and exactly 4096; rejects 4097 before element access (21.075917ms)
✔ RC-15 phase 3: admission rejection includes both schema-9 forms, respecting top-level precedence (0.926402ms)
✔ RC-15 phase 3: oversized import/replacement/resolution preserves prior preferences and runtime references (1.627653ms)
✔ RC-15 phase 3: Add/Duplicate refuse at cap before reading identities; no persistent or runtime change (69.917926ms)
✔ RC-15 phase 3: duplicate-heavy repair is linear in identity reads and preserves late IDs/huge suffixes (57.935662ms)
✔ RC-15 phase 3: runtime admission fails before disposal, construction, synchronization or history loss (0.731908ms)
✔ RC-15 phase 3: normal rendering preserves coordinates, size/age/fade, chronological suffix and trace colors without arrays (1.065833ms)
✔ RC-15 phase 3: aggregate arcs/trace traversal bounded with 0 Orbs at maximum traces (2.521766ms)
✔ RC-15 phase 3: aggregate arcs/trace traversal bounded with 2 Orbs at maximum traces (25.827183ms)
✔ RC-15 phase 3: aggregate arcs/trace traversal bounded with 64 Orbs at maximum traces (17.538524ms)
✔ RC-15 phase 3: aggregate arcs/trace traversal bounded with 256 Orbs at maximum traces (21.121946ms)
✔ RC-15 phase 3: aggregate arcs/trace traversal bounded with 1024 Orbs at maximum traces (24.185323ms)
✔ RC-15 phase 3: aggregate arcs/trace traversal bounded with 4096 Orbs at maximum traces (50.294998ms)
✔ RC-15 phase 3: zero-particle ceiling scene still updates all Orbs and current Ring phase with finite work (25.780952ms)
✔ RC-15 phase 3: saturated churn/reorder/reset/replacement leaves no stale heap, trail or allocation ownership (74.742614ms)
✔ RC-15 phase 3: governed preset round-trip keeps schema 10 and omits live state/obsolete overlap (0.591706ms)
✔ RC-15 phase 3: replaceable Orb lifecycle adapters share governance without depending on extra adapter metadata (2.345991ms)
✔ spacing default: first emission, repeated position, below/exact/above threshold, and incremental motion (0.210649ms)
✔ spacing uses squared two-dimensional distance and only the most recent retained position (0.159892ms)
✔ CSS spacing and production Orb DPR wiring at DPR 1 (0.17152ms)
✔ CSS spacing and production Orb DPR wiring at DPR 2 (0.071167ms)
✔ stationary trail becomes eligible after TTL expiry, eviction, or explicit reset without a coordinate cache (0.28464ms)
✔ independent Orbs at identical locations admit independently and suppress before shared allocation (0.152481ms)
✔ many high-rate stationary Orbs cannot consume fairness slots or starve moving eligible Orbs (0.70659ms)
✔ rate below frame rate remains authoritative even after large movement; fractions survive spatial rejection (1.530897ms)
✔ zero fully bypasses comparisons, preserves duplicate rate demand, and obeys both global ceilings (0.467438ms)
✔ nonzero default still enforces the canonical aggregate ceilings with 1024 useful moving candidates (17.144851ms)
✔ running spacing changes preserve particles and fractions, and paused runtime emits nothing (0.270229ms)
✔ schema 10 spacing round trip, absent and invalid values, and obsolete overlap remains unrelated (2.109863ms)
✔ canonical creation, duplication, ID reconciliation, preset apply, track/visual reset, rebuild and disposal (0.915766ms)
ℹ tests 143
ℹ suites 0
ℹ pass 143
ℹ fail 0
ℹ cancelled 0
ℹ skipped 0
ℹ todo 0
ℹ duration_ms 769.30645
