✔ spacing default: first emission, repeated position, below/exact/above threshold, and incremental motion (1.560421ms)
✔ spacing uses squared two-dimensional distance and only the most recent retained position (0.340736ms)
✔ CSS spacing and production Orb DPR wiring at DPR 1 (0.836165ms)
✖ CSS spacing and production Orb DPR wiring at DPR 2 (0.888374ms)
✔ stationary trail becomes eligible after TTL expiry, eviction, or explicit reset without a coordinate cache (0.466516ms)
✔ independent Orbs at identical locations admit independently and suppress before shared allocation (0.764197ms)
✔ many high-rate stationary Orbs cannot consume fairness slots or starve moving eligible Orbs (1.26886ms)
✔ rate below frame rate remains authoritative even after large movement; fractions survive spatial rejection (2.263115ms)
✔ zero fully bypasses comparisons, preserves duplicate rate demand, and obeys both global ceilings (1.031351ms)
✔ nonzero default still enforces the canonical aggregate ceilings with 1024 useful moving candidates (30.708163ms)
✔ running spacing changes preserve particles and fractions, and paused runtime emits nothing (0.818649ms)
✔ schema 10 spacing round trip, absent and invalid values, and obsolete overlap remains unrelated (3.533367ms)
✔ canonical creation, duplication, ID reconciliation, preset apply, track/visual reset, rebuild and disposal (2.567195ms)
ℹ tests 13
ℹ suites 0
ℹ pass 12
ℹ fail 1
ℹ cancelled 0
ℹ skipped 0
ℹ todo 0
ℹ duration_ms 72.454571

✖ failing tests:

test at tests/rc15-spacing.test.js:71:26
✖ CSS spacing and production Orb DPR wiring at DPR 2 (0.888374ms)
  AssertionError [ERR_ASSERTION]: Expected values to be strictly equal:

  1 !== 0

      at TestContext.<anonymous> (file:///workspace/Auralprint1/tests/rc15-spacing.test.js:78:12)
      at Test.runInAsyncScope (node:async_hooks:227:14)
      at Test.run (node:internal/test_runner/test:1382:25)
      at Test.processPendingSubtests (node:internal/test_runner/test:960:18)
      at Test.postRun (node:internal/test_runner/test:1522:19)
      at Test.run (node:internal/test_runner/test:1447:12)
      at async Test.processPendingSubtests (node:internal/test_runner/test:960:7) {
    generatedMessage: true,
    code: 'ERR_ASSERTION',
    actual: 1,
    expected: 0,
    operator: 'strictEqual',
    diff: 'simple'
  }
