✖ RC-15 phase 3: replaceable Orb lifecycle adapters share governance without depending on extra adapter metadata (9.864937ms)
ℹ tests 1
ℹ suites 0
ℹ pass 0
ℹ fail 1
ℹ cancelled 0
ℹ skipped 0
ℹ todo 0
ℹ duration_ms 38.089904

✖ failing tests:

test at tests/rc15-phase3.test.js:226:1
✖ RC-15 phase 3: replaceable Orb lifecycle adapters share governance without depending on extra adapter metadata (9.864937ms)
  AssertionError [ERR_ASSERTION]: Expected values to be strictly equal:

  0 !== 512

      at TestContext.<anonymous> (file:///workspace/Auralprint1/tests/rc15-phase3.test.js:233:30)
      at Test.runInAsyncScope (node:async_hooks:227:14)
      at Test.run (node:internal/test_runner/test:1382:25)
      at Test.start (node:internal/test_runner/test:1242:17)
      at startSubtestAfterBootstrap (node:internal/test_runner/harness:387:17) {
    generatedMessage: true,
    code: 'ERR_ASSERTION',
    actual: 0,
    expected: 512,
    operator: 'strictEqual',
    diff: 'simple'
  }
