Test and build (windows-latest)	Test	﻿2026-10-08T03:39:28.2766790Z ##[group]Run npm test
Test and build (windows-latest)	Test	2026-10-08T03:39:28.2767093Z [36;1mnpm test[0m
Test and build (windows-latest)	Test	2026-10-08T03:39:28.2837106Z shell: C:\Program Files\PowerShell\7\pwsh.EXE -command ". '{0}'"
Test and build (windows-latest)	Test	2026-10-08T03:39:28.2837443Z env:
Test and build (windows-latest)	Test	2026-10-08T03:39:28.2837700Z   pythonLocation: C:\hostedtoolcache\windows\Python\3.12.10\x64
Test and build (windows-latest)	Test	2026-10-08T03:39:28.2838157Z   PKG_CONFIG_PATH: C:\hostedtoolcache\windows\Python\3.12.10\x64/lib/pkgconfig
Test and build (windows-latest)	Test	2026-10-08T03:39:28.2838614Z   Python_ROOT_DIR: C:\hostedtoolcache\windows\Python\3.12.10\x64
Test and build (windows-latest)	Test	2026-10-08T03:39:28.2839026Z   Python2_ROOT_DIR: C:\hostedtoolcache\windows\Python\3.12.10\x64
Test and build (windows-latest)	Test	2026-10-08T03:39:28.2839449Z   Python3_ROOT_DIR: C:\hostedtoolcache\windows\Python\3.12.10\x64
Test and build (windows-latest)	Test	2026-10-08T03:39:28.2839763Z ##[endgroup]
Test and build (windows-latest)	Test	2026-10-08T03:39:28.9553181Z
Test and build (windows-latest)	Test	2026-10-08T03:39:28.9553685Z > test
Test and build (windows-latest)	Test	2026-10-08T03:39:28.9553986Z > node --test
Test and build (windows-latest)	Test	2026-10-08T03:39:28.9554166Z
Test and build (windows-latest)	Test	2026-10-08T03:39:29.2911802Z ✔ AnalysisFrame represents not-ready analysis without exposing Web Audio objects (11.4726ms)
Test and build (windows-latest)	Test	2026-10-08T03:39:29.2914497Z ✔ AnalysisFrame exposes ready channel and spectrum data as producer-owned references (0.5864ms)
Test and build (windows-latest)	Test	2026-10-08T03:39:29.2916684Z ✔ orb routing uses one channel for waveform, full energy, and targeted spectrum (0.5275ms)
Test and build (windows-latest)	Test	2026-10-08T03:39:29.2923034Z ✔ a later AnalysisFrame update follows BandBank replacement arrays (0.7925ms)
Test and build (windows-latest)	Test	2026-10-08T03:39:29.3181522Z ✔ Analysis controls initialize idempotently and commit their canonical fields (16.6341ms)
Test and build (windows-latest)	Test	2026-10-08T03:39:29.3185288Z ✔ frequency edits reject malformed and crossed bounds without coupled mutation (0.6826ms)
Test and build (windows-latest)	Test	2026-10-08T03:39:29.3188315Z ✔ HUD uses AnalysisFrame metadata and active count without rebuilding ordinary refreshes (1.4787ms)
Test and build (windows-latest)	Test	2026-10-08T03:39:29.3189973Z ✔ HUD distinguishes configured and effective floor when Nyquist constrains geometry (0.5757ms)
Test and build (windows-latest)	Test	2026-10-08T03:39:29.3191658Z ✔ template gives migrated controls one Analysis owner (5.9435ms)
Test and build (windows-latest)	Test	2026-10-08T03:39:29.3193314Z ✔ BandBank rebuild owns distinct reusable L/R/C arrays and replaces all on definition changes (2.4751ms)
Test and build (windows-latest)	Test	2026-10-08T03:39:29.3195172Z ✔ channel-neutral BandBank computation writes only its target and global dominant is set from C (0.6107ms)
Test and build (windows-latest)	Test	2026-10-08T03:39:29.3196873Z ✔ BandBank derives Nyquist-bounded floor geometry without rewriting configuration (8.1236ms)
Test and build (windows-latest)	Test	2026-10-08T03:39:29.3198920Z ✔ zero-width bands do not consume an energized final FFT bin (0.398ms)
Test and build (windows-latest)	Test	2026-10-08T03:39:29.3200757Z ✔ ordinary and ceiling-only Nyquist clamps retain expected effective limits (0.5023ms)
Test and build (windows-latest)	Test	2026-10-08T03:39:29.3206905Z ✔ a configured floor exactly at Nyquist leaves every higher band empty (0.3559ms)
Test and build (windows-latest)	Test	2026-10-08T03:39:29.7184078Z ✔ RC-07: count-2 URL input represents 1 kHz after canonical import/resolve/rebuild (5.0894ms)
Test and build (windows-latest)	Test	2026-10-08T03:39:29.7192879Z ✔ RC-07: import and runtime share minimum/maximum validation without mutating preferences (14.3425ms)
Test and build (windows-latest)	Test	2026-10-08T03:39:29.7199225Z ✔ RC-07: every supported count/distribution covers 0 through Nyquist, including clamped ceilings (300.2257ms)
Test and build (windows-latest)	Test	2026-10-08T03:39:29.7335249Z ✔ RC-08: bins below the aligned 22.5 kHz top boundary cannot energize a targeted Orb (7.0727ms)
Test and build (windows-latest)	Test	2026-10-08T03:39:29.7336915Z ✔ RC-08: correct FFT geometry preserves inclusive adjacent overlap and final-bin clamping (1.2698ms)
Test and build (windows-latest)	Test	2026-10-08T03:39:29.7338484Z ✔ state.source exists and starts in the idle none state (3.3262ms)
Test and build (windows-latest)	Test	2026-10-08T03:39:29.7341627Z ✔ input source manager init marks unsupported capabilities when media APIs are absent (0.7238ms)
Test and build (windows-latest)	Test	2026-10-08T03:39:29.7352962Z ✔ activateFile transitions through requesting to active and forwards load arguments (0.8733ms)
Test and build (windows-latest)	Test	2026-10-08T03:39:29.7355099Z ✔ activateFile failure leaves attempted kind in error without a live session (0.5157ms)
Test and build (windows-latest)	Test	2026-10-08T03:39:29.7358908Z ✔ teardownActiveSource is idempotent and unloads the active session only once (0.5274ms)
Test and build (windows-latest)	Test	2026-10-08T03:39:29.7361508Z ✔ activateMic tears down an active file source, attaches the microphone stream, and marks the source active (1.4957ms)
Test and build (windows-latest)	Test	2026-10-08T03:39:29.7369662Z ✔ activateMic reports denied microphone permission as a recoverable error (0.8644ms)
Test and build (windows-latest)	Test	2026-10-08T03:39:29.7374916Z ✔ activateStream tears down an active file source, attaches shared stream audio, and marks the source active (1.1507ms)
Test and build (windows-latest)	Test	2026-10-08T03:39:29.7376809Z ✔ activateStream accepts audio-only display capture and uses the audio track label (3.1852ms)
Test and build (windows-latest)	Test	2026-10-08T03:39:29.7379911Z ✔ Stream requests supported stereo/fidelity preferences without mandatory constraints (1.791ms)
Test and build (windows-latest)	Test	2026-10-08T03:39:29.7381276Z ✔ Stream omits unsupported audio fields and still activates (0.488ms)
Test and build (windows-latest)	Test	2026-10-08T03:39:29.7382670Z ✔ Stream falls back to audio:true when constraint inspection is missing, empty, or throws (0.9897ms)
Test and build (windows-latest)	Test	2026-10-08T03:39:29.7384177Z ✔ Stream stores the actual returned channel count and keeps the original live stream (0.6387ms)
Test and build (windows-latest)	Test	2026-10-08T03:39:29.7386075Z ✔ Stream leaves channel count unknown for absent, unavailable, or invalid track settings (0.8059ms)
Test and build (windows-latest)	Test	2026-10-08T03:39:29.7388004Z ✔ Stream metadata describes the track selected by MediaStreamAudioSourceNode ID ordering (0.3234ms)
Test and build (windows-latest)	Test	2026-10-08T03:39:29.7392804Z ✔ Stream channel metadata resets on file, mic, end, failure, and a new pending session (2.3236ms)
Test and build (windows-latest)	Test	2026-10-08T03:39:29.7400411Z ✔ activateStream rejects shared streams that do not provide usable audio (1.0334ms)
Test and build (windows-latest)	Test	2026-10-08T03:39:29.7413418Z ✔ activateStream treats cancelled or denied picker results conservatively (0.3ms)
Test and build (windows-latest)	Test	2026-10-08T03:39:29.7424204Z ✔ activateStream reports blocked stream capture honestly when the browser context forbids it (0.3316ms)
Test and build (windows-latest)	Test	2026-10-08T03:39:29.7433009Z ✔ file -> mic -> file switches cleanly through the source manager contract (0.4105ms)
Test and build (windows-latest)	Test	2026-10-08T03:39:29.7434955Z ✔ mic -> stream switches cleanly and stops the previous live session once (0.7429ms)
Test and build (windows-latest)	Test	2026-10-08T03:39:29.7438187Z ✔ stream -> mic switches cleanly and stops the previous shared stream once (0.5267ms)
Test and build (windows-latest)	Test	2026-10-08T03:39:29.7441992Z ✔ a late microphone grant is stopped and discarded after teardown (0.5399ms)
Test and build (windows-latest)	Test	2026-10-08T03:39:29.7444830Z ✔ a late stream grant is stopped and discarded after teardown (0.3392ms)
Test and build (windows-latest)	Test	2026-10-08T03:39:29.7446726Z ✔ external microphone end tears down the stream and leaves a recoverable mic error (0.343ms)
Test and build (windows-latest)	Test	2026-10-08T03:39:29.7454689Z ✔ stream ignores video-track end while audio remains live (0.2597ms)
Test and build (windows-latest)	Test	2026-10-08T03:39:29.7468865Z ✔ stream ends only after all audio tracks have ended (0.3518ms)
Test and build (windows-latest)	Test	2026-10-08T03:39:29.7483597Z ✔ external shared stream end tears down the stream, resets live visuals, and leaves a recoverable stream error (3.285ms)
Test and build (windows-latest)	Test	2026-10-08T03:39:29.7494834Z ✔ teardownActiveSource stops stream-backed sessions even when the kind is mic (0.4937ms)
Test and build (windows-latest)	Test	2026-10-08T03:39:29.7499788Z ✔ unsupported microphone activation reports unsupported state without mutating file transport fields (0.2411ms)
Test and build (windows-latest)	Test	2026-10-08T03:39:29.7519558Z ✔ unsupported stream activation reports unsupported state without mutating file transport fields (1.1279ms)
Test and build (windows-latest)	Test	2026-10-08T03:39:29.7521425Z ✔ URL preset serialization excludes runtime source state (3.0603ms)
Test and build (windows-latest)	Test	2026-10-08T03:39:29.7527144Z ✔ RC-03: stale mic resume cannot destroy winning stream graph (13.4881ms)
Test and build (windows-latest)	Test	2026-10-08T03:39:29.7537733Z ✔ RC-03: stale mic resume rejection cannot commit an attachment error (10.6458ms)
Test and build (windows-latest)	Test	2026-10-08T03:39:29.7542674Z ✔ RC-03 positive control: ordinary mic to stream switch (8.306ms)
Test and build (windows-latest)	Test	2026-10-08T03:39:29.7576690Z ✔ RC-03: stale stream resume cannot destroy winning mic graph (6.7496ms)
Test and build (windows-latest)	Test	2026-10-08T03:39:29.7584830Z ✔ RC-03: stale stream resume rejection cannot commit an attachment error (9.1635ms)
Test and build (windows-latest)	Test	2026-10-08T03:39:29.7587650Z ✔ RC-03 positive control: ordinary stream to mic switch (5.8939ms)
Test and build (windows-latest)	Test	2026-10-08T03:39:29.7588947Z ✔ RC-03 positive control: normal mic graph and explicit File-mode teardown (6.1398ms)
Test and build (windows-latest)	Test	2026-10-08T03:39:29.7590295Z ✔ RC-03: explicit teardown cancels pending mic attachment (3.5792ms)
Test and build (windows-latest)	Test	2026-10-08T03:39:29.7595473Z ✔ RC-03: current mic attachment failure still reports error and releases tracks (3.7814ms)
Test and build (windows-latest)	Test	2026-10-08T03:39:29.7597033Z ✔ RC-03 positive control: normal stream graph and explicit File-mode teardown (5.0374ms)
Test and build (windows-latest)	Test	2026-10-08T03:39:29.7600039Z ✔ RC-03: explicit teardown cancels pending stream attachment (3.1981ms)
Test and build (windows-latest)	Test	2026-10-08T03:39:29.7601539Z ✔ RC-03: current stream attachment failure still reports error and releases tracks (3.264ms)
Test and build (windows-latest)	Test	2026-10-08T03:39:29.7605126Z ✔ RC-03: optional attachment guard also protects a running context (6.2414ms)
Test and build (windows-latest)	Test	2026-10-08T03:39:29.7607011Z ✔ exact targeting preserves sparse selections and explicitly treats empty input as full spectrum (2.9544ms)
Test and build (windows-latest)	Test	2026-10-08T03:39:29.7610860Z ✔ range selection validates both bounds without silently clamping or reversing intent (0.5274ms)
Test and build (windows-latest)	Test	2026-10-08T03:39:29.7614529Z ✔ search finds configured names, repeated names, indices, and empty results without changing selection (0.7306ms)
Test and build (windows-latest)	Test	2026-10-08T03:39:29.7616352Z ✔ generated IDs retain ordinary and sparse max-suffix allocation (2.1196ms)
Test and build (windows-latest)	Test	2026-10-08T03:39:29.7617828Z ✔ opaque string identities remain unchanged and allow Add and Duplicate (3.0058ms)
Test and build (windows-latest)	Test	2026-10-08T03:39:29.7619310Z ✔ collection identity repair reserves later explicit identities (0.6376ms)
Test and build (windows-latest)	Test	2026-10-08T03:39:29.7621643Z ✔ Orb collection normalization allows zero/one/N, preserves order, and repairs IDs deterministically (0.6838ms)
Test and build (windows-latest)	Test	2026-10-08T03:39:29.7624788Z ✔ collection create, duplicate, find, and remove preserve stable identity and deep ownership (0.7323ms)
Test and build (windows-latest)	Test	2026-10-08T03:39:29.7627897Z ✔ ID-aware Orb reconciliation preserves survivors and freshens additions across zero/one/N (3.5222ms)
Test and build (windows-latest)	Test	2026-10-08T03:39:29.7629724Z ✔ runtime collection APIs mutate preferences and reconcile Orbs and adapters by stable ID (2.4135ms)
Test and build (windows-latest)	Test	2026-10-08T03:39:29.7632163Z ✔ designed phase sync does not teleport live phase until Reset Visuals (1.0827ms)
Test and build (windows-latest)	Test	2026-10-08T03:39:29.7633924Z ✔ ten differently targeted Orbs reset and advance in same-phase groups (2.5985ms)
Test and build (windows-latest)	Test	2026-10-08T03:39:29.8080245Z ✔ dynamic editor supports zero, one, and N Orbs and disables bulk at zero (17.7392ms)
Test and build (windows-latest)	Test	2026-10-08T03:39:29.8083825Z ✔ editor reconciliation retains roots by ID, reorders nodes, and replaces only structural changes (7.2069ms)
Test and build (windows-latest)	Test	2026-10-08T03:39:29.8088363Z ✔ generated controls commit by persistent ID after reorder and focusOrb is ID based (5.0358ms)
Test and build (windows-latest)	Test	2026-10-08T03:39:29.8102309Z ✔ bulk helper keeps mixed and zero semantics (0.383ms)
Test and build (windows-latest)	Test	2026-10-08T03:39:29.8108425Z ✔ RC-11: mixed Bulk select represents no concrete value and applies every concrete choice once (6.7196ms)
Test and build (windows-latest)	Test	2026-10-08T03:39:29.8115361Z ✔ refresh synchronizes invalidated content without moving stable roots or disturbing focus (3.2259ms)
Test and build (windows-latest)	Test	2026-10-08T03:39:29.8127993Z ✔ programmatic select synchronization keeps generated readouts aligned with selected options (2.0563ms)
Test and build (windows-latest)	Test	2026-10-08T03:39:29.8137785Z ✔ every schema-10 Orb setting has a generated writable control (5.8568ms)
Test and build (windows-latest)	Test	2026-10-08T03:39:29.8139509Z ✔ phase is presented accessibly in degrees and commits radians by stable ID (3.8498ms)
Test and build (windows-latest)	Test	2026-10-08T03:39:29.8142104Z ✔ nested controls remain independent and canonical normalization refreshes their values (9.6185ms)
Test and build (windows-latest)	Test	2026-10-08T03:39:29.8146411Z ✔ ten arbitrary-ID Orb cards retain independent phase and nested values (6.173ms)
Test and build (windows-latest)	Test	2026-10-08T03:39:29.8150611Z ✔ RC-15 phase 1: individual editor has no overlap controls and stale Bulk controls have no listener (2.6752ms)
Test and build (windows-latest)	Test	2026-10-08T03:39:30.1452212Z ▶ RC-01: timeout-protected allocation/import gate and direct huge-ID regressions
Test and build (windows-latest)	Test	2026-10-08T03:39:30.1453436Z   ✔ exact allocation after ORB9007199254740990 (2.5427ms)
Test and build (windows-latest)	Test	2026-10-08T03:39:30.1456609Z   ✔ exact allocation after ORB9007199254740991 (0.2671ms)
Test and build (windows-latest)	Test	2026-10-08T03:39:30.1457863Z   ✔ exact allocation after ORB9007199254740992 (0.2234ms)
Test and build (windows-latest)	Test	2026-10-08T03:39:30.1458923Z   ✔ exact allocation after ORB9007199254740993 (0.2165ms)
Test and build (windows-latest)	Test	2026-10-08T03:39:30.1460223Z   ✔ exact allocation after ORB9999999999999999999999999999999999999999 (0.7638ms)
Test and build (windows-latest)	Test	2026-10-08T03:39:30.1461485Z   ✔ exact allocation after a 400-digit suffix (0.2107ms)
Test and build (windows-latest)	Test	2026-10-08T03:39:30.1464077Z   ✔ duplicate huge identities repair deterministically without changing order or stealing explicit IDs (2.1606ms)
Test and build (windows-latest)	Test	2026-10-08T03:39:30.1466414Z   ✔ audited schema-10 payload decodes, sanitizes and re-encodes with string identities (1.901ms)
Test and build (windows-latest)	Test	2026-10-08T03:39:30.1468602Z   ✔ Add after a single huge-ID import preserves the source and creates a distinct ID (0.5808ms)
Test and build (windows-latest)	Test	2026-10-08T03:39:30.1474688Z   ✔ Duplicate after a single huge-ID import preserves the source and creates a distinct ID (0.4998ms)
Test and build (windows-latest)	Test	2026-10-08T03:39:30.1476518Z   ✔ real URL decode/sanitize/apply accepts huge IDs and supports runtime Add and Duplicate (6.7612ms)
Test and build (windows-latest)	Test	2026-10-08T03:39:30.1499606Z ✔ RC-01: timeout-protected allocation/import gate and direct huge-ID regressions (288.9649ms)
Test and build (windows-latest)	Test	2026-10-08T03:39:30.1570012Z ✔ normalizeOrbDef owns and independently reconstructs every schema-10 behavior group (2.4289ms)
Test and build (windows-latest)	Test	2026-10-08T03:39:30.1571764Z ✔ schema 9 copies legacy global behavior independently into every Orb (1.9484ms)
Test and build (windows-latest)	Test	2026-10-08T03:39:30.1573304Z ✔ schema 10 round-trip preserves divergent Orbs and omits obsolete globals (1.7681ms)
Test and build (windows-latest)	Test	2026-10-08T03:39:30.1574990Z ✔ runtime Orbs use independent motion, response, waveform, and particle settings (1.8108ms)
Test and build (windows-latest)	Test	2026-10-08T03:39:30.1578192Z ✔ bulk Orb helpers report mixed state without mutation and unify only on interaction (0.5147ms)
Test and build (windows-latest)	Test	2026-10-08T03:39:30.1579924Z ✔ schema 10 round-trips zero, one, two, and many Orb collections without defaults (4.5768ms)
Test and build (windows-latest)	Test	2026-10-08T03:39:30.1581276Z ✔ zero-Orb bulk reads and writes are explicit harmless no-ops (0.273ms)
Test and build (windows-latest)	Test	2026-10-08T03:39:30.1584305Z ✔ RC-09: URL import reserves later explicit identity before missing-ID fallback and sharing (3.7837ms)
Test and build (windows-latest)	Test	2026-10-08T03:39:30.1588046Z ✔ RC-09: collection owns missing/duplicate repair while valid opaque identities retain configuration (7.0346ms)
Test and build (windows-latest)	Test	2026-10-08T03:39:30.1589703Z ✔ Schema 9 — Scene-node historical format recovers the actual emitted loss case (6.0156ms)
Test and build (windows-latest)	Test	2026-10-08T03:39:30.1590979Z ✔ schema constants preserve 10 and every supported legacy integer 2–9 (0.1784ms)
Test and build (windows-latest)	Test	2026-10-08T03:39:30.1593081Z ✔ field inventory recursively covers every CONFIG default with distinguishable legal fixture values (1.2135ms)
Test and build (windows-latest)	Test	2026-10-08T03:39:30.1595115Z ✔ complete non-default schema-10 fixture round-trips every field through URL and canonical replacement (2.1288ms)
Test and build (windows-latest)	Test	2026-10-08T03:39:30.1597173Z ✔ pure codec round-trips the same complete fixture without browser globals or preference mutation (0.9761ms)
Test and build (windows-latest)	Test	2026-10-08T03:39:30.1598741Z ✔ CONFIG.defaults round-trips semantically and remains immutable (1.2931ms)
Test and build (windows-latest)	Test	2026-10-08T03:39:30.1610026Z ✔ zero Orbs round-trip without fabricating defaults (0.8754ms)
Test and build (windows-latest)	Test	2026-10-08T03:39:30.1611400Z ✔ schema-10 URL import preserves opaque identities including the Ring type name (2.493ms)
Test and build (windows-latest)	Test	2026-10-08T03:39:30.1612770Z ✔ duplicate Orb IDs retain canonical collection repair and array order (0.9771ms)
Test and build (windows-latest)	Test	2026-10-08T03:39:30.1614408Z ✔ unknown fields at every nesting level are stripped on both encode and decode (1.6282ms)
Test and build (windows-latest)	Test	2026-10-08T03:39:30.1616035Z ✔ runtime/session mutations and injected preference runtime fields never enter encoded payloads (1.4731ms)
Test and build (windows-latest)	Test	2026-10-08T03:39:30.1617721Z ✔ malformed values preserve existing clamps, defaults, enum rejection and dependent rules (1.1142ms)
Test and build (windows-latest)	Test	2026-10-08T03:39:30.1619391Z ✔ nonfinite numbers and wrong nested types default without creating new sanitation semantics (1.7443ms)
Test and build (windows-latest)	Test	2026-10-08T03:39:30.1621536Z ✔ URL application replaces preferences only and leaves runtime derivation caller-owned (0.8627ms)
Test and build (windows-latest)	Test	2026-10-08T03:39:30.1624829Z ✔ codec distinguishes malformed and unsupported payloads while URL failures return false atomically (1.4871ms)
Test and build (windows-latest)	Test	2026-10-08T03:39:30.1635978Z ✔ URL sanitation exceptions return false without replacing canonical preferences (0.4814ms)
Test and build (windows-latest)	Test	2026-10-08T03:39:30.1641798Z ✔ URL hash stays unpadded base64url UTF-8 JSON and preserves pathname/search (1.1545ms)
Test and build (windows-latest)	Test	2026-10-08T03:39:30.1643459Z ✔ schema-10 field survives independently: audio.fftSize (1.7417ms)
Test and build (windows-latest)	Test	2026-10-08T03:39:30.1646322Z ✔ schema-10 field survives independently: audio.muted (0.4939ms)
Test and build (windows-latest)	Test	2026-10-08T03:39:30.1648949Z ✔ schema-10 field survives independently: audio.repeatMode (0.4414ms)
Test and build (windows-latest)	Test	2026-10-08T03:39:30.1650472Z ✔ schema-10 field survives independently: audio.rmsGain (0.4303ms)
Test and build (windows-latest)	Test	2026-10-08T03:39:30.1652642Z ✔ schema-10 field survives independently: audio.smoothingTimeConstant (0.8124ms)
Test and build (windows-latest)	Test	2026-10-08T03:39:30.1654561Z ✔ schema-10 field survives independently: audio.volume (0.5731ms)
Test and build (windows-latest)	Test	2026-10-08T03:39:30.1656288Z ✔ schema-10 field survives independently: bands.ceilingHz (0.4286ms)
Test and build (windows-latest)	Test	2026-10-08T03:39:30.1657367Z ✔ schema-10 field survives independently: bands.count (0.5025ms)
Test and build (windows-latest)	Test	2026-10-08T03:39:30.1658884Z ✔ schema-10 field survives independently: bands.distributionMode (0.4649ms)
Test and build (windows-latest)	Test	2026-10-08T03:39:30.1660081Z ✔ schema-10 field survives independently: bands.floorHz (0.5088ms)
Test and build (windows-latest)	Test	2026-10-08T03:39:30.1661488Z ✔ schema-10 field survives independently: bands.overlay.alpha (0.5584ms)
Test and build (windows-latest)	Test	2026-10-08T03:39:30.1662934Z ✔ schema-10 field survives independently: bands.overlay.connectAdjacent (0.4858ms)
Test and build (windows-latest)	Test	2026-10-08T03:39:30.1664346Z ✔ schema-10 field survives independently: bands.overlay.enabled (0.7511ms)
Test and build (windows-latest)	Test	2026-10-08T03:39:30.1665692Z ✔ schema-10 field survives independently: bands.overlay.lineAlpha (0.5849ms)
Test and build (windows-latest)	Test	2026-10-08T03:39:30.1668044Z ✔ schema-10 field survives independently: bands.overlay.lineWidthPx (0.5538ms)
Test and build (windows-latest)	Test	2026-10-08T03:39:30.1669615Z ✔ schema-10 field survives independently: bands.overlay.maxRadiusFrac (0.4256ms)
Test and build (windows-latest)	Test	2026-10-08T03:39:30.1670952Z ✔ schema-10 field survives independently: bands.overlay.minRadiusFrac (0.4179ms)
Test and build (windows-latest)	Test	2026-10-08T03:39:30.1674428Z ✔ schema-10 field survives independently: bands.overlay.phaseMode (0.4159ms)
Test and build (windows-latest)	Test	2026-10-08T03:39:30.1679751Z ✔ schema-10 field survives independently: bands.overlay.pointSizePx (0.5541ms)
Test and build (windows-latest)	Test	2026-10-08T03:39:30.1681557Z ✔ schema-10 field survives independently: bands.overlay.ringSpeedRadPerSec (0.7819ms)
Test and build (windows-latest)	Test	2026-10-08T03:39:30.1691274Z ✔ schema-10 field survives independently: bands.overlay.waveformRadialDisplaceFrac (0.4341ms)
Test and build (windows-latest)	Test	2026-10-08T03:39:30.1699032Z ✔ schema-10 field survives independently: bands.particleColorSource (0.5096ms)
Test and build (windows-latest)	Test	2026-10-08T03:39:30.1700422Z ✔ schema-10 field survives independently: bands.rainbow.hueOffsetDeg (0.5742ms)
Test and build (windows-latest)	Test	2026-10-08T03:39:30.1702444Z ✔ schema-10 field survives independently: bands.rainbow.saturation (0.4256ms)
Test and build (windows-latest)	Test	2026-10-08T03:39:30.1704940Z ✔ schema-10 field survives independently: bands.rainbow.value (0.6489ms)
Test and build (windows-latest)	Test	2026-10-08T03:39:30.1706180Z ✔ schema-10 field survives independently: timing.maxDeltaTimeSec (1.095ms)
Test and build (windows-latest)	Test	2026-10-08T03:39:30.1707803Z ✔ schema-10 field survives independently: visuals.backgroundColor (0.4456ms)
Test and build (windows-latest)	Test	2026-10-08T03:39:30.1710207Z ✔ schema-10 field survives independently: visuals.particleColor (0.7095ms)
Test and build (windows-latest)	Test	2026-10-08T03:39:30.1712453Z ✔ Schema 2 — documented legacy input migrates meaningful configuration and re-encodes as canonical schema 10 (1.4146ms)
Test and build (windows-latest)	Test	2026-10-08T03:39:30.1714427Z ✔ Schema 3 — documented legacy input migrates meaningful configuration and re-encodes as canonical schema 10 (1.0558ms)
Test and build (windows-latest)	Test	2026-10-08T03:39:30.1716323Z ✔ Schema 4 — documented legacy input migrates meaningful configuration and re-encodes as canonical schema 10 (1.0969ms)
Test and build (windows-latest)	Test	2026-10-08T03:39:30.1718177Z ✔ Schema 5 — documented legacy input migrates meaningful configuration and re-encodes as canonical schema 10 (0.9423ms)
Test and build (windows-latest)	Test	2026-10-08T03:39:30.1719974Z ✔ Schema 6 — documented legacy input migrates meaningful configuration and re-encodes as canonical schema 10 (0.9956ms)
Test and build (windows-latest)	Test	2026-10-08T03:39:30.1722162Z ✔ Schema 7 — documented legacy input migrates meaningful configuration and re-encodes as canonical schema 10 (1.0418ms)
Test and build (windows-latest)	Test	2026-10-08T03:39:30.1724077Z ✔ Schema 8 — documented legacy input migrates meaningful configuration and re-encodes as canonical schema 10 (0.9936ms)
Test and build (windows-latest)	Test	2026-10-08T03:39:30.1725889Z ✔ Schema 9 — later top-level format migrates meaningful configuration and re-encodes as canonical schema 10 (0.8537ms)
Test and build (windows-latest)	Test	2026-10-08T03:39:30.1727605Z ✔ schema-9 hybrids give whole top-level Orb/Ring settings precedence, including explicit emptiness (0.8345ms)
Test and build (windows-latest)	Test	2026-10-08T03:39:30.1730789Z ✔ schema-9 Scene recovery fills only absent top-level groups and honors Ring node.enabled (0.7398ms)
Test and build (windows-latest)	Test	2026-10-08T03:39:30.1732354Z ✔ schema-9 Scene layout/visibility and node-relative placement are intentionally discarded (0.5107ms)
Test and build (windows-latest)	Test	2026-10-08T03:39:30.1733847Z ✔ schema-9 Scene recovery handles empty Orbs and malformed/unknown nodes safely (0.7149ms)
Test and build (windows-latest)	Test	2026-10-08T03:39:30.1743069Z ✔ every schema <=9 with Orbs copies global behavior into independent nested ownership (2.0796ms)
Test and build (windows-latest)	Test	2026-10-08T03:39:30.1745394Z ✔ bandNames migration validates unique indices and canonical bandIds take precedence (0.2389ms)
Test and build (windows-latest)	Test	2026-10-08T03:39:30.1748892Z ✔ legacy logSpacing boolean migrates only when canonical distribution is absent (0.5271ms)
Test and build (windows-latest)	Test	2026-10-08T03:39:30.1750209Z ✔ legacy audio.loop migrates with valid canonical repeatMode precedence (0.4302ms)
Test and build (windows-latest)	Test	2026-10-08T03:39:30.1751875Z ✔ schema-10 output strips all legacy aliases, global behavior and historical Scene state (3.7285ms)
Test and build (windows-latest)	Test	2026-10-08T03:39:30.1753626Z ✔ encoding polluted current preferences strips legacy-only paths without overriding canonical values (0.3024ms)
Test and build (windows-latest)	Test	2026-10-08T03:39:30.1756572Z ✔ partial presets replace live preferences with canonical defaults for omitted settings (0.4184ms)
Test and build (windows-latest)	Test	2026-10-08T03:39:30.1758275Z ✔ RC-15 phase 1: emitted particles at identical and nearby coordinates coexist until real-time TTL (3.2257ms)
Test and build (windows-latest)	Test	2026-10-08T03:39:30.1759883Z ✔ RC-15 phase 1: trail reset clears retained particles and fractional emission state (0.3128ms)
Test and build (windows-latest)	Test	2026-10-08T03:39:30.1762854Z ✔ RC-15 phase 1: development schema-10 overlap input decodes, strips, and preserves all remaining fields (3.6941ms)
Test and build (windows-latest)	Test	2026-10-08T03:39:30.1764607Z ✔ RC-15 phase 1: timing ceiling is frozen CONFIG authority across codec and preference resolution (4.1322ms)
Test and build (windows-latest)	Test	2026-10-08T03:39:30.1766346Z ✔ RC-15 phase 1: effective simulation delta rejects invalid elapsed time and independently caps manipulated settings (0.4264ms)
Test and build (windows-latest)	Test	2026-10-08T03:39:30.1768258Z ✖ RC-15 phase 1: production animation boundary discards stall time with no later catch-up and keeps real clocks (4.1248ms)
Test and build (windows-latest)	Test	2026-10-08T03:39:30.1770023Z ✔ RC-15 phase 1: per-Orb burst guard is independent of imported timing and bounded by CONFIG rate limits (1.3522ms)
Test and build (windows-latest)	Test	2026-10-08T03:39:30.6885604Z ✔ RC-15 phase 2: CONFIG budgets are independent, frozen, and absent from presets (5.4046ms)
Test and build (windows-latest)	Test	2026-10-08T03:39:30.6906996Z ✔ RC-15 phase 2: exact aggregate frame limit with 0 accepted Orbs (1.4253ms)
Test and build (windows-latest)	Test	2026-10-08T03:39:30.6960102Z ✔ RC-15 phase 2: exact aggregate frame limit with 1 accepted Orbs (2.977ms)
Test and build (windows-latest)	Test	2026-10-08T03:39:30.6965386Z ✔ RC-15 phase 2: exact aggregate frame limit with 2 accepted Orbs (1.2142ms)
Test and build (windows-latest)	Test	2026-10-08T03:39:30.6967175Z ✔ RC-15 phase 2: exact aggregate frame limit with 256 accepted Orbs (27.4926ms)
Test and build (windows-latest)	Test	2026-10-08T03:39:30.6971855Z ✔ RC-15 phase 2: exact aggregate frame limit with 4096 accepted Orbs (235.7537ms)
Test and build (windows-latest)	Test	2026-10-08T03:39:30.6980911Z ✔ RC-15 phase 2: normal 60/120 Hz scenes preserve exact fractional frequency, positions and color (81.3826ms)
Test and build (windows-latest)	Test	2026-10-08T03:39:30.6982757Z ✔ RC-15 phase 2: high, nonfinite and corrupt demand cannot create debt or unbounded loops (35.9186ms)
Test and build (windows-latest)	Test	2026-10-08T03:39:30.6989136Z ✔ RC-15 phase 2: one-particle quanta and persistent service priority prevent later-Orb starvation with a tiny budget (1.0504ms)
Test and build (windows-latest)	Test	2026-10-08T03:39:30.6999348Z ✔ RC-15 phase 2: fairness skips zero demand, serves unequal rates, wraps and survives reorder/removal/add (1.5401ms)
Test and build (windows-latest)	Test	2026-10-08T03:39:30.7006862Z ✔ RC-15 phase 2: denied whole demand is discarded while fractional remainder stays smooth (1.6314ms)
Test and build (windows-latest)	Test	2026-10-08T03:39:30.7016872Z ✔ RC-15 phase 2: pause, stall resume and zero delta do not create a compensating burst or disturb Ring phase (12.178ms)
Test and build (windows-latest)	Test	2026-10-08T03:39:30.7019192Z ✔ RC-15 phase 2: exact retention boundaries and same-timestamp oldest ordering retire before insertion (1.0869ms)
Test and build (windows-latest)	Test	2026-10-08T03:39:30.7020908Z ✔ RC-15 phase 2: oldest means birth timestamp across trails, with independent TTL expiry and replacement (1.7719ms)
Test and build (windows-latest)	Test	2026-10-08T03:39:30.7026891Z ✔ RC-15 phase 2: actual 16,384-particle cap holds during sustained aggregate overload (38.6789ms)
Test and build (windows-latest)	Test	2026-10-08T03:39:30.7028599Z ✔ RC-15 phase 2: retired particles disappear from actual particle drawing and chronological trace suffix (1.3804ms)
Test and build (windows-latest)	Test	2026-10-08T03:39:30.7030250Z ✔ RC-15 phase 2: lifecycle removal/reset/disposal releases heap nodes, cursor and scene ownership (1.0191ms)
Test and build (windows-latest)	Test	2026-10-08T03:39:30.7031933Z ✔ RC-15 phase 2: canonical Add/Duplicate/Remove, track reset and repeated preset replacement account exactly (3.3991ms)
Test and build (windows-latest)	Test	2026-10-08T03:39:30.7033636Z ✔ RC-15 phase 2: admission itself enforces the shared frame ceiling across direct trail emission paths (0.5549ms)
Test and build (windows-latest)	Test	2026-10-08T03:39:30.7035444Z ✔ RC-15 phase 2: heap retirement agrees with an independent oldest model through churn (13.6985ms)
Test and build (windows-latest)	Test	2026-10-08T03:39:30.7041646Z ✔ RC-15 phase 2: full adapter rebuild preserves surviving Orb history and clears replaced owners (0.3878ms)
Test and build (windows-latest)	Test	2026-10-08T03:39:30.7043350Z ✔ RC-15 phase 2: periodic low-rate demand cannot starve through cursor/clock alignment (0.5827ms)
Test and build (windows-latest)	Test	2026-10-08T03:39:31.4158005Z ✔ RC-15 phase 3: immutable admission policy accepts zero and exactly 4096; rejects 4097 before element access (55.2548ms)
Test and build (windows-latest)	Test	2026-10-08T03:39:31.4174861Z ✔ RC-15 phase 3: admission rejection includes both schema-9 forms, respecting top-level precedence (1.7624ms)
Test and build (windows-latest)	Test	2026-10-08T03:39:31.4178041Z ✔ RC-15 phase 3: oversized import/replacement/resolution preserves prior preferences and runtime references (6.2511ms)
Test and build (windows-latest)	Test	2026-10-08T03:39:31.4187218Z ✔ RC-15 phase 3: Add/Duplicate refuse at cap before reading identities; no persistent or runtime change (167.3126ms)
Test and build (windows-latest)	Test	2026-10-08T03:39:31.4192619Z ✔ RC-15 phase 3: duplicate-heavy repair is linear in identity reads and preserves late IDs/huge suffixes (129.3563ms)
Test and build (windows-latest)	Test	2026-10-08T03:39:31.4229986Z ✔ RC-15 phase 3: runtime admission fails before disposal, construction, synchronization or history loss (12.3773ms)
Test and build (windows-latest)	Test	2026-10-08T03:39:31.4236118Z ✔ RC-15 phase 3: normal rendering preserves coordinates, size/age/fade, chronological suffix and trace colors without arrays (3.1901ms)
Test and build (windows-latest)	Test	2026-10-08T03:39:31.4285671Z ✔ RC-15 phase 3: aggregate arcs/trace traversal bounded with 0 Orbs at maximum traces (29.3391ms)
Test and build (windows-latest)	Test	2026-10-08T03:39:31.4289081Z ✔ RC-15 phase 3: aggregate arcs/trace traversal bounded with 2 Orbs at maximum traces (108.1356ms)
Test and build (windows-latest)	Test	2026-10-08T03:39:31.4300532Z ✔ RC-15 phase 3: aggregate arcs/trace traversal bounded with 64 Orbs at maximum traces (55.531ms)
Test and build (windows-latest)	Test	2026-10-08T03:39:31.4305516Z ✔ RC-15 phase 3: aggregate arcs/trace traversal bounded with 256 Orbs at maximum traces (37.5872ms)
Test and build (windows-latest)	Test	2026-10-08T03:39:31.4328571Z ✔ RC-15 phase 3: aggregate arcs/trace traversal bounded with 1024 Orbs at maximum traces (57.8799ms)
Test and build (windows-latest)	Test	2026-10-08T03:39:31.4335884Z ✔ RC-15 phase 3: aggregate arcs/trace traversal bounded with 4096 Orbs at maximum traces (140.452ms)
Test and build (windows-latest)	Test	2026-10-08T03:39:31.4371480Z ✔ RC-15 phase 3: zero-particle ceiling scene still updates all Orbs and current Ring phase with finite work (82.9363ms)
Test and build (windows-latest)	Test	2026-10-08T03:39:31.4375788Z ✔ RC-15 phase 3: saturated churn/reorder/reset/replacement leaves no stale heap, trail or allocation ownership (239.3425ms)
Test and build (windows-latest)	Test	2026-10-08T03:39:31.4377801Z ✔ RC-15 phase 3: governed preset round-trip keeps schema 10 and omits live state/obsolete overlap (8.6424ms)
Test and build (windows-latest)	Test	2026-10-08T03:39:31.4379852Z ✔ RC-15 phase 3: replaceable Orb lifecycle adapters share governance without depending on extra adapter metadata (18.7589ms)
Test and build (windows-latest)	Test	2026-10-08T03:39:31.4977791Z [RecorderEngine] media-recorder-create-failed Error: MediaRecorder could not be created: injected constructor failure
Test and build (windows-latest)	Test	2026-10-08T03:39:31.4985357Z     at createRecorderError (file:///D:/a/Auralprint1/Auralprint1/src/js/recording/recorder-engine.js:297:17)
Test and build (windows-latest)	Test	2026-10-08T03:39:31.4998264Z     at Object.start (file:///D:/a/Auralprint1/Auralprint1/src/js/recording/recorder-engine.js:1194:15)
Test and build (windows-latest)	Test	2026-10-08T03:39:31.4999924Z     at TestContext.<anonymous> (file:///D:/a/Auralprint1/Auralprint1/tests/recording-export.test.js:126:35)
Test and build (windows-latest)	Test	2026-10-08T03:39:31.5011733Z     ... 5 lines matching cause stack trace ...
Test and build (windows-latest)	Test	2026-10-08T03:39:31.5013572Z     at async startSubtestAfterBootstrap (node:internal/test_runner/harness:387:3) {
Test and build (windows-latest)	Test	2026-10-08T03:39:31.5050476Z   recordingCode: 'media-recorder-create-failed',
Test and build (windows-latest)	Test	2026-10-08T03:39:31.5052508Z   cause: Error: injected constructor failure
Test and build (windows-latest)	Test	2026-10-08T03:39:31.5057358Z       at new FakeRecorder (file:///D:/a/Auralprint1/Auralprint1/tests/recording-export.test.js:32:37)
Test and build (windows-latest)	Test	2026-10-08T03:39:31.5065213Z       at Object.start (file:///D:/a/Auralprint1/Auralprint1/src/js/recording/recorder-engine.js:1192:33)
Test and build (windows-latest)	Test	2026-10-08T03:39:31.5074422Z       at TestContext.<anonymous> (file:///D:/a/Auralprint1/Auralprint1/tests/recording-export.test.js:126:35)
Test and build (windows-latest)	Test	2026-10-08T03:39:31.5077254Z       at Test.runInAsyncScope (node:async_hooks:227:14)
Test and build (windows-latest)	Test	2026-10-08T03:39:31.5100785Z       at Test.run (node:internal/test_runner/test:1402:25)
Test and build (windows-latest)	Test	2026-10-08T03:39:31.5106462Z       at Test.processPendingSubtests (node:internal/test_runner/test:974:18)
Test and build (windows-latest)	Test	2026-10-08T03:39:31.5107480Z       at Test.postRun (node:internal/test_runner/test:1542:19)
Test and build (windows-latest)	Test	2026-10-08T03:39:31.5109868Z       at Test.run (node:internal/test_runner/test:1467:12)
Test and build (windows-latest)	Test	2026-10-08T03:39:31.5113948Z       at async startSubtestAfterBootstrap (node:internal/test_runner/harness:387:3)
Test and build (windows-latest)	Test	2026-10-08T03:39:31.5115139Z }
Test and build (windows-latest)	Test	2026-10-08T03:39:31.5117097Z ✔ RC-06: successful A survives failed B acquisition (192.018ms)
Test and build (windows-latest)	Test	2026-10-08T03:39:31.5124494Z [RecorderEngine] media-recorder-start-failed Error: MediaRecorder could not start: injected start failure
Test and build (windows-latest)	Test	2026-10-08T03:39:31.5126453Z     at createRecorderError (file:///D:/a/Auralprint1/Auralprint1/src/js/recording/recorder-engine.js:297:17)
Test and build (windows-latest)	Test	2026-10-08T03:39:31.5131721Z     at Object.start (file:///D:/a/Auralprint1/Auralprint1/src/js/recording/recorder-engine.js:1227:15)
Test and build (windows-latest)	Test	2026-10-08T03:39:31.5133398Z     at TestContext.<anonymous> (file:///D:/a/Auralprint1/Auralprint1/tests/recording-export.test.js:126:35)
Test and build (windows-latest)	Test	2026-10-08T03:39:31.5137509Z     ... 5 lines matching cause stack trace ...
Test and build (windows-latest)	Test	2026-10-08T03:39:31.5138723Z     at async Test.processPendingSubtests (node:internal/test_runner/test:974:7) {
Test and build (windows-latest)	Test	2026-10-08T03:39:31.5141973Z   recordingCode: 'media-recorder-start-failed',
Test and build (windows-latest)	Test	2026-10-08T03:39:31.5142887Z   cause: Error: injected start failure
Test and build (windows-latest)	Test	2026-10-08T03:39:31.5144041Z       at FakeRecorder.start (file:///D:/a/Auralprint1/Auralprint1/tests/recording-export.test.js:38:31)
Test and build (windows-latest)	Test	2026-10-08T03:39:31.5145580Z       at Object.start (file:///D:/a/Auralprint1/Auralprint1/src/js/recording/recorder-engine.js:1225:31)
Test and build (windows-latest)	Test	2026-10-08T03:39:31.5147143Z       at TestContext.<anonymous> (file:///D:/a/Auralprint1/Auralprint1/tests/recording-export.test.js:126:35)
Test and build (windows-latest)	Test	2026-10-08T03:39:31.5148398Z       at Test.runInAsyncScope (node:async_hooks:227:14)
Test and build (windows-latest)	Test	2026-10-08T03:39:31.5149299Z       at Test.run (node:internal/test_runner/test:1402:25)
Test and build (windows-latest)	Test	2026-10-08T03:39:31.5150417Z       at Test.processPendingSubtests (node:internal/test_runner/test:974:18)
Test and build (windows-latest)	Test	2026-10-08T03:39:31.5151515Z       at Test.postRun (node:internal/test_runner/test:1542:19)
Test and build (windows-latest)	Test	2026-10-08T03:39:31.5152392Z       at Test.run (node:internal/test_runner/test:1467:12)
Test and build (windows-latest)	Test	2026-10-08T03:39:31.5153461Z       at async Test.processPendingSubtests (node:internal/test_runner/test:974:7)
Test and build (windows-latest)	Test	2026-10-08T03:39:31.5154425Z }
Test and build (windows-latest)	Test	2026-10-08T03:39:31.5155337Z ✔ RC-06: successful A survives failed B constructor (4.3375ms)
Test and build (windows-latest)	Test	2026-10-08T03:39:31.5156503Z ✔ RC-06: successful A survives failed B start (2.821ms)
Test and build (windows-latest)	Test	2026-10-08T03:39:31.5157833Z [RecorderEngine] recorder-error Error: injected recorder error
Test and build (windows-latest)	Test	2026-10-08T03:39:31.5159747Z     at FakeRecorder.error (file:///D:/a/Auralprint1/Auralprint1/tests/recording-export.test.js:47:39)
Test and build (windows-latest)	Test	2026-10-08T03:39:31.5161531Z     at TestContext.<anonymous> (file:///D:/a/Auralprint1/Auralprint1/tests/recording-export.test.js:150:5)
Test and build (windows-latest)	Test	2026-10-08T03:39:31.5162726Z     at async Test.run (node:internal/test_runner/test:1409:7)
Test and build (windows-latest)	Test	2026-10-08T03:39:31.5163794Z     at async Test.processPendingSubtests (node:internal/test_runner/test:974:7)
Test and build (windows-latest)	Test	2026-10-08T03:39:31.5171066Z ✔ RC-06: successful A survives B recorder error and stale callbacks (6.3488ms)
Test and build (windows-latest)	Test	2026-10-08T03:39:31.5172332Z [RecorderEngine] no-captured-chunks Error: Recording finished without any captured data.
Test and build (windows-latest)	Test	2026-10-08T03:39:31.5173713Z     at createRecorderError (file:///D:/a/Auralprint1/Auralprint1/src/js/recording/recorder-engine.js:297:17)
Test and build (windows-latest)	Test	2026-10-08T03:39:31.5175320Z     at assembleCompletedRecordingExport (file:///D:/a/Auralprint1/Auralprint1/src/js/recording/recorder-engine.js:685:13)
Test and build (windows-latest)	Test	2026-10-08T03:39:31.5177324Z     at finalizeStoppedRecorder (file:///D:/a/Auralprint1/Auralprint1/src/js/recording/recorder-engine.js:1039:31)
Test and build (windows-latest)	Test	2026-10-08T03:39:31.5179642Z     at runtime.mediaRecorder.onstop (file:///D:/a/Auralprint1/Auralprint1/src/js/recording/recorder-engine.js:1220:44)
Test and build (windows-latest)	Test	2026-10-08T03:39:31.5184617Z     at FakeRecorder.finish (file:///D:/a/Auralprint1/Auralprint1/tests/recording-export.test.js:46:29)
Test and build (windows-latest)	Test	2026-10-08T03:39:31.5186074Z     at TestContext.<anonymous> (file:///D:/a/Auralprint1/Auralprint1/tests/recording-export.test.js:188:7)
Test and build (windows-latest)	Test	2026-10-08T03:39:31.5187224Z     at async Test.run (node:internal/test_runner/test:1409:7)
Test and build (windows-latest)	Test	2026-10-08T03:39:31.5190770Z     at async Test.processPendingSubtests (node:internal/test_runner/test:974:7) {
Test and build (windows-latest)	Test	2026-10-08T03:39:31.5192071Z   recordingCode: 'no-captured-chunks'
Test and build (windows-latest)	Test	2026-10-08T03:39:31.5192910Z }
Test and build (windows-latest)	Test	2026-10-08T03:39:31.5193766Z ✔ RC-06: successful A survives B finalization failure (noChunks) (3.3821ms)
Test and build (windows-latest)	Test	2026-10-08T03:39:31.5194866Z [RecorderEngine] empty-recording-export Error: Recording export is empty.
Test and build (windows-latest)	Test	2026-10-08T03:39:31.5196147Z     at createRecorderError (file:///D:/a/Auralprint1/Auralprint1/src/js/recording/recorder-engine.js:297:17)
Test and build (windows-latest)	Test	2026-10-08T03:39:31.5199344Z     at assembleCompletedRecordingExport (file:///D:/a/Auralprint1/Auralprint1/src/js/recording/recorder-engine.js:692:13)
Test and build (windows-latest)	Test	2026-10-08T03:39:31.5200856Z     at finalizeStoppedRecorder (file:///D:/a/Auralprint1/Auralprint1/src/js/recording/recorder-engine.js:1039:31)
Test and build (windows-latest)	Test	2026-10-08T03:39:31.5202244Z     at runtime.mediaRecorder.onstop (file:///D:/a/Auralprint1/Auralprint1/src/js/recording/recorder-engine.js:1220:44)
Test and build (windows-latest)	Test	2026-10-08T03:39:31.5203515Z     at FakeRecorder.finish (file:///D:/a/Auralprint1/Auralprint1/tests/recording-export.test.js:46:29)
Test and build (windows-latest)	Test	2026-10-08T03:39:31.5204723Z     at TestContext.<anonymous> (file:///D:/a/Auralprint1/Auralprint1/tests/recording-export.test.js:188:7)
Test and build (windows-latest)	Test	2026-10-08T03:39:31.5205724Z     at async Test.run (node:internal/test_runner/test:1409:7)
Test and build (windows-latest)	Test	2026-10-08T03:39:31.5206520Z     at async Test.processPendingSubtests (node:internal/test_runner/test:974:7) {
Test and build (windows-latest)	Test	2026-10-08T03:39:31.5207244Z   recordingCode: 'empty-recording-export'
Test and build (windows-latest)	Test	2026-10-08T03:39:31.5207647Z }
Test and build (windows-latest)	Test	2026-10-08T03:39:31.5208376Z ✔ RC-06: successful A survives B finalization failure (emptyBlob) (6.4491ms)
Test and build (windows-latest)	Test	2026-10-08T03:39:31.5209511Z [RecorderEngine] export-filename-unresolved Error: Recording export filename could not be resolved.
Test and build (windows-latest)	Test	2026-10-08T03:39:31.5210772Z     at createRecorderError (file:///D:/a/Auralprint1/Auralprint1/src/js/recording/recorder-engine.js:297:17)
Test and build (windows-latest)	Test	2026-10-08T03:39:31.5212167Z     at assembleCompletedRecordingExport (file:///D:/a/Auralprint1/Auralprint1/src/js/recording/recorder-engine.js:697:13)
Test and build (windows-latest)	Test	2026-10-08T03:39:31.5213584Z     at finalizeStoppedRecorder (file:///D:/a/Auralprint1/Auralprint1/src/js/recording/recorder-engine.js:1039:31)
Test and build (windows-latest)	Test	2026-10-08T03:39:31.5214974Z     at runtime.mediaRecorder.onstop (file:///D:/a/Auralprint1/Auralprint1/src/js/recording/recorder-engine.js:1220:44)
Test and build (windows-latest)	Test	2026-10-08T03:39:31.5220535Z     at FakeRecorder.finish (file:///D:/a/Auralprint1/Auralprint1/tests/recording-export.test.js:46:29)
Test and build (windows-latest)	Test	2026-10-08T03:39:31.5221795Z     at TestContext.<anonymous> (file:///D:/a/Auralprint1/Auralprint1/tests/recording-export.test.js:188:7)
Test and build (windows-latest)	Test	2026-10-08T03:39:31.5222767Z     at async Test.run (node:internal/test_runner/test:1409:7)
Test and build (windows-latest)	Test	2026-10-08T03:39:31.5223560Z     at async Test.processPendingSubtests (node:internal/test_runner/test:974:7) {
Test and build (windows-latest)	Test	2026-10-08T03:39:31.5225351Z   recordingCode: 'export-filename-unresolved'
Test and build (windows-latest)	Test	2026-10-08T03:39:31.5225792Z }
Test and build (windows-latest)	Test	2026-10-08T03:39:31.5226513Z ✔ RC-06: successful A survives B finalization failure (filename) (2.4087ms)
Test and build (windows-latest)	Test	2026-10-08T03:39:31.5227792Z [RecorderEngine] object-url-create-failed Error: Recording export URL could not be created: injected URL creation failure
Test and build (windows-latest)	Test	2026-10-08T03:39:31.5229173Z     at createRecorderError (file:///D:/a/Auralprint1/Auralprint1/src/js/recording/recorder-engine.js:297:17)
Test and build (windows-latest)	Test	2026-10-08T03:39:31.5230570Z     at assembleCompletedRecordingExport (file:///D:/a/Auralprint1/Auralprint1/src/js/recording/recorder-engine.js:704:13)
Test and build (windows-latest)	Test	2026-10-08T03:39:31.5231969Z     at finalizeStoppedRecorder (file:///D:/a/Auralprint1/Auralprint1/src/js/recording/recorder-engine.js:1039:31)
Test and build (windows-latest)	Test	2026-10-08T03:39:31.5233012Z     ... 4 lines matching cause stack trace ...
Test and build (windows-latest)	Test	2026-10-08T03:39:31.5233834Z     at async Test.processPendingSubtests (node:internal/test_runner/test:974:7) {
Test and build (windows-latest)	Test	2026-10-08T03:39:31.5234662Z   recordingCode: 'object-url-create-failed',
Test and build (windows-latest)	Test	2026-10-08T03:39:31.5235264Z   cause: Error: injected URL creation failure
Test and build (windows-latest)	Test	2026-10-08T03:39:31.5236176Z       at URL.createObjectURL (file:///D:/a/Auralprint1/Auralprint1/tests/recording-export.test.js:64:33)
Test and build (windows-latest)	Test	2026-10-08T03:39:31.5237669Z       at assembleCompletedRecordingExport (file:///D:/a/Auralprint1/Auralprint1/src/js/recording/recorder-engine.js:702:23)
Test and build (windows-latest)	Test	2026-10-08T03:39:31.5258106Z       at finalizeStoppedRecorder (file:///D:/a/Auralprint1/Auralprint1/src/js/recording/recorder-engine.js:1039:31)
Test and build (windows-latest)	Test	2026-10-08T03:39:31.5260132Z       at runtime.mediaRecorder.onstop (file:///D:/a/Auralprint1/Auralprint1/src/js/recording/recorder-engine.js:1220:44)
Test and build (windows-latest)	Test	2026-10-08T03:39:31.5261583Z       at FakeRecorder.finish (file:///D:/a/Auralprint1/Auralprint1/tests/recording-export.test.js:46:29)
Test and build (windows-latest)	Test	2026-10-08T03:39:31.5262921Z       at TestContext.<anonymous> (file:///D:/a/Auralprint1/Auralprint1/tests/recording-export.test.js:188:7)
Test and build (windows-latest)	Test	2026-10-08T03:39:31.5264334Z       at async Test.run (node:internal/test_runner/test:1409:7)
Test and build (windows-latest)	Test	2026-10-08T03:39:31.5265320Z       at async Test.processPendingSubtests (node:internal/test_runner/test:974:7)
Test and build (windows-latest)	Test	2026-10-08T03:39:31.5266050Z }
Test and build (windows-latest)	Test	2026-10-08T03:39:31.5267132Z ✔ RC-06: successful A survives B finalization failure (objectUrl) (2.9377ms)
Test and build (windows-latest)	Test	2026-10-08T03:39:31.5268139Z [RecorderEngine] finalize-failed Error: injected Blob failure
Test and build (windows-latest)	Test	2026-10-08T03:39:31.5285105Z     at new globalThis.Blob (file:///D:/a/Auralprint1/Auralprint1/tests/recording-export.test.js:184:81)
Test and build (windows-latest)	Test	2026-10-08T03:39:31.5291226Z     at assembleCompletedRecordingExport (file:///D:/a/Auralprint1/Auralprint1/src/js/recording/recorder-engine.js:688:18)
Test and build (windows-latest)	Test	2026-10-08T03:39:31.5297018Z     at finalizeStoppedRecorder (file:///D:/a/Auralprint1/Auralprint1/src/js/recording/recorder-engine.js:1039:31)
Test and build (windows-latest)	Test	2026-10-08T03:39:31.5301834Z     at runtime.mediaRecorder.onstop (file:///D:/a/Auralprint1/Auralprint1/src/js/recording/recorder-engine.js:1220:44)
Test and build (windows-latest)	Test	2026-10-08T03:39:31.5303366Z     at FakeRecorder.finish (file:///D:/a/Auralprint1/Auralprint1/tests/recording-export.test.js:46:29)
Test and build (windows-latest)	Test	2026-10-08T03:39:31.5308256Z     at TestContext.<anonymous> (file:///D:/a/Auralprint1/Auralprint1/tests/recording-export.test.js:188:7)
Test and build (windows-latest)	Test	2026-10-08T03:39:31.5309371Z     at async Test.run (node:internal/test_runner/test:1409:7)
Test and build (windows-latest)	Test	2026-10-08T03:39:31.5310241Z     at async Test.processPendingSubtests (node:internal/test_runner/test:974:7)
Test and build (windows-latest)	Test	2026-10-08T03:39:31.5315445Z ✔ RC-06: successful A survives B finalization failure (blobThrows) (2.1562ms)
Test and build (windows-latest)	Test	2026-10-08T03:39:31.5316728Z [RecorderEngine] finalize-failed Error: injected failure after URL assembly
Test and build (windows-latest)	Test	2026-10-08T03:39:31.5321289Z     at Object.getRenderTap (file:///D:/a/Auralprint1/Auralprint1/tests/recording-export.test.js:80:15)
Test and build (windows-latest)	Test	2026-10-08T03:39:31.5322722Z     at readSupportDetails (file:///D:/a/Auralprint1/Auralprint1/src/js/recording/recorder-engine.js:188:36)
Test and build (windows-latest)	Test	2026-10-08T03:39:31.5324254Z     at finalizeStoppedRecorder (file:///D:/a/Auralprint1/Auralprint1/src/js/recording/recorder-engine.js:1048:18)
Test and build (windows-latest)	Test	2026-10-08T03:39:31.5325976Z     at runtime.mediaRecorder.onstop (file:///D:/a/Auralprint1/Auralprint1/src/js/recording/recorder-engine.js:1220:44)
Test and build (windows-latest)	Test	2026-10-08T03:39:31.5327422Z     at FakeRecorder.finish (file:///D:/a/Auralprint1/Auralprint1/tests/recording-export.test.js:46:29)
Test and build (windows-latest)	Test	2026-10-08T03:39:31.5328823Z     at TestContext.<anonymous> (file:///D:/a/Auralprint1/Auralprint1/tests/recording-export.test.js:188:7)
Test and build (windows-latest)	Test	2026-10-08T03:39:31.5329865Z     at async Test.run (node:internal/test_runner/test:1409:7)
Test and build (windows-latest)	Test	2026-10-08T03:39:31.5330729Z     at async Test.processPendingSubtests (node:internal/test_runner/test:974:7)
Test and build (windows-latest)	Test	2026-10-08T03:39:31.5331647Z [RecorderEngine] stop-failed Error: injected stop failure
Test and build (windows-latest)	Test	2026-10-08T03:39:31.5332647Z     at FakeRecorder.stop (file:///D:/a/Auralprint1/Auralprint1/tests/recording-export.test.js:42:30)
Test and build (windows-latest)	Test	2026-10-08T03:39:31.5333945Z     at Object.stop (file:///D:/a/Auralprint1/Auralprint1/src/js/recording/recorder-engine.js:1313:29)
Test and build (windows-latest)	Test	2026-10-08T03:39:31.5335354Z     at TestContext.<anonymous> (file:///D:/a/Auralprint1/Auralprint1/tests/recording-export.test.js:211:35)
Test and build (windows-latest)	Test	2026-10-08T03:39:31.5336476Z     at Test.runInAsyncScope (node:async_hooks:227:14)
Test and build (windows-latest)	Test	2026-10-08T03:39:31.5337537Z     at Test.run (node:internal/test_runner/test:1402:25)
Test and build (windows-latest)	Test	2026-10-08T03:39:31.5338407Z     at Test.processPendingSubtests (node:internal/test_runner/test:974:18)
Test and build (windows-latest)	Test	2026-10-08T03:39:31.5339277Z     at Test.postRun (node:internal/test_runner/test:1542:19)
Test and build (windows-latest)	Test	2026-10-08T03:39:31.5339987Z     at Test.run (node:internal/test_runner/test:1467:12)
Test and build (windows-latest)	Test	2026-10-08T03:39:31.5340869Z     at async Test.processPendingSubtests (node:internal/test_runner/test:974:7)
Test and build (windows-latest)	Test	2026-10-08T03:39:31.5342089Z ✔ RC-06: successful A survives B finalization failure (afterUrl) (4.5523ms)
Test and build (windows-latest)	Test	2026-10-08T03:39:31.5343100Z ✔ RC-06: successful A survives B stop exception (3.8743ms)
Test and build (windows-latest)	Test	2026-10-08T03:39:31.5343997Z ✔ RC-06: successful A survives B inactive recorder (2.4384ms)
Test and build (windows-latest)	Test	2026-10-08T03:39:31.5345288Z ✔ RC-06: successful B commits before revoking A exactly once; repeated replacement does not leak (3.7138ms)
Test and build (windows-latest)	Test	2026-10-08T03:39:31.5346567Z ✔ RC-06: first recording works without a previous export (9.3099ms)
Test and build (windows-latest)	Test	2026-10-08T03:39:31.5347488Z ✔ RC-06: reset retains the completed export (1.7166ms)
Test and build (windows-latest)	Test	2026-10-08T03:39:31.5348501Z ✔ RC-06: completed-export disposal revokes and clears exactly once (1.0862ms)
Test and build (windows-latest)	Test	2026-10-08T03:39:31.5349911Z ✔ RC-10: rendered Orb lock uses current-frame first Orb after variable deltas and reconciliation (5.7574ms)
Test and build (windows-latest)	Test	2026-10-08T03:39:31.5351590Z ✔ template structure reader retains nested ancestry and duplicate IDs across void tags and comments (2.9512ms)
Test and build (windows-latest)	Test	2026-10-08T03:39:31.5353198Z ✔ preset buttons exist once under Scene Settings and never under Visualizers (0.6555ms)
Test and build (windows-latest)	Test	2026-10-08T03:39:31.5354534Z ✔ Settings copy retains canonical Scene IDs alongside Visualizers (0.5582ms)
Test and build (windows-latest)	Test	2026-10-08T03:39:31.5355752Z ✔ Scene panel initializes idempotently from the canonical source enum (1.3708ms)
Test and build (windows-latest)	Test	2026-10-08T03:39:31.5357044Z ✔ Scene refresh is reference guarded and source readouts follow selected labels (0.7784ms)
Test and build (windows-latest)	Test	2026-10-08T03:39:31.5358600Z ✔ Scene controls mutate only historical schema-10 fields (0.7941ms)
Test and build (windows-latest)	Test	2026-10-08T03:39:31.5359949Z ✔ Visualizers contains one inventory, Ring editor, Orb editor host, management and all 13 bulk fields (1.2719ms)
Test and build (windows-latest)	Test	2026-10-08T03:39:31.5361501Z ✔ retired Orbs workspace and escape hatch are absent and every template ID is unique (0.9555ms)
Test and build (windows-latest)	Test	2026-10-08T03:39:31.5362890Z ✔ RC-14: touchcancel terminates touch drag ownership before unrelated moves (9.6666ms)
Test and build (windows-latest)	Test	2026-10-08T03:39:31.5364476Z ✔ RC-14: touchend terminates touch drag ownership before unrelated moves (0.6186ms)
Test and build (windows-latest)	Test	2026-10-08T03:39:31.5365755Z ✔ RC-14: reset terminates touch drag ownership before unrelated moves (0.4586ms)
Test and build (windows-latest)	Test	2026-10-08T03:39:31.5366925Z ✔ RC-14: load terminates touch drag ownership before unrelated moves (0.7818ms)
Test and build (windows-latest)	Test	2026-10-08T03:39:31.5368079Z ✔ RC-14: init terminates touch drag ownership before unrelated moves (0.3799ms)
Test and build (windows-latest)	Test	2026-10-08T03:39:31.5369482Z ✔ non-divisible waveform buckets include a final-sample impulse (2.4518ms)
Test and build (windows-latest)	Test	2026-10-08T03:39:31.5370623Z ✔ short buffers retain a terminal impulse at the end of the timeline (0.356ms)
Test and build (windows-latest)	Test	2026-10-08T03:39:31.5371834Z ✔ a middle impulse maps to the corresponding middle waveform region (0.2266ms)
Test and build (windows-latest)	Test	2026-10-08T03:39:31.5372960Z ✔ multi-channel terminal peaks use absolute magnitude (0.2262ms)
Test and build (windows-latest)	Test	2026-10-08T03:39:31.5374042Z ✔ ordinary long buffers use proportional intervals and peak semantics (0.3167ms)
Test and build (windows-latest)	Test	2026-10-08T03:39:31.5375223Z ✔ zero-length channel data returns finite zero-filled peaks (0.3281ms)
Test and build (windows-latest)	Test	2026-10-08T03:39:31.5376454Z ✔ Spectral Ring editor exposes every schema-10 presentation field and owned limits (1.852ms)
Test and build (windows-latest)	Test	2026-10-08T03:39:31.5378011Z ✔ Spectral Ring refresh is runtime-settings reference guarded (0.4931ms)
Test and build (windows-latest)	Test	2026-10-08T03:39:31.5382167Z ✔ Stream graph preserves L/R output indices, Center adaptation, and upstream recorder ownership (9.5146ms)
Test and build (windows-latest)	Test	2026-10-08T03:39:31.5383629Z ✔ development version metadata and schema remain aligned (4.4178ms)
Test and build (windows-latest)	Test	2026-10-08T03:39:31.5387609Z ✔ per-Orb commits use one canonical runtime sync and Orb editor refresh authority (0.857ms)
Test and build (windows-latest)	Test	2026-10-08T03:39:31.5389575Z ✔ normalizeOrbDef preserves fallback routing when chanId and bandIds are omitted (2.055ms)
Test and build (windows-latest)	Test	2026-10-08T03:39:31.5391448Z ✔ normalizeOrbDef still honors explicit incoming routing and band selections (0.9883ms)
Test and build (windows-latest)	Test	2026-10-08T03:39:31.5393146Z ✔ normalizeOrbDef clamps hue and sanitizes Build 115 orb fields (0.3946ms)
Test and build (windows-latest)	Test	2026-10-08T03:39:31.5394377Z ✔ normalizeOrbDef defaults missing v8 orb fields to Build 115 values (0.2596ms)
Test and build (windows-latest)	Test	2026-10-08T03:39:31.5396174Z ✔ URL preset schema 9 round-trips per-orb Build 115 fields (5.2179ms)
Test and build (windows-latest)	Test	2026-10-08T03:39:31.5397252Z ✔ UI refreshAllUiText renders generated per-Orb editor cards (74.7353ms)
Test and build (windows-latest)	Test	2026-10-08T03:39:31.5399069Z ✔ UI refreshAllUiText represents the current VisualizerRuntime composition (12.9851ms)
Test and build (windows-latest)	Test	2026-10-08T03:39:31.5400298Z ✔ URL preset schema 8 orb payloads migrate to Build 115 defaults (1.6569ms)
Test and build (windows-latest)	Test	2026-10-08T03:39:31.5401378Z ✔ buildWaveformPeaks keeps mono peak behavior unchanged (0.9866ms)
Test and build (windows-latest)	Test	2026-10-08T03:39:31.5402418Z ✔ buildWaveformPeaks includes non-silent right-channel data (0.4981ms)
Test and build (windows-latest)	Test	2026-10-08T03:39:31.5403758Z ✔ scrubber touchmove does not cancel window scrolling outside an active drag (0.5352ms)
Test and build (windows-latest)	Test	2026-10-08T03:39:31.5404985Z ✔ scrubber active touch drag still prevents default and seeks (0.7405ms)
Test and build (windows-latest)	Test	2026-10-08T03:39:31.5406539Z ✔ Scrubber.draw keeps the Build 113 idle file copy when no source is active (0.9451ms)
Test and build (windows-latest)	Test	2026-10-08T03:39:31.5407931Z ✔ Scrubber.draw uses honest microphone copy instead of fake track text (0.6038ms)
Test and build (windows-latest)	Test	2026-10-08T03:39:31.5411683Z ✔ Scrubber.draw uses honest stream copy instead of fake track text (0.5246ms)
Test and build (windows-latest)	Test	2026-10-08T03:39:31.5413128Z ✔ AudioEngine.loadFile does not tear down the freshly created media element during attach (9.87ms)
Test and build (windows-latest)	Test	2026-10-08T03:39:31.5418937Z ✔ AudioEngine.loadFile clears loaded state and reports late file errors after a paused load succeeds (0.7155ms)
Test and build (windows-latest)	Test	2026-10-08T03:39:31.5421833Z ✔ deferred file playback errors clear the active file session and block recording restart (3.7228ms)
Test and build (windows-latest)	Test	2026-10-08T03:39:31.5423557Z ✔ AudioEngine.getRecorderTap reuses active live-stream audio without local playback or lifecycle ownership (0.677ms)
Test and build (windows-latest)	Test	2026-10-08T03:39:31.5424864Z ✔ readSourceUiModel keeps microphone mode honest about file-only affordances (0.4166ms)
Test and build (windows-latest)	Test	2026-10-08T03:39:31.5425619Z ✔ readSourceUiModel keeps stream mode honest about live-source affordances (0.2521ms)
Test and build (windows-latest)	Test	2026-10-08T03:39:31.5426608Z ✔ Stream status exposes 2ch, mono, and multichannel capture separately from analysed content (0.4094ms)
Test and build (windows-latest)	Test	2026-10-08T03:39:31.5427384Z ✔ Stream status retains the existing format when capture channel count is unknown (0.265ms)
Test and build (windows-latest)	Test	2026-10-08T03:39:31.5428080Z ✔ inactive Stream and Mic status never expose stale Stream capture metadata (0.3041ms)
Test and build (windows-latest)	Test	2026-10-08T03:39:31.5429547Z ✔ readSourceUiModel treats File as the idle workflow side without implying an active file source (0.2101ms)
Test and build (windows-latest)	Test	2026-10-08T03:39:31.5431303Z ✔ readSourceUiModel surfaces retained live-input errors after returning to file-workflow idle (0.1716ms)
Test and build (windows-latest)	Test	2026-10-08T03:39:31.5432554Z ✔ URL preset serialization excludes runtime source and recording state (1.0145ms)
Test and build (windows-latest)	Test	2026-10-08T03:39:31.5433323Z ✔ URL preset round-trips persisted config fields that were previously dropped on decode (1.2812ms)
Test and build (windows-latest)	Test	2026-10-08T03:39:31.5434076Z ✔ UI clears retained live-input errors on explicit file-workflow reset (6.9679ms)
Test and build (windows-latest)	Test	2026-10-08T03:39:31.5434812Z ✔ UI clears retained live-input errors when Clear Queue resets file workflow to empty (8.2791ms)
Test and build (windows-latest)	Test	2026-10-08T03:39:31.5436550Z ✔ UI clears retained live-input errors when removing the last queued file resets file workflow to empty (3.2245ms)
Test and build (windows-latest)	Test	2026-10-08T03:39:31.5439131Z ✔ UI refreshAllUiText keeps file-mode status and selector copy honest in idle and loaded states (4.8539ms)
Test and build (windows-latest)	Test	2026-10-08T03:39:31.5440413Z ✔ UI source selector copy reflects support, requesting, active, and error truth (11.3011ms)
Test and build (windows-latest)	Test	2026-10-08T03:39:31.5441440Z ✔ UI disables file-only controls with clear file-mode-only affordances in live workflows (4.4673ms)
Test and build (windows-latest)	Test	2026-10-08T03:39:31.5442131Z ✔ first-run load hint hides when a file source becomes active (2.2734ms)
Test and build (windows-latest)	Test	2026-10-08T03:39:31.5442724Z ✔ first-run load hint hides when microphone input becomes active (1.3368ms)
Test and build (windows-latest)	Test	2026-10-08T03:39:31.5443300Z ✔ first-run load hint hides when stream input becomes active (4.3484ms)
Test and build (windows-latest)	Test	2026-10-08T03:39:31.5444351Z ✔ first-run load hint stays visible while microphone permission is still being requested (1.5776ms)
Test and build (windows-latest)	Test	2026-10-08T03:39:31.5449355Z ✔ first-run load hint stays visible while stream permission is still being requested (1.6322ms)
Test and build (windows-latest)	Test	2026-10-08T03:39:31.5450137Z ✔ first-run load hint stays visible after denied live-source activation errors (8.0108ms)
Test and build (windows-latest)	Test	2026-10-08T03:39:31.5450952Z ✔ first-run load hint stays hidden after a successful live session returns to idle file workflow (24.2849ms)
Test and build (windows-latest)	Test	2026-10-08T03:39:31.5451773Z ✔ UI keeps queue panel recoverable across live source switches and audio panel hiding (3.5764ms)
Test and build (windows-latest)	Test	2026-10-08T03:39:31.5452904Z ✔ UI finalizing locks destructive file transport actions while leaving non-destructive file controls available (2.5284ms)
Test and build (windows-latest)	Test	2026-10-08T03:39:31.5453730Z ✔ UI refreshes an already-open queue when recording enters finalizing (2.4698ms)
Test and build (windows-latest)	Test	2026-10-08T03:39:31.5454376Z ✔ UI re-enables an already-open queue when recording leaves finalizing (4.5309ms)
Test and build (windows-latest)	Test	2026-10-08T03:39:31.5455659Z ✔ UI finalizing blocks destructive file transport interactions and keeps file workflow state stable (6.3975ms)
Test and build (windows-latest)	Test	2026-10-08T03:39:31.5456850Z ✔ UI restores the recording panel after global hide when it was previously visible (7.3201ms)
Test and build (windows-latest)	Test	2026-10-08T03:39:31.5458195Z ✔ UI keeps the recording launcher reachable after global hide when the panel was already hidden (3.1568ms)
Test and build (windows-latest)	Test	2026-10-08T03:39:31.5460169Z ✔ UI workspace launcher toggles panels and active states without hiding launchers (3.145ms)
Test and build (windows-latest)	Test	2026-10-08T03:39:31.5461438Z ✔ UI workspace launcher collapse keeps the shell recoverable (6.4761ms)
Test and build (windows-latest)	Test	2026-10-08T03:39:31.5462574Z ✔ dynamic Orb editor keeps stable card identity across UI refresh (3.8375ms)
Test and build (windows-latest)	Test	2026-10-08T03:39:31.5463716Z ✔ dynamic Orb editor does not retain fixed-slot controls (2.0285ms)
Test and build (windows-latest)	Test	2026-10-08T03:39:31.5465124Z ✔ global view toggle restores the prior panel selection and disclosure keys do not pause simulation (2.5534ms)
Test and build (windows-latest)	Test	2026-10-08T03:39:31.5466863Z ✔ UI blocks live-source switching during active recording without touching the active source session (2.3352ms)
Test and build (windows-latest)	Test	2026-10-08T03:39:31.5468859Z ✔ UI refreshRecordingUi renders source-aware recording copy across file and live workflows (28.2261ms)
Test and build (windows-latest)	Test	2026-10-08T03:39:31.5470405Z ✔ RecorderEngine.start allows an active microphone source without file transport state (1.664ms)
Test and build (windows-latest)	Test	2026-10-08T03:39:31.5471888Z ✔ RecorderEngine.start merges live stream audio even when no file transport is loaded (0.6231ms)
Test and build (windows-latest)	Test	2026-10-08T03:39:31.5473491Z ✔ RecorderEngine.start keeps active stream capture video-only when recording audio is disabled (0.3885ms)
Test and build (windows-latest)	Test	2026-10-08T03:39:31.5475517Z ✔ UI.getRecordingUiModel allows active stream sessions to start recording without a loaded file (0.3725ms)
Test and build (windows-latest)	Test	2026-10-08T03:39:31.9169211Z ✔ prepareWatchBuild creates clean build output directories (54.3211ms)
Test and build (windows-latest)	Test	2026-10-08T03:39:31.9170663Z ✔ Spectral Ring presentation has one Visualizers owner while shared colors live in Scene (1.0239ms)
Test and build (windows-latest)	Test	2026-10-08T03:39:31.9172091Z ✔ 115L exposes one Scene color owner and removes the active Bands shell (0.566ms)
Test and build (windows-latest)	Test	2026-10-08T03:39:31.9175843Z ✔ preset sanitation uses Scene color and Spectral Ring line limit owners (0.3623ms)
Test and build (windows-latest)	Test	2026-10-08T03:39:31.9179889Z ✔ Copy Share Link writes the canonical schema-10 hash and reports only in Settings (51.4844ms)
Test and build (windows-latest)	Test	2026-10-08T03:39:31.9182941Z ✔ Share clipboard fallback retains the URL and reports only in Settings (16.4496ms)
Test and build (windows-latest)	Test	2026-10-08T03:39:31.9188733Z ✔ Apply URL Preset uses canonical apply, conditional BandBank rebuild and Settings feedback (4.9241ms)
Test and build (windows-latest)	Test	2026-10-08T03:39:31.9191422Z ✔ missing and invalid URL presets report only in Settings and retain preferences (3.3802ms)
Test and build (windows-latest)	Test	2026-10-08T03:39:31.9193682Z ✔ Reset All Settings restores complete CONFIG defaults and reports only in Settings (3.6871ms)
Test and build (windows-latest)	Test	2026-10-08T03:39:31.9197982Z ✔ Scene control commits use Settings feedback while Bulk Orb commits use Visualizers feedback (5.0657ms)
Test and build (windows-latest)	Test	2026-10-08T03:39:31.9200380Z ✔ M.H Analysis edits report only through Analysis, including validation and band rebuild options (7.1148ms)
Test and build (windows-latest)	Test	2026-10-08T03:39:31.9202865Z ✔ M.H repeat, mute and volume use the existing Audio toast and restore source status after expiry (14.1578ms)
Test and build (windows-latest)	Test	2026-10-08T03:39:31.9205750Z ✔ M.H individual Orb and Spectral Ring edits emit only Visualizer feedback (5.9044ms)
Test and build (windows-latest)	Test	2026-10-08T03:39:31.9209936Z ✔ M.H generic preference application is status-neutral and internal synchronization stays silent (4.345ms)
Test and build (windows-latest)	Test	2026-10-08T03:39:31.9212067Z ✔ Settings toasts survive applyPrefs, replace prior timers, and restore the default lane (6.131ms)
Test and build (windows-latest)	Test	2026-10-08T03:39:31.9215217Z ✔ hashchange preset application also reports through Settings without an Orb toast (31.4084ms)
Test and build (windows-latest)	Test	2026-10-08T03:39:31.9220553Z ✔ Visualizers bulk motion.angularSpeedRadPerSec reports mixed and applies canonically to every Orb (13.7859ms)
Test and build (windows-latest)	Test	2026-10-08T03:39:31.9224219Z ✔ Visualizers bulk response.minRadiusFrac reports mixed and applies canonically to every Orb (1.9619ms)
Test and build (windows-latest)	Test	2026-10-08T03:39:31.9227062Z ✔ Visualizers bulk response.maxRadiusFrac reports mixed and applies canonically to every Orb (3.2709ms)
Test and build (windows-latest)	Test	2026-10-08T03:39:31.9231324Z ✔ Visualizers bulk response.waveformRadialDisplaceFrac reports mixed and applies canonically to every Orb (3.0945ms)
Test and build (windows-latest)	Test	2026-10-08T03:39:31.9234045Z ✔ Visualizers bulk trace.lines reports mixed and applies canonically to every Orb (3.0541ms)
Test and build (windows-latest)	Test	2026-10-08T03:39:31.9235686Z ✔ Visualizers bulk trace.numLines reports mixed and applies canonically to every Orb (2.5449ms)
Test and build (windows-latest)	Test	2026-10-08T03:39:31.9238426Z ✔ Visualizers bulk trace.lineColorMode reports mixed and applies canonically to every Orb (2.6485ms)
Test and build (windows-latest)	Test	2026-10-08T03:39:31.9242959Z ✔ Visualizers bulk particles.emitPerSecond reports mixed and applies canonically to every Orb (1.9457ms)
Test and build (windows-latest)	Test	2026-10-08T03:39:31.9245655Z ✔ Visualizers bulk particles.sizeMaxPx reports mixed and applies canonically to every Orb (1.9588ms)
Test and build (windows-latest)	Test	2026-10-08T03:39:31.9247909Z ✔ Visualizers bulk particles.sizeMinPx reports mixed and applies canonically to every Orb (2.2763ms)
Test and build (windows-latest)	Test	2026-10-08T03:39:31.9250769Z ✔ Visualizers bulk particles.sizeToMinSec reports mixed and applies canonically to every Orb (2.5597ms)
Test and build (windows-latest)	Test	2026-10-08T03:39:31.9254685Z ✔ Visualizers bulk particles.ttlSec reports mixed and applies canonically to every Orb (38.8078ms)
Test and build (windows-latest)	Test	2026-10-08T03:39:31.9257056Z ✔ Ring and persistent-ID Orb Edit open existing editors inside Visualizers (27.5669ms)
Test and build (windows-latest)	Test	2026-10-08T03:39:31.9260969Z ✔ collection actions create and remove local editors and recover focus through zero Orbs (19.6855ms)
Test and build (windows-latest)	Test	2026-10-08T03:39:31.9262540Z ✔ M.C relocated Orb roots, disclosure, picker, focus and scroll survive normal commits (21.8345ms)
Test and build (windows-latest)	Test	2026-10-08T03:39:31.9269226Z ✔ Visualizers tooltip discovery includes Ring, bulk and newly added Orb controls exactly once (16.5406ms)
Test and build (windows-latest)	Test	2026-10-08T03:39:31.9275307Z ✔ Visualizers focus round-trip and H/View restore the same layout with local editors (3.5967ms)
Test and build (windows-latest)	Test	2026-10-08T03:39:31.9281647Z ✔ RC-13: queue removal retains neighboring action focus and empty queue restores Hide (3.5527ms)
Test and build (windows-latest)	Test	2026-10-08T03:39:31.9289488Z ✔ RC-13: queue activation/refresh preserves row focus and never steals outside focus (3.8897ms)
Test and build (windows-latest)	Test	2026-10-08T03:39:31.9292086Z ✔ RC-12: picker admits empty MIME to canonical activation (2.6762ms)
Test and build (windows-latest)	Test	2026-10-08T03:39:31.9295169Z ✔ RC-12: picker admits application/ogg to canonical activation (2.1337ms)
Test and build (windows-latest)	Test	2026-10-08T03:39:31.9297958Z ✔ RC-12: picker admits application/octet-stream to canonical activation (1.6773ms)
Test and build (windows-latest)	Test	2026-10-08T03:39:31.9300495Z ✔ RC-12: picker admits video/mp4 to canonical activation (1.5719ms)
Test and build (windows-latest)	Test	2026-10-08T03:39:31.9302201Z ✔ RC-12: picker admits audio/wav to canonical activation (1.833ms)
Test and build (windows-latest)	Test	2026-10-08T03:39:31.9304612Z ✔ RC-12: picker decoder failure remains truthful for admitted metadata (2.0045ms)
Test and build (windows-latest)	Test	2026-10-08T03:39:31.9306859Z ✔ RC-12: drop admits empty MIME to canonical activation (1.7418ms)
Test and build (windows-latest)	Test	2026-10-08T03:39:31.9312215Z ✔ RC-12: drop admits application/ogg to canonical activation (1.6091ms)
Test and build (windows-latest)	Test	2026-10-08T03:39:31.9314676Z ✔ RC-12: drop admits application/octet-stream to canonical activation (2.5946ms)
Test and build (windows-latest)	Test	2026-10-08T03:39:31.9316669Z ✔ RC-12: drop admits video/mp4 to canonical activation (1.8946ms)
Test and build (windows-latest)	Test	2026-10-08T03:39:31.9319275Z ✔ RC-12: drop admits audio/wav to canonical activation (1.8301ms)
Test and build (windows-latest)	Test	2026-10-08T03:39:31.9321564Z ✔ RC-12: drop decoder failure remains truthful for admitted metadata (2.2159ms)
Test and build (windows-latest)	Test	2026-10-08T03:39:31.9324381Z ✔ RC-02: clear during delayed context resume leaves an empty workflow (1.9963ms)
Test and build (windows-latest)	Test	2026-10-08T03:39:31.9341165Z ✔ RC-02: final-remove during delayed context resume leaves an empty workflow (1.4161ms)
Test and build (windows-latest)	Test	2026-10-08T03:39:31.9346503Z ✔ RC-02: Clear during delayed load-time play resolve ignores stale commits and callbacks (3.0907ms)
Test and build (windows-latest)	Test	2026-10-08T03:39:31.9350669Z ✔ RC-02: Clear during delayed load-time play reject ignores stale commits and callbacks (2.1764ms)
Test and build (windows-latest)	Test	2026-10-08T03:39:31.9352117Z ✔ RC-02: two-file picker batch cannot repopulate after Clear (2.0084ms)
Test and build (windows-latest)	Test	2026-10-08T03:39:31.9353354Z ✔ RC-02: two-file drop batch cannot repopulate after Clear (1.8629ms)
Test and build (windows-latest)	Test	2026-10-08T03:39:31.9354607Z ✔ RC-02: ordinary single file still loads, plays, and notifies recording (2.806ms)
Test and build (windows-latest)	Test	2026-10-08T03:39:31.9359908Z ✔ RC-02: ordinary A/B/C picker batch preserves order and first activation (2.003ms)
Test and build (windows-latest)	Test	2026-10-08T03:39:31.9361420Z ✔ RC-02: picker B/C appends once without replacing active A (1.7151ms)
Test and build (windows-latest)	Test	2026-10-08T03:39:31.9364707Z ✔ RC-02: ordinary A/B/C drop batch preserves order and first activation (1.766ms)
Test and build (windows-latest)	Test	2026-10-08T03:39:31.9366087Z ✔ RC-02: drop B/C appends once without replacing active A (1.5162ms)
Test and build (windows-latest)	Test	2026-10-08T03:39:31.9367890Z ✔ RC-02: a new user action can load normally after cancellation (2.2223ms)
Test and build (windows-latest)	Test	2026-10-08T03:39:31.9368627Z ✔ Ring commits retain the singleton editor and truthful inventory visibility (2.3389ms)
Test and build (windows-latest)	Test	2026-10-08T03:39:31.9543425Z ✔ RC-05: next track defers during finalization and loads/plays exactly once after completion (32.9717ms)
Test and build (windows-latest)	Test	2026-10-08T03:39:31.9577088Z ✔ RC-05: Repeat One defers during finalization and loads/plays exactly once after completion (8.8722ms)
Test and build (windows-latest)	Test	2026-10-08T03:39:31.9647518Z ✔ RC-05: Repeat All defers during finalization and loads/plays exactly once after completion (3.0204ms)
Test and build (windows-latest)	Test	2026-10-08T03:39:31.9649951Z ✔ RC-05: no-next/repeat-off clears pending ownership before reentrant and repeated refresh (2.673ms)
Test and build (windows-latest)	Test	2026-10-08T03:39:31.9684402Z ✔ RC-05: export failure still releases EOF without overwriting recording error (3.7513ms)
Test and build (windows-latest)	Test	2026-10-08T03:39:31.9709899Z ✔ RC-05: stale pending EOF is discarded after queue-file (3.9631ms)
Test and build (windows-latest)	Test	2026-10-08T03:39:31.9729930Z ✔ RC-05: stale pending EOF is discarded after media-element (2.3157ms)
Test and build (windows-latest)	Test	2026-10-08T03:39:31.9752492Z ✔ RC-05: stale pending EOF is discarded after live-workflow (2.0885ms)
Test and build (windows-latest)	Test	2026-10-08T03:39:31.9774026Z ✔ RC-05: stale pending EOF is discarded after teardown (2.0928ms)
Test and build (windows-latest)	Test	2026-10-08T03:39:31.9797815Z ✔ RC-05: stale pending EOF is discarded after clear (1.9346ms)
Test and build (windows-latest)	Test	2026-10-08T03:39:31.9837416Z ✔ RC-05: stale pending EOF is discarded after replacement (2.4013ms)
Test and build (windows-latest)	Test	2026-10-08T03:39:31.9875197Z ✔ RC-05: repeat one is captured at EOF despite later preference none (3.8487ms)
Test and build (windows-latest)	Test	2026-10-08T03:39:31.9914202Z ✔ RC-05: repeat none is captured at EOF despite later preference one (3.3493ms)
Test and build (windows-latest)	Test	2026-10-08T03:39:31.9940188Z ✔ RC-05: repeat all is captured at EOF despite later preference none (3.4321ms)
Test and build (windows-latest)	Test	2026-10-08T03:39:31.9961375Z ✔ RC-05: ordinary EOF in idle advances immediately through normal File ownership (3.1386ms)
Test and build (windows-latest)	Test	2026-10-08T03:39:31.9983352Z ✔ RC-05: ordinary EOF in recording advances immediately through normal File ownership (2.1622ms)
Test and build (windows-latest)	Test	2026-10-08T03:39:32.0012775Z ✔ RC-05: ordinary EOF in complete advances immediately through normal File ownership (2.1057ms)
Test and build (windows-latest)	Test	2026-10-08T03:39:32.0085416Z ✔ RC-05: ordinary EOF in error advances immediately through normal File ownership (2.8022ms)
Test and build (windows-latest)	Test	2026-10-08T03:39:32.0088407Z ✔ RC-15 phase 3: tooltip discovery indexes labels once while preserving associations and listener identity (6.6223ms)
Test and build (windows-latest)	Test	2026-10-08T03:39:32.0317311Z ✔ RC-04: Clear during delayed Play resolve leaves the workflow idle without commits (16.5932ms)
Test and build (windows-latest)	Test	2026-10-08T03:39:32.0318510Z ✔ RC-04: Clear during delayed Play reject leaves the workflow idle without commits (5.6669ms)
Test and build (windows-latest)	Test	2026-10-08T03:39:32.0319587Z ✔ RC-04: Clear during delayed resume never invokes old Play (12.3439ms)
Test and build (windows-latest)	Test	2026-10-08T03:39:32.0320221Z ✔ RC-04: replacement (paused) during resume retains ownership (5.3768ms)
Test and build (windows-latest)	Test	2026-10-08T03:39:32.0321289Z ✔ RC-04: replacement (paused) during Play resolve retains ownership (8.5396ms)
Test and build (windows-latest)	Test	2026-10-08T03:39:32.0321958Z ✔ RC-04: replacement (paused) during Play reject retains ownership (9.0784ms)
Test and build (windows-latest)	Test	2026-10-08T03:39:32.0322616Z ✔ RC-04: replacement (playing) during resume retains ownership (4.642ms)
Test and build (windows-latest)	Test	2026-10-08T03:39:32.0323296Z ✔ RC-04: replacement (playing) during Play resolve retains ownership (4.7634ms)
Test and build (windows-latest)	Test	2026-10-08T03:39:32.0323985Z ✔ RC-04: replacement (playing) during Play reject retains ownership (4.4638ms)
Test and build (windows-latest)	Test	2026-10-08T03:39:32.0324668Z ✔ RC-04: ordinary Play succeeds and clears the current playback error (4.0471ms)
Test and build (windows-latest)	Test	2026-10-08T03:39:32.0325482Z ✔ RC-04: ordinary Pause is synchronous and reflects the current element (5.0239ms)
Test and build (windows-latest)	Test	2026-10-08T03:39:32.0326514Z ✔ RC-04: current Play rejection retains truthful playback failure (3.7664ms)
Test and build (windows-latest)	Test	2026-10-08T03:39:32.0327127Z ✔ RC-04: Play with no loaded element is a quiet no-op (4.5415ms)
Test and build (windows-latest)	Test	2026-10-08T03:39:32.0327930Z ✔ live URL preset preserves the old runtime band definition until the canonical apply rebuilds BandBank (8.4411ms)
Test and build (windows-latest)	Test	2026-10-08T03:39:32.0328789Z ✔ live URL preset with an unchanged band definition avoids a BandBank rebuild (1.3427ms)
Test and build (windows-latest)	Test	2026-10-08T03:39:32.0329667Z ✔ current visualizers have stable identities and deterministic overlay-before-orb composition (4.2121ms)
Test and build (windows-latest)	Test	2026-10-08T03:39:32.0330613Z ✔ Orb adapter consumes AnalysisFrame routing and preserves pause and selected-band semantics (0.8354ms)
Test and build (windows-latest)	Test	2026-10-08T03:39:32.0331496Z ✔ selected Orb analysis routes L/R/C spectra and preserves first-band tie semantics (0.566ms)
Test and build (windows-latest)	Test	2026-10-08T03:39:32.0332271Z ✔ ColorPolicy scopes only inherited dominant color to a selected target (0.8328ms)
Test and build (windows-latest)	Test	2026-10-08T03:39:32.0333340Z ✔ Orb visualizer passes selected dominant context through Orb.step into inherited particle color (3.7532ms)
Test and build (windows-latest)	Test	2026-10-08T03:39:32.0334194Z ✔ Spectral Ring updates while simulation is paused and preserves free and orb phase modes (1.2319ms)
Test and build (windows-latest)	Test	2026-10-08T03:39:32.0334947Z ✔ Spectral Ring enablement controls render without introducing separate state (0.5164ms)
Test and build (windows-latest)	Test	2026-10-08T03:39:32.0335642Z ✔ visuals and track resets retain their distinct phase and trail contracts (0.8622ms)
Test and build (windows-latest)	Test	2026-10-08T03:39:32.0336523Z ✔ rebuild disposes old participants exactly once and wraps only current Orb objects (0.9175ms)
Test and build (windows-latest)	Test	2026-10-08T03:39:32.0337325Z ✔ reconcile retains surviving adapters, disposes removals once, and reorders by Orb order (1.6924ms)
Test and build (windows-latest)	Test	2026-10-08T03:39:32.0338405Z ✔ zero-Orb orb-locked Spectral Ring remains stable and resets safely (0.2896ms)
Test and build (windows-latest)	Test	2026-10-08T03:39:32.0339212Z ✔ inventory follows runtime order across Spectral Ring and zero/one/two/N Orbs (5.2164ms)
Test and build (windows-latest)	Test	2026-10-08T03:39:32.0339965Z ✔ inventory reports lifecycle visibility, Orb targets, and unknown types truthfully (1.7679ms)
Test and build (windows-latest)	Test	2026-10-08T03:39:32.0354020Z ✔ panel refresh is reference-guarded, responds to replacement, and keeps Add Orb available at zero (2.1971ms)
Test and build (windows-latest)	Test	2026-10-08T03:39:32.0355401Z ✔ panel initialization is idempotent and Add Orb wires once (1.0668ms)
Test and build (windows-latest)	Test	2026-10-08T03:39:32.0356446Z ✔ Orb management uses stable IDs, confirmation, and excludes non-Orb rows (1.1494ms)
Test and build (windows-latest)	Test	2026-10-08T03:39:32.0357711Z ✔ RC-15 phase 3: refused Add/Duplicate at admission ceiling preserve focused DOM and collection (122.1804ms)
Test and build (windows-latest)	Test	2026-10-08T03:39:32.0359223Z ✔ RC-13: Queue Hide preserves visible focus ownership — Audio visible (12.084ms)
Test and build (windows-latest)	Test	2026-10-08T03:39:32.0360282Z ✔ RC-13: Queue Hide preserves visible focus ownership — Audio hidden (0.6915ms)
Test and build (windows-latest)	Test	2026-10-08T03:39:32.0361458Z ✔ RC-13: Queue Hide preserves visible focus ownership — Audio hidden with collapsed launcher (0.339ms)
Test and build (windows-latest)	Test	2026-10-08T03:39:32.0362260Z ✔ RC-13: Queue Hide preserves visible focus ownership — Audio hidden attribute (1.3412ms)
Test and build (windows-latest)	Test	2026-10-08T03:39:32.0363047Z ✔ RC-13: Queue Hide preserves visible focus ownership — Audio visible without Queue toggle (0.314ms)
Test and build (windows-latest)	Test	2026-10-08T03:39:32.0363749Z ✔ RC-13: Queue Hide preserves visible focus ownership — outside focus (0.2582ms)
Test and build (windows-latest)	Test	2026-10-08T03:39:32.0364436Z ✔ RC-13: visible focus owns panel stacking and Queue Hide restores the real toggle (0.9722ms)
Test and build (windows-latest)	Test	2026-10-08T03:39:32.0365885Z ✔ workspace owns deterministic visibility, restore, focus, record, collapse, and idempotent wiring (2.7802ms)
Test and build (windows-latest)	Test	2026-10-08T03:39:32.0367246Z ✔ Record restore remains eligible only while hooks are enabled (0.9474ms)
Test and build (windows-latest)	Test	2026-10-08T03:39:32.0367681Z ℹ tests 440
Test and build (windows-latest)	Test	2026-10-08T03:39:32.0367877Z ℹ suites 0
Test and build (windows-latest)	Test	2026-10-08T03:39:32.0368060Z ℹ pass 439
Test and build (windows-latest)	Test	2026-10-08T03:39:32.0368242Z ℹ fail 1
Test and build (windows-latest)	Test	2026-10-08T03:39:32.0368432Z ℹ cancelled 0
Test and build (windows-latest)	Test	2026-10-08T03:39:32.0368632Z ℹ skipped 0
Test and build (windows-latest)	Test	2026-10-08T03:39:32.0368808Z ℹ todo 0
Test and build (windows-latest)	Test	2026-10-08T03:39:32.0369014Z ℹ duration_ms 2963.133
Test and build (windows-latest)	Test	2026-10-08T03:39:32.0369160Z
Test and build (windows-latest)	Test	2026-10-08T03:39:32.0369278Z ✖ failing tests:
Test and build (windows-latest)	Test	2026-10-08T03:39:32.0369394Z
Test and build (windows-latest)	Test	2026-10-08T03:39:32.0369545Z test at tests\rc15-phase1.test.js:105:1
Test and build (windows-latest)	Test	2026-10-08T03:39:32.0370275Z ✖ RC-15 phase 1: production animation boundary discards stall time with no later catch-up and keeps real clocks (4.1248ms)
Test and build (windows-latest)	Test	2026-10-08T03:39:32.0370825Z   evalmachine.<anonymous>:1
Test and build (windows-latest)	Test	2026-10-08T03:39:32.0371139Z   import { simulationDeltaSec } from "./core/timing.js";
Test and build (windows-latest)	Test	2026-10-08T03:39:32.0371441Z   ^^^^^^
Test and build (windows-latest)	Test	2026-10-08T03:39:32.0371591Z
Test and build (windows-latest)	Test	2026-10-08T03:39:32.0371850Z   SyntaxError: Cannot use import statement outside a module
Test and build (windows-latest)	Test	2026-10-08T03:39:32.0372196Z       at new Script (node:vm:117:7)
Test and build (windows-latest)	Test	2026-10-08T03:39:32.0372467Z       at createScript (node:vm:269:10)
Test and build (windows-latest)	Test	2026-10-08T03:39:32.0372757Z       at Object.runInContext (node:vm:300:10)
Test and build (windows-latest)	Test	2026-10-08T03:39:32.0373279Z       at TestContext.<anonymous> (file:///D:/a/Auralprint1/Auralprint1/tests/rc15-phase1.test.js:121:6)
Test and build (windows-latest)	Test	2026-10-08T03:39:32.0373819Z       at Test.runInAsyncScope (node:async_hooks:227:14)
Test and build (windows-latest)	Test	2026-10-08T03:39:32.0374385Z       at Test.run (node:internal/test_runner/test:1402:25)
Test and build (windows-latest)	Test	2026-10-08T03:39:32.0374835Z       at Test.processPendingSubtests (node:internal/test_runner/test:974:18)
Test and build (windows-latest)	Test	2026-10-08T03:39:32.0375296Z       at Test.postRun (node:internal/test_runner/test:1542:19)
Test and build (windows-latest)	Test	2026-10-08T03:39:32.0375678Z       at Test.run (node:internal/test_runner/test:1467:12)
Test and build (windows-latest)	Test	2026-10-08T03:39:32.0376140Z       at async Test.processPendingSubtests (node:internal/test_runner/test:974:7)
Test and build (windows-latest)	Test	2026-10-08T03:39:32.1155913Z ##[error]Process completed with exit code 1.
