✔ generated IDs retain ordinary and sparse max-suffix allocation (3.356044ms)
✔ opaque string identities remain unchanged and allow Add and Duplicate (1.699619ms)
✔ collection identity repair reserves later explicit identities (0.304118ms)
✔ Orb collection normalization allows zero/one/N, preserves order, and repairs IDs deterministically (0.934557ms)
✔ collection create, duplicate, find, and remove preserve stable identity and deep ownership (0.376236ms)
✔ ID-aware Orb reconciliation preserves survivors and freshens additions across zero/one/N (1.717155ms)
✔ runtime collection APIs mutate preferences and reconcile Orbs and adapters by stable ID (1.257053ms)
✔ designed phase sync does not teleport live phase until Reset Visuals (0.552291ms)
✔ ten differently targeted Orbs reset and advance in same-phase groups (1.267829ms)
✔ dynamic editor supports zero, one, and N Orbs and disables bulk at zero (11.103959ms)
✔ editor reconciliation retains roots by ID, reorders nodes, and replaces only structural changes (2.585513ms)
✔ generated controls commit by persistent ID after reorder and focusOrb is ID based (1.938709ms)
✔ bulk helper keeps mixed and zero semantics (0.134122ms)
✔ RC-11: mixed Bulk select represents no concrete value and applies every concrete choice once (6.751621ms)
✔ refresh synchronizes invalidated content without moving stable roots or disturbing focus (5.570623ms)
✔ programmatic select synchronization keeps generated readouts aligned with selected options (1.397364ms)
✔ every schema-10 Orb setting has a generated writable control (1.116721ms)
✔ phase is presented accessibly in degrees and commits radians by stable ID (2.730291ms)
✔ nested controls remain independent and canonical normalization refreshes their values (4.176509ms)
✔ ten arbitrary-ID Orb cards retain independent phase and nested values (3.193348ms)
✔ RC-15 phase 1: individual editor has no overlap controls and stale Bulk controls have no listener (1.655783ms)
▶ RC-01: timeout-protected allocation/import gate and direct huge-ID regressions
  ✔ exact allocation after ORB9007199254740990 (0.284578ms)
  ✔ exact allocation after ORB9007199254740991 (0.328715ms)
  ✔ exact allocation after ORB9007199254740992 (0.109906ms)
  ✔ exact allocation after ORB9007199254740993 (0.073009ms)
  ✔ exact allocation after ORB9999999999999999999999999999999999999999 (0.188313ms)
  ✔ exact allocation after a 400-digit suffix (0.11933ms)
  ✔ duplicate huge identities repair deterministically without changing order or stealing explicit IDs (0.542667ms)
  ✔ audited schema-10 payload decodes, sanitizes and re-encodes with string identities (0.95659ms)
  ✔ Add after a single huge-ID import preserves the source and creates a distinct ID (0.291239ms)
  ✔ Duplicate after a single huge-ID import preserves the source and creates a distinct ID (0.151859ms)
  ✔ real URL decode/sanitize/apply accepts huge IDs and supports runtime Add and Duplicate (2.591822ms)
✔ RC-01: timeout-protected allocation/import gate and direct huge-ID regressions (49.85387ms)
✔ RC-09: URL import reserves later explicit identity before missing-ID fallback and sharing (0.409706ms)
✔ RC-09: collection owns missing/duplicate repair while valid opaque identities retain configuration (3.20808ms)
✔ Schema 9 — Scene-node historical format recovers the actual emitted loss case (0.765843ms)
✔ schema constants preserve 10 and every supported legacy integer 2–9 (0.115614ms)
✔ field inventory recursively covers every CONFIG default with distinguishable legal fixture values (0.641345ms)
✔ complete non-default schema-10 fixture round-trips every field through URL and canonical replacement (0.904993ms)
✔ pure codec round-trips the same complete fixture without browser globals or preference mutation (0.412381ms)
✔ CONFIG.defaults round-trips semantically and remains immutable (0.954747ms)
✔ zero Orbs round-trip without fabricating defaults (0.349326ms)
✔ schema-10 URL import preserves opaque identities including the Ring type name (0.724661ms)
✔ duplicate Orb IDs retain canonical collection repair and array order (0.497559ms)
✔ unknown fields at every nesting level are stripped on both encode and decode (1.383123ms)
✔ runtime/session mutations and injected preference runtime fields never enter encoded payloads (1.037112ms)
✔ malformed values preserve existing clamps, defaults, enum rejection and dependent rules (0.624881ms)
✔ nonfinite numbers and wrong nested types default without creating new sanitation semantics (0.982129ms)
✔ URL application replaces preferences only and leaves runtime derivation caller-owned (0.393592ms)
✔ codec distinguishes malformed and unsupported payloads while URL failures return false atomically (0.698622ms)
✔ URL sanitation exceptions return false without replacing canonical preferences (0.368215ms)
✔ URL hash stays unpadded base64url UTF-8 JSON and preserves pathname/search (0.611921ms)
✔ schema-10 field survives independently: audio.fftSize (0.592012ms)
✔ schema-10 field survives independently: audio.muted (0.400122ms)
✔ schema-10 field survives independently: audio.repeatMode (0.422446ms)
✔ schema-10 field survives independently: audio.rmsGain (0.482126ms)
✔ schema-10 field survives independently: audio.smoothingTimeConstant (0.39195ms)
✔ schema-10 field survives independently: audio.volume (0.348174ms)
✔ schema-10 field survives independently: bands.ceilingHz (0.342415ms)
✔ schema-10 field survives independently: bands.count (0.349816ms)
✔ schema-10 field survives independently: bands.distributionMode (0.375505ms)
✔ schema-10 field survives independently: bands.floorHz (0.381023ms)
✔ schema-10 field survives independently: bands.overlay.alpha (0.383909ms)
✔ schema-10 field survives independently: bands.overlay.connectAdjacent (0.369436ms)
✔ schema-10 field survives independently: bands.overlay.enabled (0.326472ms)
✔ schema-10 field survives independently: bands.overlay.lineAlpha (0.349757ms)
✔ schema-10 field survives independently: bands.overlay.lineWidthPx (1.134233ms)
✔ schema-10 field survives independently: bands.overlay.maxRadiusFrac (0.602938ms)
✔ schema-10 field survives independently: bands.overlay.minRadiusFrac (0.837791ms)
✔ schema-10 field survives independently: bands.overlay.phaseMode (0.527083ms)
✔ schema-10 field survives independently: bands.overlay.pointSizePx (0.41153ms)
✔ schema-10 field survives independently: bands.overlay.ringSpeedRadPerSec (0.487284ms)
✔ schema-10 field survives independently: bands.overlay.waveformRadialDisplaceFrac (0.399201ms)
✔ schema-10 field survives independently: bands.particleColorSource (0.33211ms)
✔ schema-10 field survives independently: bands.rainbow.hueOffsetDeg (0.330588ms)
✔ schema-10 field survives independently: bands.rainbow.saturation (0.449817ms)
✔ schema-10 field survives independently: bands.rainbow.value (0.559513ms)
✔ schema-10 field survives independently: timing.maxDeltaTimeSec (0.563959ms)
✔ schema-10 field survives independently: visuals.backgroundColor (0.580584ms)
✔ schema-10 field survives independently: visuals.particleColor (0.573954ms)
✔ Schema 2 — documented legacy input migrates meaningful configuration and re-encodes as canonical schema 10 (1.060056ms)
✔ Schema 3 — documented legacy input migrates meaningful configuration and re-encodes as canonical schema 10 (0.622587ms)
✔ Schema 4 — documented legacy input migrates meaningful configuration and re-encodes as canonical schema 10 (3.643056ms)
✔ Schema 5 — documented legacy input migrates meaningful configuration and re-encodes as canonical schema 10 (0.987547ms)
✔ Schema 6 — documented legacy input migrates meaningful configuration and re-encodes as canonical schema 10 (0.973065ms)
✔ Schema 7 — documented legacy input migrates meaningful configuration and re-encodes as canonical schema 10 (0.779673ms)
✔ Schema 8 — documented legacy input migrates meaningful configuration and re-encodes as canonical schema 10 (0.602838ms)
✔ Schema 9 — later top-level format migrates meaningful configuration and re-encodes as canonical schema 10 (0.686714ms)
✔ schema-9 hybrids give whole top-level Orb/Ring settings precedence, including explicit emptiness (1.024763ms)
✔ schema-9 Scene recovery fills only absent top-level groups and honors Ring node.enabled (0.448295ms)
✔ schema-9 Scene layout/visibility and node-relative placement are intentionally discarded (0.385089ms)
✔ schema-9 Scene recovery handles empty Orbs and malformed/unknown nodes safely (0.302415ms)
✔ every schema <=9 with Orbs copies global behavior into independent nested ownership (1.116671ms)
✔ bandNames migration validates unique indices and canonical bandIds take precedence (0.184989ms)
✔ legacy logSpacing boolean migrates only when canonical distribution is absent (0.264668ms)
✔ legacy audio.loop migrates with valid canonical repeatMode precedence (0.396737ms)
✔ schema-10 output strips all legacy aliases, global behavior and historical Scene state (3.781293ms)
✔ encoding polluted current preferences strips legacy-only paths without overriding canonical values (0.275505ms)
✔ partial presets replace live preferences with canonical defaults for omitted settings (0.443087ms)
✔ RC-15 phase 1: emitted particles at identical and nearby coordinates coexist until real-time TTL (0.706053ms)
✔ RC-15 phase 1: trail reset clears retained particles and fractional emission state (0.133581ms)
✔ RC-15 phase 1: development schema-10 overlap input decodes, strips, and preserves all remaining fields (0.759804ms)
✔ RC-15 phase 1: timing ceiling is frozen CONFIG authority across codec and preference resolution (1.942444ms)
✔ RC-15 phase 1: effective simulation delta rejects invalid elapsed time and independently caps manipulated settings (0.238148ms)
✔ RC-15 phase 1: production animation boundary discards stall time with no later catch-up and keeps real clocks (2.457791ms)
✔ RC-15 phase 1: per-Orb burst guard is independent of imported timing and bounded by CONFIG rate limits (0.608125ms)
✔ RC-15 phase 2: CONFIG budgets are independent, frozen, and absent from presets (0.829058ms)
✔ RC-15 phase 2: exact aggregate frame limit with 0 accepted Orbs (0.868718ms)
✔ RC-15 phase 2: exact aggregate frame limit with 1 accepted Orbs (0.709167ms)
✔ RC-15 phase 2: exact aggregate frame limit with 2 accepted Orbs (0.858462ms)
✔ RC-15 phase 2: exact aggregate frame limit with 256 accepted Orbs (14.826809ms)
✔ RC-15 phase 2: exact aggregate frame limit with 4096 accepted Orbs (123.989341ms)
✔ RC-15 phase 2: normal 60/120 Hz scenes preserve exact fractional frequency, positions and color (30.887046ms)
✔ RC-15 phase 2: high, nonfinite and corrupt demand cannot create debt or unbounded loops (16.169005ms)
✔ RC-15 phase 2: one-particle quanta and persistent service priority prevent later-Orb starvation with a tiny budget (0.794827ms)
✔ RC-15 phase 2: fairness skips zero demand, serves unequal rates, wraps and survives reorder/removal/add (0.814707ms)
✔ RC-15 phase 2: denied whole demand is discarded while fractional remainder stays smooth (1.113436ms)
✔ RC-15 phase 2: pause, stall resume and zero delta do not create a compensating burst or disturb Ring phase (6.368168ms)
✔ RC-15 phase 2: exact retention boundaries and same-timestamp oldest ordering retire before insertion (0.719864ms)
✔ RC-15 phase 2: oldest means birth timestamp across trails, with independent TTL expiry and replacement (1.298254ms)
✔ RC-15 phase 2: actual 16,384-particle cap holds during sustained aggregate overload (20.676483ms)
✔ RC-15 phase 2: retired particles disappear from actual particle drawing and chronological trace suffix (1.079936ms)
✔ RC-15 phase 2: lifecycle removal/reset/disposal releases heap nodes, cursor and scene ownership (0.656529ms)
✔ RC-15 phase 2: canonical Add/Duplicate/Remove, track reset and repeated preset replacement account exactly (1.538216ms)
✔ RC-15 phase 2: admission itself enforces the shared frame ceiling across direct trail emission paths (0.294864ms)
✔ RC-15 phase 2: heap retirement agrees with an independent oldest model through churn (10.049943ms)
✔ RC-15 phase 2: full adapter rebuild preserves surviving Orb history and clears replaced owners (0.3454ms)
✔ RC-15 phase 2: periodic low-rate demand cannot starve through cursor/clock alignment (0.492942ms)
✔ RC-15 phase 3: immutable admission policy accepts zero and exactly 4096; rejects 4097 before element access (25.629064ms)
✔ RC-15 phase 3: admission rejection includes both schema-9 forms, respecting top-level precedence (1.025384ms)
✔ RC-15 phase 3: oversized import/replacement/resolution preserves prior preferences and runtime references (1.537975ms)
✔ RC-15 phase 3: Add/Duplicate refuse at cap before reading identities; no persistent or runtime change (62.738734ms)
✔ RC-15 phase 3: duplicate-heavy repair is linear in identity reads and preserves late IDs/huge suffixes (55.983903ms)
✔ RC-15 phase 3: runtime admission fails before disposal, construction, synchronization or history loss (1.286567ms)
✔ RC-15 phase 3: normal rendering preserves coordinates, size/age/fade, chronological suffix and trace colors without arrays (0.999916ms)
✔ RC-15 phase 3: aggregate arcs/trace traversal bounded with 0 Orbs at maximum traces (2.548767ms)
✔ RC-15 phase 3: aggregate arcs/trace traversal bounded with 2 Orbs at maximum traces (29.404864ms)
✔ RC-15 phase 3: aggregate arcs/trace traversal bounded with 64 Orbs at maximum traces (24.611933ms)
✔ RC-15 phase 3: aggregate arcs/trace traversal bounded with 256 Orbs at maximum traces (24.742424ms)
✔ RC-15 phase 3: aggregate arcs/trace traversal bounded with 1024 Orbs at maximum traces (31.3552ms)
✔ RC-15 phase 3: aggregate arcs/trace traversal bounded with 4096 Orbs at maximum traces (54.4206ms)
✔ RC-15 phase 3: zero-particle ceiling scene still updates all Orbs and current Ring phase with finite work (30.204398ms)
✔ RC-15 phase 3: saturated churn/reorder/reset/replacement leaves no stale heap, trail or allocation ownership (76.920206ms)
✔ RC-15 phase 3: governed preset round-trip keeps schema 10 and omits live state/obsolete overlap (0.674456ms)
✔ RC-15 phase 3: replaceable Orb lifecycle adapters share governance without depending on extra adapter metadata (2.667506ms)
✔ RC-10: rendered Orb lock uses current-frame first Orb after variable deltas and reconciliation (0.739684ms)
✔ development version metadata and schema remain aligned (0.442106ms)
✔ per-Orb commits use one canonical runtime sync and Orb editor refresh authority (0.561896ms)
✔ normalizeOrbDef preserves fallback routing when chanId and bandIds are omitted (0.210608ms)
✔ normalizeOrbDef still honors explicit incoming routing and band selections (0.108904ms)
✔ normalizeOrbDef clamps hue and sanitizes Build 115 orb fields (0.118388ms)
✔ normalizeOrbDef defaults missing v8 orb fields to Build 115 values (0.144658ms)
✔ URL preset schema 9 round-trips per-orb Build 115 fields (0.56443ms)
✔ UI refreshAllUiText renders generated per-Orb editor cards (12.427332ms)
✔ UI refreshAllUiText represents the current VisualizerRuntime composition (3.345377ms)
✔ URL preset schema 8 orb payloads migrate to Build 115 defaults (0.535767ms)
✔ buildWaveformPeaks keeps mono peak behavior unchanged (0.214313ms)
✔ buildWaveformPeaks includes non-silent right-channel data (0.117938ms)
✔ scrubber touchmove does not cancel window scrolling outside an active drag (0.234804ms)
✔ scrubber active touch drag still prevents default and seeks (0.231688ms)
✔ Scrubber.draw keeps the Build 113 idle file copy when no source is active (0.387854ms)
✔ Scrubber.draw uses honest microphone copy instead of fake track text (0.206461ms)
✔ Scrubber.draw uses honest stream copy instead of fake track text (0.263497ms)
✔ AudioEngine.loadFile does not tear down the freshly created media element during attach (4.018431ms)
✔ AudioEngine.loadFile clears loaded state and reports late file errors after a paused load succeeds (0.397128ms)
✔ deferred file playback errors clear the active file session and block recording restart (1.645628ms)
✔ AudioEngine.getRecorderTap reuses active live-stream audio without local playback or lifecycle ownership (0.315996ms)
✔ readSourceUiModel keeps microphone mode honest about file-only affordances (0.234392ms)
✔ readSourceUiModel keeps stream mode honest about live-source affordances (0.168173ms)
✔ Stream status exposes 2ch, mono, and multichannel capture separately from analysed content (0.229396ms)
✔ Stream status retains the existing format when capture channel count is unknown (0.214173ms)
✔ inactive Stream and Mic status never expose stale Stream capture metadata (0.132058ms)
✔ readSourceUiModel treats File as the idle workflow side without implying an active file source (0.108984ms)
✔ readSourceUiModel surfaces retained live-input errors after returning to file-workflow idle (0.081983ms)
✔ URL preset serialization excludes runtime source and recording state (0.424238ms)
✔ URL preset round-trips persisted config fields that were previously dropped on decode (0.484359ms)
✔ UI clears retained live-input errors on explicit file-workflow reset (3.390755ms)
✔ UI clears retained live-input errors when Clear Queue resets file workflow to empty (2.181575ms)
✔ UI clears retained live-input errors when removing the last queued file resets file workflow to empty (1.790566ms)
✔ UI refreshAllUiText keeps file-mode status and selector copy honest in idle and loaded states (2.471471ms)
✔ UI source selector copy reflects support, requesting, active, and error truth (4.144841ms)
✔ UI disables file-only controls with clear file-mode-only affordances in live workflows (1.990888ms)
✔ first-run load hint hides when a file source becomes active (0.964482ms)
✔ first-run load hint hides when microphone input becomes active (0.689038ms)
✔ first-run load hint hides when stream input becomes active (0.648667ms)
✔ first-run load hint stays visible while microphone permission is still being requested (0.646483ms)
✔ first-run load hint stays visible while stream permission is still being requested (0.641877ms)
✔ first-run load hint stays visible after denied live-source activation errors (1.278805ms)
✔ first-run load hint stays hidden after a successful live session returns to idle file workflow (0.773464ms)
✔ UI keeps queue panel recoverable across live source switches and audio panel hiding (1.605317ms)
✔ UI finalizing locks destructive file transport actions while leaving non-destructive file controls available (1.115459ms)
✔ UI refreshes an already-open queue when recording enters finalizing (1.229981ms)
✔ UI re-enables an already-open queue when recording leaves finalizing (1.192526ms)
✔ UI finalizing blocks destructive file transport interactions and keeps file workflow state stable (1.537996ms)
✔ UI restores the recording panel after global hide when it was previously visible (1.129992ms)
✔ UI keeps the recording launcher reachable after global hide when the panel was already hidden (0.966716ms)
✔ UI workspace launcher toggles panels and active states without hiding launchers (0.897852ms)
✔ UI workspace launcher collapse keeps the shell recoverable (0.960726ms)
✔ dynamic Orb editor keeps stable card identity across UI refresh (1.144263ms)
✔ dynamic Orb editor does not retain fixed-slot controls (1.048088ms)
✔ global view toggle restores the prior panel selection and disclosure keys do not pause simulation (1.047537ms)
✔ UI blocks live-source switching during active recording without touching the active source session (1.090962ms)
✔ UI refreshRecordingUi renders source-aware recording copy across file and live workflows (5.163014ms)
✔ RecorderEngine.start allows an active microphone source without file transport state (0.740465ms)
✔ RecorderEngine.start merges live stream audio even when no file transport is loaded (0.509977ms)
✔ RecorderEngine.start keeps active stream capture video-only when recording audio is disabled (0.311399ms)
✔ UI.getRecordingUiModel allows active stream sessions to start recording without a loaded file (0.25248ms)
✔ prepareWatchBuild creates clean build output directories (16.973597ms)
✔ Spectral Ring presentation has one Visualizers owner while shared colors live in Scene (0.603398ms)
✔ 115L exposes one Scene color owner and removes the active Bands shell (0.358489ms)
✔ preset sanitation uses Scene color and Spectral Ring line limit owners (0.167683ms)
✔ Copy Share Link writes the canonical schema-10 hash and reports only in Settings (3.319418ms)
✔ Share clipboard fallback retains the URL and reports only in Settings (1.618307ms)
✔ Apply URL Preset uses canonical apply, conditional BandBank rebuild and Settings feedback (2.173192ms)
✔ missing and invalid URL presets report only in Settings and retain preferences (1.531116ms)
✔ Reset All Settings restores complete CONFIG defaults and reports only in Settings (1.861032ms)
✔ Scene control commits use Settings feedback while Bulk Orb commits use Visualizers feedback (2.431902ms)
✔ M.H Analysis edits report only through Analysis, including validation and band rebuild options (2.688989ms)
✔ M.H repeat, mute and volume use the existing Audio toast and restore source status after expiry (4.013293ms)
✔ M.H individual Orb and Spectral Ring edits emit only Visualizer feedback (2.020983ms)
✔ M.H generic preference application is status-neutral and internal synchronization stays silent (2.024649ms)
✔ Settings toasts survive applyPrefs, replace prior timers, and restore the default lane (1.910347ms)
✔ hashchange preset application also reports through Settings without an Orb toast (1.502422ms)
✔ Visualizers bulk motion.angularSpeedRadPerSec reports mixed and applies canonically to every Orb (2.034463ms)
✔ Visualizers bulk response.minRadiusFrac reports mixed and applies canonically to every Orb (3.8058ms)
✔ Visualizers bulk response.maxRadiusFrac reports mixed and applies canonically to every Orb (2.325582ms)
✔ Visualizers bulk response.waveformRadialDisplaceFrac reports mixed and applies canonically to every Orb (2.136758ms)
✔ Visualizers bulk trace.lines reports mixed and applies canonically to every Orb (1.794622ms)
✔ Visualizers bulk trace.numLines reports mixed and applies canonically to every Orb (1.995044ms)
✔ Visualizers bulk trace.lineColorMode reports mixed and applies canonically to every Orb (1.621021ms)
✔ Visualizers bulk particles.emitPerSecond reports mixed and applies canonically to every Orb (1.842825ms)
✔ Visualizers bulk particles.sizeMaxPx reports mixed and applies canonically to every Orb (1.782464ms)
✔ Visualizers bulk particles.sizeMinPx reports mixed and applies canonically to every Orb (1.763976ms)
✔ Visualizers bulk particles.sizeToMinSec reports mixed and applies canonically to every Orb (1.8663ms)
✔ Visualizers bulk particles.ttlSec reports mixed and applies canonically to every Orb (1.89954ms)
✔ Ring and persistent-ID Orb Edit open existing editors inside Visualizers (2.605784ms)
✔ collection actions create and remove local editors and recover focus through zero Orbs (7.124863ms)
✔ M.C relocated Orb roots, disclosure, picker, focus and scroll survive normal commits (4.592335ms)
✔ Visualizers tooltip discovery includes Ring, bulk and newly added Orb controls exactly once (8.213576ms)
✔ Visualizers focus round-trip and H/View restore the same layout with local editors (3.102071ms)
✔ RC-13: queue removal retains neighboring action focus and empty queue restores Hide (2.819466ms)
✔ RC-13: queue activation/refresh preserves row focus and never steals outside focus (3.159517ms)
✔ RC-12: picker admits empty MIME to canonical activation (1.835854ms)
✔ RC-12: picker admits application/ogg to canonical activation (1.517715ms)
✔ RC-12: picker admits application/octet-stream to canonical activation (1.361701ms)
✔ RC-12: picker admits video/mp4 to canonical activation (1.365126ms)
✔ RC-12: picker admits audio/wav to canonical activation (1.548251ms)
✔ RC-12: picker decoder failure remains truthful for admitted metadata (2.156917ms)
✔ RC-12: drop admits empty MIME to canonical activation (1.405496ms)
✔ RC-12: drop admits application/ogg to canonical activation (1.372296ms)
✔ RC-12: drop admits application/octet-stream to canonical activation (1.113146ms)
✔ RC-12: drop admits video/mp4 to canonical activation (1.21526ms)
✔ RC-12: drop admits audio/wav to canonical activation (1.218154ms)
✔ RC-12: drop decoder failure remains truthful for admitted metadata (1.498216ms)
✔ RC-02: clear during delayed context resume leaves an empty workflow (2.421706ms)
✔ RC-02: final-remove during delayed context resume leaves an empty workflow (1.329632ms)
✔ RC-02: Clear during delayed load-time play resolve ignores stale commits and callbacks (2.581958ms)
✔ RC-02: Clear during delayed load-time play reject ignores stale commits and callbacks (1.93272ms)
✔ RC-02: two-file picker batch cannot repopulate after Clear (1.581281ms)
✔ RC-02: two-file drop batch cannot repopulate after Clear (1.448551ms)
✔ RC-02: ordinary single file still loads, plays, and notifies recording (1.888473ms)
✔ RC-02: ordinary A/B/C picker batch preserves order and first activation (1.887181ms)
✔ RC-02: picker B/C appends once without replacing active A (21.191498ms)
✔ RC-02: ordinary A/B/C drop batch preserves order and first activation (1.750706ms)
✔ RC-02: drop B/C appends once without replacing active A (1.430754ms)
✔ RC-02: a new user action can load normally after cancellation (1.92638ms)
✔ Ring commits retain the singleton editor and truthful inventory visibility (2.375076ms)
✔ RC-05: next track defers during finalization and loads/plays exactly once after completion (23.968008ms)
✔ RC-05: Repeat One defers during finalization and loads/plays exactly once after completion (2.701999ms)
✔ RC-05: Repeat All defers during finalization and loads/plays exactly once after completion (2.767728ms)
✔ RC-05: no-next/repeat-off clears pending ownership before reentrant and repeated refresh (2.033852ms)
✔ RC-05: export failure still releases EOF without overwriting recording error (2.529659ms)
✔ RC-05: stale pending EOF is discarded after queue-file (2.638432ms)
✔ RC-05: stale pending EOF is discarded after media-element (1.365246ms)
✔ RC-05: stale pending EOF is discarded after live-workflow (1.606609ms)
✔ RC-05: stale pending EOF is discarded after teardown (1.592568ms)
✔ RC-05: stale pending EOF is discarded after clear (1.499528ms)
✔ RC-05: stale pending EOF is discarded after replacement (1.768383ms)
✔ RC-05: repeat one is captured at EOF despite later preference none (2.561977ms)
✔ RC-05: repeat none is captured at EOF despite later preference one (2.125771ms)
✔ RC-05: repeat all is captured at EOF despite later preference none (2.168455ms)
✔ RC-05: ordinary EOF in idle advances immediately through normal File ownership (1.828263ms)
✔ RC-05: ordinary EOF in recording advances immediately through normal File ownership (1.911689ms)
✔ RC-05: ordinary EOF in complete advances immediately through normal File ownership (1.607229ms)
✔ RC-05: ordinary EOF in error advances immediately through normal File ownership (2.29168ms)
✔ RC-15 phase 3: tooltip discovery indexes labels once while preserving associations and listener identity (5.77118ms)
✔ current visualizers have stable identities and deterministic overlay-before-orb composition (0.391049ms)
✔ Orb adapter consumes AnalysisFrame routing and preserves pause and selected-band semantics (0.323127ms)
✔ selected Orb analysis routes L/R/C spectra and preserves first-band tie semantics (0.230427ms)
✔ ColorPolicy scopes only inherited dominant color to a selected target (0.254754ms)
✔ Orb visualizer passes selected dominant context through Orb.step into inherited particle color (0.285089ms)
✔ Spectral Ring updates while simulation is paused and preserves free and orb phase modes (0.305921ms)
✔ Spectral Ring enablement controls render without introducing separate state (0.393242ms)
✔ visuals and track resets retain their distinct phase and trail contracts (0.255695ms)
✔ rebuild disposes old participants exactly once and wraps only current Orb objects (0.213722ms)
✔ reconcile retains surviving adapters, disposes removals once, and reorders by Orb order (0.207543ms)
✔ zero-Orb orb-locked Spectral Ring remains stable and resets safely (0.084077ms)
✔ inventory follows runtime order across Spectral Ring and zero/one/two/N Orbs (0.209495ms)
✔ inventory reports lifecycle visibility, Orb targets, and unknown types truthfully (0.158969ms)
✔ panel refresh is reference-guarded, responds to replacement, and keeps Add Orb available at zero (0.470438ms)
✔ panel initialization is idempotent and Add Orb wires once (0.282135ms)
✔ Orb management uses stable IDs, confirmation, and excludes non-Orb rows (0.4582ms)
✔ RC-15 phase 3: refused Add/Duplicate at admission ceiling preserve focused DOM and collection (32.70973ms)
ℹ tests 303
ℹ suites 0
ℹ pass 303
ℹ fail 0
ℹ cancelled 0
ℹ skipped 0
ℹ todo 0
ℹ duration_ms 1269.707568
