✖ RC-15 phase 3: Add/Duplicate refuse at cap before reading identities; no persistent or runtime change (1.99239ms)
ℹ tests 1
ℹ suites 0
ℹ pass 0
ℹ fail 1
ℹ cancelled 0
ℹ skipped 0
ℹ todo 0
ℹ duration_ms 24.864933

✖ failing tests:

test at tests/rc15-phase3.test.js:87:1
✖ RC-15 phase 3: Add/Duplicate refuse at cap before reading identities; no persistent or runtime change (1.99239ms)
  AssertionError [ERR_ASSERTION]: allocation must not scan at cap
      at Array.get (file:///workspace/Auralprint1/tests/rc15-phase3.test.js:90:86)
      at Array Iterator.next (<anonymous>)
      at largestOrbSuffix (file:///workspace/Auralprint1/src/js/core/orb-collection.js:14:14)
      at allocateOrbId (file:///workspace/Auralprint1/src/js/core/orb-collection.js:30:16)
      at createOrb (file:///workspace/Auralprint1/src/js/core/orb-collection.js:61:14)
      at TestContext.<anonymous> (file:///workspace/Auralprint1/tests/rc15-phase3.test.js:91:18)
      at Test.runInAsyncScope (node:async_hooks:227:14)
      at Test.run (node:internal/test_runner/test:1382:25)
      at Test.start (node:internal/test_runner/test:1242:17)
      at startSubtestAfterBootstrap (node:internal/test_runner/harness:387:17) {
    generatedMessage: false,
    code: 'ERR_ASSERTION',
    actual: undefined,
    expected: undefined,
    operator: 'fail',
    diff: 'simple'
  }
