✖ RC-15 phase 3: runtime admission fails before disposal, construction, synchronization or history loss (7.317319ms)
ℹ tests 1
ℹ suites 0
ℹ pass 0
ℹ fail 1
ℹ cancelled 0
ℹ skipped 0
ℹ todo 0
ℹ duration_ms 42.498365

✖ failing tests:

test at tests/rc15-phase3.test.js:116:1
✖ RC-15 phase 3: runtime admission fails before disposal, construction, synchronization or history loss (7.317319ms)
  AssertionError [ERR_ASSERTION]: The "overLimit" validation function is expected to return "true". Received false

  Caught error:

  Error: must not instantiate
      at TestContext.<anonymous> (file:///workspace/Auralprint1/tests/rc15-phase3.test.js:122:14)
      at Test.runInAsyncScope (node:async_hooks:227:14)
      at Test.run (node:internal/test_runner/test:1382:25)
      at Test.start (node:internal/test_runner/test:1242:17)
      at startSubtestAfterBootstrap (node:internal/test_runner/harness:387:17) {
    generatedMessage: true,
    code: 'ERR_ASSERTION',
    actual: Error: must not instantiate
        at Array.get (file:///workspace/Auralprint1/tests/rc15-phase3.test.js:120:85)
        at Array Iterator.next (<anonymous>)
        at rebuild (file:///workspace/Auralprint1/src/js/render/visualizer-runtime.js:124:16)
        at file:///workspace/Auralprint1/tests/rc15-phase3.test.js:122:25
        at getActual (node:assert:611:5)
        at strict.throws (node:assert:759:24)
        at TestContext.<anonymous> (file:///workspace/Auralprint1/tests/rc15-phase3.test.js:122:14)
        at Test.runInAsyncScope (node:async_hooks:227:14)
        at Test.run (node:internal/test_runner/test:1382:25)
        at Test.start (node:internal/test_runner/test:1242:17),
    expected: [Function: overLimit],
    operator: 'throws',
    diff: 'simple'
  }
