✖ RC-15 phase 3: duplicate-heavy repair is linear in identity reads and preserves late IDs/huge suffixes (13615.797119ms)
ℹ tests 1
ℹ suites 0
ℹ pass 0
ℹ fail 1
ℹ cancelled 0
ℹ skipped 0
ℹ todo 0
ℹ duration_ms 13648.026002

✖ failing tests:

test at tests/rc15-phase3.test.js:103:1
✖ RC-15 phase 3: duplicate-heavy repair is linear in identity reads and preserves late IDs/huge suffixes (13615.797119ms)
  AssertionError [ERR_ASSERTION]: identity reads 33570812 exceed linear reservation bound
      at TestContext.<anonymous> (file:///workspace/Auralprint1/tests/rc15-phase3.test.js:107:10)
      at Test.runInAsyncScope (node:async_hooks:227:14)
      at Test.run (node:internal/test_runner/test:1382:25)
      at Test.start (node:internal/test_runner/test:1242:17)
      at startSubtestAfterBootstrap (node:internal/test_runner/harness:387:17) {
    generatedMessage: false,
    code: 'ERR_ASSERTION',
    actual: false,
    expected: true,
    operator: '==',
    diff: 'simple'
  }
