✖ RC-15 phase 3: normal rendering preserves coordinates, size/age/fade, chronological suffix and trace colors without arrays (3.994075ms)
ℹ tests 1
ℹ suites 0
ℹ pass 0
ℹ fail 1
ℹ cancelled 0
ℹ skipped 0
ℹ todo 0
ℹ duration_ms 37.27895

✖ failing tests:

test at tests/rc15-phase3.test.js:131:1
✖ RC-15 phase 3: normal rendering preserves coordinates, size/age/fade, chronological suffix and trace colors without arrays (3.994075ms)
  AssertionError [ERR_ASSERTION]: render must not materialize trail arrays
      at orb.trail.particles.slice (file:///workspace/Auralprint1/tests/rc15-phase3.test.js:136:43)
      at drawTrailLines (file:///workspace/Auralprint1/src/js/render/renderer.js:39:38)
      at Object.drawOrb (file:///workspace/Auralprint1/src/js/render/renderer.js:166:5)
      at TestContext.<anonymous> (file:///workspace/Auralprint1/tests/rc15-phase3.test.js:139:16)
      at Test.runInAsyncScope (node:async_hooks:227:14)
      at Test.run (node:internal/test_runner/test:1382:25)
      at Test.start (node:internal/test_runner/test:1242:17)
      at startSubtestAfterBootstrap (node:internal/test_runner/harness:387:17) {
    generatedMessage: false,
    code: 'ERR_ASSERTION',
    actual: undefined,
    expected: undefined,
    operator: 'fail',
    diff: 'simple'
  }
