✖ RC-15 phase 3: tooltip discovery indexes labels once while preserving associations and listener identity (33.439328ms)
ℹ tests 1
ℹ suites 0
ℹ pass 0
ℹ fail 1
ℹ cancelled 0
ℹ skipped 0
ℹ todo 0
ℹ duration_ms 97.781653

✖ failing tests:

test at tests/targeted-audit.test.js:4048:1
✖ RC-15 phase 3: tooltip discovery indexes labels once while preserving associations and listener identity (33.439328ms)
  AssertionError [ERR_ASSERTION]: one label index per collection discovery

  67 !== 1

      at file:///workspace/Auralprint1/tests/targeted-audit.test.js:4059:12
      at withSettingsActionHarness (file:///workspace/Auralprint1/tests/targeted-audit.test.js:3127:11)
      at TestContext.<anonymous> (file:///workspace/Auralprint1/tests/targeted-audit.test.js:4049:9)
      at Test.runInAsyncScope (node:async_hooks:227:14)
      at Test.run (node:internal/test_runner/test:1382:25)
      at Test.start (node:internal/test_runner/test:1242:17)
      at startSubtestAfterBootstrap (node:internal/test_runner/harness:387:17) {
    generatedMessage: false,
    code: 'ERR_ASSERTION',
    actual: 67,
    expected: 1,
    operator: 'strictEqual',
    diff: 'simple'
  }
