✖ RC-15 phase 2: exact aggregate frame limit with 256 accepted Orbs (21.247407ms)
ℹ tests 1
ℹ suites 0
ℹ pass 0
ℹ fail 1
ℹ cancelled 0
ℹ skipped 0
ℹ todo 0
ℹ duration_ms 52.09741

✖ failing tests:

test at tests/rc15-phase2.test.js:61:3
✖ RC-15 phase 2: exact aggregate frame limit with 256 accepted Orbs (21.247407ms)
  AssertionError [ERR_ASSERTION]: Expected values to be strictly equal:

  1024 !== 512

      at TestContext.<anonymous> (file:///workspace/Auralprint1/tests/rc15-phase2.test.js:69:16)
      at Test.runInAsyncScope (node:async_hooks:227:14)
      at Test.run (node:internal/test_runner/test:1382:25)
      at Test.start (node:internal/test_runner/test:1242:17)
      at startSubtestAfterBootstrap (node:internal/test_runner/harness:387:17) {
    generatedMessage: true,
    code: 'ERR_ASSERTION',
    actual: 1024,
    expected: 512,
    operator: 'strictEqual',
    diff: 'simple'
  }
