✖ RC-15 phase 3: runtime admission fails before disposal, construction, synchronization or history loss (3.342674ms)
ℹ tests 1
ℹ suites 0
ℹ pass 0
ℹ fail 1
ℹ cancelled 0
ℹ skipped 0
ℹ todo 0
ℹ duration_ms 35.042527

✖ failing tests:

test at tests/rc15-phase3.test.js:116:1
✖ RC-15 phase 3: runtime admission fails before disposal, construction, synchronization or history loss (3.342674ms)
  AssertionError [ERR_ASSERTION]: Missing expected exception.
      at TestContext.<anonymous> (file:///workspace/Auralprint1/tests/rc15-phase3.test.js:123:14)
      at Test.runInAsyncScope (node:async_hooks:227:14)
      at Test.run (node:internal/test_runner/test:1382:25)
      at Test.start (node:internal/test_runner/test:1242:17)
      at startSubtestAfterBootstrap (node:internal/test_runner/harness:387:17) {
    generatedMessage: false,
    code: 'ERR_ASSERTION',
    actual: undefined,
    expected: /identities must be unique/,
    operator: 'throws',
    diff: 'simple'
  }
