✖ RC-15 phase 2: denied whole demand is discarded while fractional remainder stays smooth (8.269674ms)
ℹ tests 1
ℹ suites 0
ℹ pass 0
ℹ fail 1
ℹ cancelled 0
ℹ skipped 0
ℹ todo 0
ℹ duration_ms 41.69519

✖ failing tests:

test at tests/rc15-phase2.test.js:158:1
✖ RC-15 phase 2: denied whole demand is discarded while fractional remainder stays smooth (8.269674ms)
  AssertionError [ERR_ASSERTION]: The expression evaluated to a falsy value:

    assert.ok(s.orbs.every(orb => orb.trail.emitAccumulator === (i % 2 ? 0 : .5)))

      at TestContext.<anonymous> (file:///workspace/Auralprint1/tests/rc15-phase2.test.js:163:14)
      at Test.runInAsyncScope (node:async_hooks:227:14)
      at Test.run (node:internal/test_runner/test:1382:25)
      at Test.start (node:internal/test_runner/test:1242:17)
      at startSubtestAfterBootstrap (node:internal/test_runner/harness:387:17) {
    generatedMessage: true,
    code: 'ERR_ASSERTION',
    actual: false,
    expected: true,
    operator: '==',
    diff: 'simple'
  }
