✖ RC-08: bins below the aligned 22.5 kHz top boundary cannot energize a targeted Orb (3.164054ms)
✖ RC-08: correct FFT geometry preserves inclusive adjacent overlap and final-bin clamping (1.488196ms)
ℹ tests 2
ℹ suites 0
ℹ pass 0
ℹ fail 2
ℹ cancelled 0
ℹ skipped 0
ℹ todo 0
ℹ duration_ms 12.931487

✖ failing tests:

test at tests/fft-coordinate.test.js:17:1
✖ RC-08: bins below the aligned 22.5 kHz top boundary cannot energize a targeted Orb (3.164054ms)
  AssertionError [ERR_ASSERTION]: Expected values to be strictly equal:
  + actual - expected
  
  + 0.14285714285714285
  - 0.125
       ^
  
      at TestContext.<anonymous> (file:///workspace/Auralprint1/tests/fft-coordinate.test.js:27:14)
      at Test.runInAsyncScope (node:async_hooks:227:14)
      at Test.run (node:internal/test_runner/test:1382:25)
      at Test.start (node:internal/test_runner/test:1242:17)
      at startSubtestAfterBootstrap (node:internal/test_runner/harness:387:17) {
    generatedMessage: true,
    code: 'ERR_ASSERTION',
    actual: 0.14285714285714285,
    expected: 0.125,
    operator: 'strictEqual',
    diff: 'simple'
  }

test at tests/fft-coordinate.test.js:32:1
✖ RC-08: correct FFT geometry preserves inclusive adjacent overlap and final-bin clamping (1.488196ms)
  AssertionError [ERR_ASSERTION]: Expected values to be strictly deep-equal:
  + actual - expected
  
    [
  -   0.3333333333333333,
  -   0.2,
      0,
  +   0.25,
  +   0
    ]
  
      at TestContext.<anonymous> (file:///workspace/Auralprint1/tests/fft-coordinate.test.js:43:14)
      at Test.runInAsyncScope (node:async_hooks:227:14)
      at Test.run (node:internal/test_runner/test:1382:25)
      at Test.processPendingSubtests (node:internal/test_runner/test:960:18)
      at Test.postRun (node:internal/test_runner/test:1522:19)
      at Test.run (node:internal/test_runner/test:1447:12)
      at async startSubtestAfterBootstrap (node:internal/test_runner/harness:387:3) {
    generatedMessage: true,
    code: 'ERR_ASSERTION',
    actual: [Array],
    expected: [Array],
    operator: 'deepStrictEqual',
    diff: 'simple'
  }
