✖ RC-14: touchcancel terminates touch drag ownership before unrelated moves (4.255425ms)
✔ RC-14: touchend terminates touch drag ownership before unrelated moves (2.350072ms)
✔ RC-14: reset terminates touch drag ownership before unrelated moves (0.270627ms)
✔ RC-14: load terminates touch drag ownership before unrelated moves (0.779942ms)
✔ RC-14: init terminates touch drag ownership before unrelated moves (0.222775ms)
ℹ tests 5
ℹ suites 0
ℹ pass 4
ℹ fail 1
ℹ cancelled 0
ℹ skipped 0
ℹ todo 0
ℹ duration_ms 16.759634

✖ failing tests:

test at tests/scrubber-drag-ownership.test.js:19:3
✖ RC-14: touchcancel terminates touch drag ownership before unrelated moves (4.255425ms)
  AssertionError [ERR_ASSERTION]: Expected values to be strictly equal:

  true !== false

      at TestContext.<anonymous> (file:///workspace/Auralprint1/tests/scrubber-drag-ownership.test.js:35:14)
      at Test.runInAsyncScope (node:async_hooks:227:14)
      at Test.run (node:internal/test_runner/test:1382:25)
      at Test.start (node:internal/test_runner/test:1242:17)
      at startSubtestAfterBootstrap (node:internal/test_runner/harness:387:17) {
    generatedMessage: true,
    code: 'ERR_ASSERTION',
    actual: true,
    expected: false,
    operator: 'strictEqual',
    diff: 'simple'
  }
