✔ RC-14: touchcancel terminates touch drag ownership before unrelated moves (2.575339ms)
✔ RC-14: touchend terminates touch drag ownership before unrelated moves (1.69057ms)
✔ RC-14: reset terminates touch drag ownership before unrelated moves (0.387503ms)
✖ RC-14: load terminates touch drag ownership before unrelated moves (1.394556ms)
✔ RC-14: init terminates touch drag ownership before unrelated moves (0.278128ms)
ℹ tests 5
ℹ suites 0
ℹ pass 4
ℹ fail 1
ℹ cancelled 0
ℹ skipped 0
ℹ todo 0
ℹ duration_ms 14.503984

✖ failing tests:

test at tests/scrubber-drag-ownership.test.js:19:3
✖ RC-14: load terminates touch drag ownership before unrelated moves (1.394556ms)
  AssertionError [ERR_ASSERTION]: Expected values to be strictly equal:
  
  true !== false
  
      at TestContext.<anonymous> (file:///workspace/Auralprint1/tests/scrubber-drag-ownership.test.js:35:14)
      at async Test.run (node:internal/test_runner/test:1389:7)
      at async Test.processPendingSubtests (node:internal/test_runner/test:960:7) {
    generatedMessage: true,
    code: 'ERR_ASSERTION',
    actual: true,
    expected: false,
    operator: 'strictEqual',
    diff: 'simple'
  }
